Archive member included to satisfy reference by file (symbol)

c:/program files (x86)/atmel/studio/7.0/toolchain/arm/arm-gnu-toolchain/bin/../lib/gcc/arm-none-eabi/6.3.1/../../../../arm-none-eabi/lib/thumb/v7e-m\libc.a(lib_a-exit.o)
                              c:/program files (x86)/atmel/studio/7.0/toolchain/arm/arm-gnu-toolchain/bin/../lib/gcc/arm-none-eabi/6.3.1/../../../../arm-none-eabi/lib/thumb/v7e-m/crt0.o (exit)
c:/program files (x86)/atmel/studio/7.0/toolchain/arm/arm-gnu-toolchain/bin/../lib/gcc/arm-none-eabi/6.3.1/../../../../arm-none-eabi/lib/thumb/v7e-m\libc.a(lib_a-impure.o)
                              c:/program files (x86)/atmel/studio/7.0/toolchain/arm/arm-gnu-toolchain/bin/../lib/gcc/arm-none-eabi/6.3.1/../../../../arm-none-eabi/lib/thumb/v7e-m\libc.a(lib_a-exit.o) (_global_impure_ptr)
c:/program files (x86)/atmel/studio/7.0/toolchain/arm/arm-gnu-toolchain/bin/../lib/gcc/arm-none-eabi/6.3.1/../../../../arm-none-eabi/lib/thumb/v7e-m\libc.a(lib_a-init.o)
                              c:/program files (x86)/atmel/studio/7.0/toolchain/arm/arm-gnu-toolchain/bin/../lib/gcc/arm-none-eabi/6.3.1/../../../../arm-none-eabi/lib/thumb/v7e-m/crt0.o (__libc_init_array)
c:/program files (x86)/atmel/studio/7.0/toolchain/arm/arm-gnu-toolchain/bin/../lib/gcc/arm-none-eabi/6.3.1/../../../../arm-none-eabi/lib/thumb/v7e-m\libc.a(lib_a-iprintf.o)
                              src/ASF/sam/drivers/adc/adc.o (iprintf)
c:/program files (x86)/atmel/studio/7.0/toolchain/arm/arm-gnu-toolchain/bin/../lib/gcc/arm-none-eabi/6.3.1/../../../../arm-none-eabi/lib/thumb/v7e-m\libc.a(lib_a-memset.o)
                              c:/program files (x86)/atmel/studio/7.0/toolchain/arm/arm-gnu-toolchain/bin/../lib/gcc/arm-none-eabi/6.3.1/../../../../arm-none-eabi/lib/thumb/v7e-m/crt0.o (memset)
c:/program files (x86)/atmel/studio/7.0/toolchain/arm/arm-gnu-toolchain/bin/../lib/gcc/arm-none-eabi/6.3.1/../../../../arm-none-eabi/lib/thumb/v7e-m\libc.a(lib_a-puts.o)
                              src/ASF/sam/drivers/adc/adc.o (puts)
c:/program files (x86)/atmel/studio/7.0/toolchain/arm/arm-gnu-toolchain/bin/../lib/gcc/arm-none-eabi/6.3.1/../../../../arm-none-eabi/lib/thumb/v7e-m\libc.a(lib_a-rget.o)
                              src/main.o (__srget_r)
c:/program files (x86)/atmel/studio/7.0/toolchain/arm/arm-gnu-toolchain/bin/../lib/gcc/arm-none-eabi/6.3.1/../../../../arm-none-eabi/lib/thumb/v7e-m\libc.a(lib_a-setbuf.o)
                              src/main.o (setbuf)
c:/program files (x86)/atmel/studio/7.0/toolchain/arm/arm-gnu-toolchain/bin/../lib/gcc/arm-none-eabi/6.3.1/../../../../arm-none-eabi/lib/thumb/v7e-m\libc.a(lib_a-setvbuf.o)
                              c:/program files (x86)/atmel/studio/7.0/toolchain/arm/arm-gnu-toolchain/bin/../lib/gcc/arm-none-eabi/6.3.1/../../../../arm-none-eabi/lib/thumb/v7e-m\libc.a(lib_a-setbuf.o) (setvbuf)
c:/program files (x86)/atmel/studio/7.0/toolchain/arm/arm-gnu-toolchain/bin/../lib/gcc/arm-none-eabi/6.3.1/../../../../arm-none-eabi/lib/thumb/v7e-m\libc.a(lib_a-sprintf.o)
                              src/main.o (sprintf)
c:/program files (x86)/atmel/studio/7.0/toolchain/arm/arm-gnu-toolchain/bin/../lib/gcc/arm-none-eabi/6.3.1/../../../../arm-none-eabi/lib/thumb/v7e-m\libc.a(lib_a-strlen.o)
                              c:/program files (x86)/atmel/studio/7.0/toolchain/arm/arm-gnu-toolchain/bin/../lib/gcc/arm-none-eabi/6.3.1/../../../../arm-none-eabi/lib/thumb/v7e-m\libc.a(lib_a-puts.o) (strlen)
c:/program files (x86)/atmel/studio/7.0/toolchain/arm/arm-gnu-toolchain/bin/../lib/gcc/arm-none-eabi/6.3.1/../../../../arm-none-eabi/lib/thumb/v7e-m\libc.a(lib_a-svfprintf.o)
                              c:/program files (x86)/atmel/studio/7.0/toolchain/arm/arm-gnu-toolchain/bin/../lib/gcc/arm-none-eabi/6.3.1/../../../../arm-none-eabi/lib/thumb/v7e-m\libc.a(lib_a-sprintf.o) (_svfprintf_r)
c:/program files (x86)/atmel/studio/7.0/toolchain/arm/arm-gnu-toolchain/bin/../lib/gcc/arm-none-eabi/6.3.1/../../../../arm-none-eabi/lib/thumb/v7e-m\libc.a(lib_a-vfiprintf.o)
                              c:/program files (x86)/atmel/studio/7.0/toolchain/arm/arm-gnu-toolchain/bin/../lib/gcc/arm-none-eabi/6.3.1/../../../../arm-none-eabi/lib/thumb/v7e-m\libc.a(lib_a-iprintf.o) (_vfiprintf_r)
c:/program files (x86)/atmel/studio/7.0/toolchain/arm/arm-gnu-toolchain/bin/../lib/gcc/arm-none-eabi/6.3.1/../../../../arm-none-eabi/lib/thumb/v7e-m\libc.a(lib_a-wsetup.o)
                              c:/program files (x86)/atmel/studio/7.0/toolchain/arm/arm-gnu-toolchain/bin/../lib/gcc/arm-none-eabi/6.3.1/../../../../arm-none-eabi/lib/thumb/v7e-m\libc.a(lib_a-vfiprintf.o) (__swsetup_r)
c:/program files (x86)/atmel/studio/7.0/toolchain/arm/arm-gnu-toolchain/bin/../lib/gcc/arm-none-eabi/6.3.1/../../../../arm-none-eabi/lib/thumb/v7e-m\libc.a(lib_a-__call_atexit.o)
[...]
Memory Configuration

Name             Origin             Length             Attributes
rom              0x00400000         0x00200000         xr
ram              0x20000000         0x00028000         xrw
*default*        0x00000000         0xffffffff

Linker script and memory map

LOAD c:/program files (x86)/atmel/studio/7.0/toolchain/arm/arm-gnu-toolchain/bin/../lib/gcc/arm-none-eabi/6.3.1/thumb/v7e-m/crti.o
LOAD c:/program files (x86)/atmel/studio/7.0/toolchain/arm/arm-gnu-toolchain/bin/../lib/gcc/arm-none-eabi/6.3.1/thumb/v7e-m/crtbegin.o
LOAD c:/program files (x86)/atmel/studio/7.0/toolchain/arm/arm-gnu-toolchain/bin/../lib/gcc/arm-none-eabi/6.3.1/../../../../arm-none-eabi/lib/thumb/v7e-m/crt0.o
LOAD src/ASF/common/utils/stdio/read.o
LOAD src/ASF/sam/drivers/adc/adc.o
LOAD src/ASF/sam/drivers/adc/adc_sam3u.o
LOAD src/ASF/sam/drivers/ebi/smc/smc.o
LOAD src/ASF/sam/drivers/pwm/pwm.o
LOAD src/ASF/sam/drivers/tc/tc.o
LOAD src/ASF/sam/drivers/usart/usart.o
LOAD src/ASF/common/utils/stdio/write.o
LOAD src/ASF/common/services/serial/usart_serial.o
LOAD src/ASF/sam/drivers/uart/uart.o
LOAD src/ASF/common/services/clock/sam4s/sysclk.o
LOAD src/ASF/common/utils/interrupt/interrupt_sam_nvic.o
LOAD src/ASF/sam/boards/sam4s_ek2/init.o
LOAD src/ASF/sam/boards/sam4s_ek2/led.o
LOAD src/ASF/sam/drivers/pio/pio.o
LOAD src/ASF/sam/drivers/pio/pio_handler.o
LOAD src/ASF/sam/drivers/pmc/pmc.o
LOAD src/ASF/sam/drivers/pmc/sleep.o
LOAD src/ASF/sam/utils/cmsis/sam4s/source/templates/gcc/startup_sam4s.o
LOAD src/ASF/sam/utils/cmsis/sam4s/source/templates/system_sam4s.o
LOAD src/ASF/sam/utils/syscalls/gcc/syscalls.o
LOAD src/main.o
START GROUP
LOAD ../src/ASF/thirdparty/CMSIS/Lib/GCC\libarm_cortexM4l_math.a
LOAD c:/program files (x86)/atmel/studio/7.0/toolchain/arm/arm-gnu-toolchain/bin/../lib/gcc/arm-none-eabi/6.3.1/../../../../arm-none-eabi/lib/thumb/v7e-m\libm.a
END GROUP
START GROUP
LOAD c:/program files (x86)/atmel/studio/7.0/toolchain/arm/arm-gnu-toolchain/bin/../lib/gcc/arm-none-eabi/6.3.1/thumb/v7e-m\libgcc.a
LOAD c:/program files (x86)/atmel/studio/7.0/toolchain/arm/arm-gnu-toolchain/bin/../lib/gcc/arm-none-eabi/6.3.1/../../../../arm-none-eabi/lib/thumb/v7e-m\libc.a
END GROUP
LOAD c:/program files (x86)/atmel/studio/7.0/toolchain/arm/arm-gnu-toolchain/bin/../lib/gcc/arm-none-eabi/6.3.1/thumb/v7e-m/crtend.o
LOAD c:/program files (x86)/atmel/studio/7.0/toolchain/arm/arm-gnu-toolchain/bin/../lib/gcc/arm-none-eabi/6.3.1/thumb/v7e-m/crtn.o
                0x00003000                __stack_size__ = DEFINED (__stack_size__)?__stack_size__:0x3000
                0x20027ffc                __ram_end__ = ((ORIGIN (ram) + LENGTH (ram)) - 0x4)

.text           0x00400000     0x68dc
                0x00400000                . = ALIGN (0x4)
                0x00400000                _sfixed = .
 *(.vectors .vectors.*)
 .vectors       0x00400000       0xcc src/ASF/sam/utils/cmsis/sam4s/source/templates/gcc/startup_sam4s.o
                0x00400000                exception_table
 *(.text .text.* .gnu.linkonce.t.*)
 .text          0x004000cc       0x6c c:/program files (x86)/atmel/studio/7.0/toolchain/arm/arm-gnu-toolchain/bin/../lib/gcc/arm-none-eabi/6.3.1/thumb/v7e-m/crtbegin.o
 .text._read    0x00400138       0x3c src/ASF/common/utils/stdio/read.o
                0x00400138                _read
 .text.adc_init
                0x00400174       0x34 src/ASF/sam/drivers/adc/adc.o
                0x00400174                adc_init
 .text.adc_configure_trigger
                0x004001a8        0xe src/ASF/sam/drivers/adc/adc.o
                0x004001a8                adc_configure_trigger
 .text.adc_configure_timing
                0x004001b6       0x1c src/ASF/sam/drivers/adc/adc.o
                0x004001b6                adc_configure_timing
 .text.adc_start
                0x004001d2        0x6 src/ASF/sam/drivers/adc/adc.o
                0x004001d2                adc_start
 .text.adc_enable_channel
                0x004001d8        0xa src/ASF/sam/drivers/adc/adc.o
                0x004001d8                adc_enable_channel
 .text.adc_get_latest_value
                0x004001e2        0x4 src/ASF/sam/drivers/adc/adc.o
                0x004001e2                adc_get_latest_value
 .text.adc_enable_interrupt
                0x004001e6        0x4 src/ASF/sam/drivers/adc/adc.o
                0x004001e6                adc_enable_interrupt
 .text.adc_get_status
                0x004001ea        0x4 src/ASF/sam/drivers/adc/adc.o
                0x004001ea                adc_get_status
 .text.tc_init  0x004001ee       0x18 src/ASF/sam/drivers/tc/tc.o
                0x004001ee                tc_init
 .text.tc_start
                0x00400206        0x8 src/ASF/sam/drivers/tc/tc.o
                0x00400206                tc_start
 .text.tc_write_rc
                0x0040020e        0x8 src/ASF/sam/drivers/tc/tc.o
                0x0040020e                tc_write_rc
 .text.tc_enable_interrupt
                0x00400216        0x8 src/ASF/sam/drivers/tc/tc.o
                0x00400216                tc_enable_interrupt
 .text.tc_get_status
                0x0040021e        0x8 src/ASF/sam/drivers/tc/tc.o
                0x0040021e                tc_get_status
 .text.tc_find_mck_divisor
                0x00400226       0x70 src/ASF/sam/drivers/tc/tc.o
                0x00400226                tc_find_mck_divisor
 .text.usart_write
                0x00400296       0x14 src/ASF/sam/drivers/usart/usart.o
                0x00400296                usart_write
 .text.usart_read
                0x004002aa       0x18 src/ASF/sam/drivers/usart/usart.o
                0x004002aa                usart_read
 *fill*         0x004002c2        0x2 
 .text._write   0x004002c4       0x50 src/ASF/common/utils/stdio/write.o
                0x004002c4                _write
 .text.uart_init
                0x00400314       0x36 src/ASF/sam/drivers/uart/uart.o
                0x00400314                uart_init
 .text.uart_write
                0x0040034a       0x10 src/ASF/sam/drivers/uart/uart.o
                0x0040034a                uart_write
 .text.uart_read
                0x0040035a       0x12 src/ASF/sam/drivers/uart/uart.o
                0x0040035a                uart_read
 .text.sysclk_init
                0x0040036c       0x64 src/ASF/common/services/clock/sam4s/sysclk.o
                0x0040036c                sysclk_init
 .text.board_init
                0x004003d0      0x144 src/ASF/sam/boards/sam4s_ek2/init.o
                0x004003d0                board_init
 .text.pio_set  0x00400514        0x4 src/ASF/sam/drivers/pio/pio.o
                0x00400514                pio_set
 .text.pio_clear
                0x00400518        0x4 src/ASF/sam/drivers/pio/pio.o
                0x00400518                pio_clear
 .text.pio_set_peripheral
                0x0040051c       0x90 src/ASF/sam/drivers/pio/pio.o
                0x0040051c                pio_set_peripheral
 .text.pio_set_input
                0x004005ac       0x32 src/ASF/sam/drivers/pio/pio.o
                0x004005ac                pio_set_input
 .text.pio_set_output
                0x004005de       0x26 src/ASF/sam/drivers/pio/pio.o
                0x004005de                pio_set_output
 .text.pio_get_interrupt_status
                0x00400604        0x4 src/ASF/sam/drivers/pio/pio.o
                0x00400604                pio_get_interrupt_status
 .text.pio_get_interrupt_mask
                0x00400608        0x4 src/ASF/sam/drivers/pio/pio.o
                0x00400608                pio_get_interrupt_mask
 .text.pio_set_pin_low
                0x0040060c       0x1a src/ASF/sam/drivers/pio/pio.o
                0x0040060c                pio_set_pin_low
 .text.pio_toggle_pin
                0x00400626       0x20 src/ASF/sam/drivers/pio/pio.o
                0x00400626                pio_toggle_pin
 *fill*         0x00400646        0x2 
 .text.pio_configure_pin
                0x00400648      0x120 src/ASF/sam/drivers/pio/pio.o
                0x00400648                pio_configure_pin
 .text.pio_configure_pin_group
                0x00400768       0xd8 src/ASF/sam/drivers/pio/pio.o
                0x00400768                pio_configure_pin_group
 .text.pio_handler_process
                0x00400840       0x68 src/ASF/sam/drivers/pio/pio_handler.o
                0x00400840                pio_handler_process
 .text.PIOA_Handler
                0x004008a8       0x14 src/ASF/sam/drivers/pio/pio_handler.o
                0x004008a8                PIOA_Handler
 .text.PIOB_Handler
                0x004008bc       0x14 src/ASF/sam/drivers/pio/pio_handler.o
                0x004008bc                PIOB_Handler
 .text.PIOC_Handler
                0x004008d0       0x14 src/ASF/sam/drivers/pio/pio_handler.o
                0x004008d0                PIOC_Handler
 .text.pmc_switch_mck_to_pllack
                0x004008e4       0x64 src/ASF/sam/drivers/pmc/pmc.o
                0x004008e4                pmc_switch_mck_to_pllack
 .text.pmc_switch_mainck_to_xtal
                0x00400948       0x54 src/ASF/sam/drivers/pmc/pmc.o
                0x00400948                pmc_switch_mainck_to_xtal
 .text.pmc_osc_is_ready_mainck
                0x0040099c       0x10 src/ASF/sam/drivers/pmc/pmc.o
                0x0040099c                pmc_osc_is_ready_mainck
 .text.pmc_disable_pllack
                0x004009ac       0x10 src/ASF/sam/drivers/pmc/pmc.o
                0x004009ac                pmc_disable_pllack
 .text.pmc_is_locked_pllack
                0x004009bc       0x10 src/ASF/sam/drivers/pmc/pmc.o
                0x004009bc                pmc_is_locked_pllack
 .text.pmc_enable_periph_clk
                0x004009cc       0x54 src/ASF/sam/drivers/pmc/pmc.o
                0x004009cc                pmc_enable_periph_clk
 .text.Dummy_Handler
                0x00400a20        0x2 src/ASF/sam/utils/cmsis/sam4s/source/templates/gcc/startup_sam4s.o
                0x00400a20                DACC_Handler
                0x00400a20                DebugMon_Handler
                0x00400a20                HardFault_Handler
                0x00400a20                TC2_Handler
                0x00400a20                SPI_Handler
                0x00400a20                SysTick_Handler
                0x00400a20                TWI1_Handler
                0x00400a20                PendSV_Handler
                0x00400a20                NMI_Handler
                0x00400a20                CRCCU_Handler
                0x00400a20                USART0_Handler
                0x00400a20                RTT_Handler
                0x00400a20                EFC1_Handler
                0x00400a20                RTC_Handler
                0x00400a20                UsageFault_Handler
                0x00400a20                WDT_Handler
                0x00400a20                TC4_Handler
                0x00400a20                TC1_Handler
                0x00400a20                HSMCI_Handler
                0x00400a20                UART1_Handler
                0x00400a20                TC3_Handler
                0x00400a20                Dummy_Handler
                0x00400a20                TWI0_Handler
                0x00400a20                USART1_Handler
                0x00400a20                SSC_Handler
                0x00400a20                EFC0_Handler
                0x00400a20                ACC_Handler
                0x00400a20                PMC_Handler
                0x00400a20                PWM_Handler
                0x00400a20                MemManage_Handler
                0x00400a20                SUPC_Handler
                0x00400a20                SVC_Handler
                0x00400a20                UART0_Handler
                0x00400a20                UDP_Handler
                0x00400a20                BusFault_Handler
                0x00400a20                RSTC_Handler
                0x00400a20                TC5_Handler
 *fill*         0x00400a22        0x2 
 .text.Reset_Handler
                0x00400a24       0xac src/ASF/sam/utils/cmsis/sam4s/source/templates/gcc/startup_sam4s.o
                0x00400a24                Reset_Handler
 .text.SystemCoreClockUpdate
                0x00400ad0      0x110 src/ASF/sam/utils/cmsis/sam4s/source/templates/system_sam4s.o
                0x00400ad0                SystemCoreClockUpdate
 .text.system_init_flash
                0x00400be0       0x94 src/ASF/sam/utils/cmsis/sam4s/source/templates/system_sam4s.o
                0x00400be0                system_init_flash
 .text._sbrk    0x00400c74       0x38 src/ASF/sam/utils/syscalls/gcc/syscalls.o
                0x00400c74                _sbrk
 .text._close   0x00400cac        0x6 src/ASF/sam/utils/syscalls/gcc/syscalls.o
                0x00400cac                _close
 .text._fstat   0x00400cb2        0xa src/ASF/sam/utils/syscalls/gcc/syscalls.o
                0x00400cb2                _fstat
 .text._isatty  0x00400cbc        0x4 src/ASF/sam/utils/syscalls/gcc/syscalls.o
                0x00400cbc                _isatty
 .text._lseek   0x00400cc0        0x4 src/ASF/sam/utils/syscalls/gcc/syscalls.o
                0x00400cc0                _lseek
 .text.usart_serial_getchar
                0x00400cc4       0x88 src/main.o
 .text.usart_serial_putchar
                0x00400d4c       0x80 src/main.o
 .text.inicializacao_UART
                0x00400dcc       0x98 src/main.o
                0x00400dcc                inicializacao_UART
 .text.TC0_Handler
                0x00400e64       0x2c src/main.o
                0x00400e64                TC0_Handler
 .text.ADC_Handler
                0x00400e90       0xdc src/main.o
                0x00400e90                ADC_Handler
 .text.configure_adc
                0x00400f6c       0x7c src/main.o
                0x00400f6c                configure_adc
 .text.configure_pwm
                0x00400fe8       0x48 src/main.o
                0x00400fe8                configure_pwm
 .text.main     0x00401030       0xd4 src/main.o
                0x00401030                main
 .text.__libc_init_array
                0x00401104       0x50 c:/program files (x86)/atmel/studio/7.0/toolchain/arm/arm-gnu-toolchain/bin/../lib/gcc/arm-none-eabi/6.3.1/../../../../arm-none-eabi/lib/thumb/v7e-m\libc.a(lib_a-init.o)
                0x00401104                __libc_init_array
 .text.memset   0x00401154       0x9c c:/program files (x86)/atmel/studio/7.0/toolchain/arm/arm-gnu-toolchain/bin/../lib/gcc/arm-none-eabi/6.3.1/../../../../arm-none-eabi/lib/thumb/v7e-m\libc.a(lib_a-memset.o)
                0x00401154                memset
 .text._puts_r  0x004011f0       0x9c c:/program files (x86)/atmel/studio/7.0/toolchain/arm/arm-gnu-toolchain/bin/../lib/gcc/arm-none-eabi/6.3.1/../../../../arm-none-eabi/lib/thumb/v7e-m\libc.a(lib_a-puts.o)
                0x004011f0                _puts_r
 .text.puts     0x0040128c       0x10 c:/program files (x86)/atmel/studio/7.0/toolchain/arm/arm-gnu-toolchain/bin/../lib/gcc/arm-none-eabi/6.3.1/../../../../arm-none-eabi/lib/thumb/v7e-m\libc.a(lib_a-puts.o)
                0x0040128c                puts
 .text.setbuf   0x0040129c       0x10 c:/program files (x86)/atmel/studio/7.0/toolchain/arm/arm-gnu-toolchain/bin/../lib/gcc/arm-none-eabi/6.3.1/../../../../arm-none-eabi/lib/thumb/v7e-m\libc.a(lib_a-setbuf.o)
                0x0040129c                setbuf
 .text.setvbuf  0x004012ac      0x190 c:/program files (x86)/atmel/studio/7.0/toolchain/arm/arm-gnu-toolchain/bin/../lib/gcc/arm-none-eabi/6.3.1/../../../../arm-none-eabi/lib/thumb/v7e-m\libc.a(lib_a-setvbuf.o)
                0x004012ac                setvbuf
 .text.sprintf  0x0040143c       0x4c c:/program files (x86)/atmel/studio/7.0/toolchain/arm/arm-gnu-toolchain/bin/../lib/gcc/arm-none-eabi/6.3.1/../../../../arm-none-eabi/lib/thumb/v7e-m\libc.a(lib_a-sprintf.o)
                0x0040143c                sprintf
 *fill*         0x00401488       0x38 
 .text          0x004014c0       0xdc c:/program files (x86)/atmel/studio/7.0/toolchain/arm/arm-gnu-toolchain/bin/../lib/gcc/arm-none-eabi/6.3.1/../../../../arm-none-eabi/lib/thumb/v7e-m\libc.a(lib_a-strlen.o)
                0x004014c0                strlen
 .text._svfprintf_r
                0x0040159c     0x145c c:/program files (x86)/atmel/studio/7.0/toolchain/arm/arm-gnu-toolchain/bin/../lib/gcc/arm-none-eabi/6.3.1/../../../../arm-none-eabi/lib/thumb/v7e-m\libc.a(lib_a-svfprintf.o)
                0x0040159c                _svfprintf_r
 .text.__swsetup_r
                0x004029f8       0xc8 c:/program files (x86)/atmel/studio/7.0/toolchain/arm/arm-gnu-toolchain/bin/../lib/gcc/arm-none-eabi/6.3.1/../../../../arm-none-eabi/lib/thumb/v7e-m\libc.a(lib_a-wsetup.o)
                0x004029f8                __swsetup_r
 .text.startup.register_fini
                0x00402ac0       0x14 c:/program files (x86)/atmel/studio/7.0/toolchain/arm/arm-gnu-toolchain/bin/../lib/gcc/arm-none-eabi/6.3.1/../../../../arm-none-eabi/lib/thumb/v7e-m\libc.a(lib_a-__call_atexit.o)
 .text.atexit   0x00402ad4        0xc c:/program files (x86)/atmel/studio/7.0/toolchain/arm/arm-gnu-toolchain/bin/../lib/gcc/arm-none-eabi/6.3.1/../../../../arm-none-eabi/lib/thumb/v7e-m\libc.a(lib_a-atexit.o)
                0x00402ad4                atexit
 .text.quorem   0x00402ae0      0x128 c:/program files (x86)/atmel/studio/7.0/toolchain/arm/arm-gnu-toolchain/bin/../lib/gcc/arm-none-eabi/6.3.1/../../../../arm-none-eabi/lib/thumb/v7e-m\libc.a(lib_a-dtoa.o)
 .text._dtoa_r  0x00402c08      0xe54 c:/program files (x86)/atmel/studio/7.0/toolchain/arm/arm-gnu-toolchain/bin/../lib/gcc/arm-none-eabi/6.3.1/../../../../arm-none-eabi/lib/thumb/v7e-m\libc.a(lib_a-dtoa.o)
                0x00402c08                _dtoa_r
 .text.__sflush_r
                0x00403a5c      0x140 c:/program files (x86)/atmel/studio/7.0/toolchain/arm/arm-gnu-toolchain/bin/../lib/gcc/arm-none-eabi/6.3.1/../../../../arm-none-eabi/lib/thumb/v7e-m\libc.a(lib_a-fflush.o)
                0x00403a5c                __sflush_r
 .text._fflush_r
                0x00403b9c       0x54 c:/program files (x86)/atmel/studio/7.0/toolchain/arm/arm-gnu-toolchain/bin/../lib/gcc/arm-none-eabi/6.3.1/../../../../arm-none-eabi/lib/thumb/v7e-m\libc.a(lib_a-fflush.o)
                0x00403b9c                _fflush_r
 .text._cleanup_r
                0x00403bf0        0xc c:/program files (x86)/atmel/studio/7.0/toolchain/arm/arm-gnu-toolchain/bin/../lib/gcc/arm-none-eabi/6.3.1/../../../../arm-none-eabi/lib/thumb/v7e-m\libc.a(lib_a-findfp.o)
                0x00403bf0                _cleanup_r
 .text.std.isra.0
                0x00403bfc       0x50 c:/program files (x86)/atmel/studio/7.0/toolchain/arm/arm-gnu-toolchain/bin/../lib/gcc/arm-none-eabi/6.3.1/../../../../arm-none-eabi/lib/thumb/v7e-m\libc.a(lib_a-findfp.o)
 .text.__sinit  0x00403c4c       0x58 c:/program files (x86)/atmel/studio/7.0/toolchain/arm/arm-gnu-toolchain/bin/../lib/gcc/arm-none-eabi/6.3.1/../../../../arm-none-eabi/lib/thumb/v7e-m\libc.a(lib_a-findfp.o)
                0x00403c4c                __sinit
 .text.__sfp_lock_acquire
                0x00403ca4        0xc c:/program files (x86)/atmel/studio/7.0/toolchain/arm/arm-gnu-toolchain/bin/../lib/gcc/arm-none-eabi/6.3.1/../../../../arm-none-eabi/lib/thumb/v7e-m\libc.a(lib_a-findfp.o)
                0x00403ca4                __sfp_lock_acquire
 .text.__sfp_lock_release
                0x00403cb0        0xc c:/program files (x86)/atmel/studio/7.0/toolchain/arm/arm-gnu-toolchain/bin/../lib/gcc/arm-none-eabi/6.3.1/../../../../arm-none-eabi/lib/thumb/v7e-m\libc.a(lib_a-findfp.o)
                0x00403cb0                __sfp_lock_release
 .text.__libc_fini_array
                0x00403cbc       0x34 c:/program files (x86)/atmel/studio/7.0/toolchain/arm/arm-gnu-toolchain/bin/../lib/gcc/arm-none-eabi/6.3.1/../../../../arm-none-eabi/lib/thumb/v7e-m\libc.a(lib_a-fini.o)
                0x00403cbc                __libc_fini_array
 .text._malloc_trim_r
                0x00403cf0       0xa0 c:/program files (x86)/atmel/studio/7.0/toolchain/arm/arm-gnu-toolchain/bin/../lib/gcc/arm-none-eabi/6.3.1/../../../../arm-none-eabi/lib/thumb/v7e-m\libc.a(lib_a-freer.o)
                0x00403cf0                _malloc_trim_r
 .text._free_r  0x00403d90      0x1cc c:/program files (x86)/atmel/studio/7.0/toolchain/arm/arm-gnu-toolchain/bin/../lib/gcc/arm-none-eabi/6.3.1/../../../../arm-none-eabi/lib/thumb/v7e-m\libc.a(lib_a-freer.o)
                0x00403d90                _free_r
 .text.__sfvwrite_r
                0x00403f5c      0x2f0 c:/program files (x86)/atmel/studio/7.0/toolchain/arm/arm-gnu-toolchain/bin/../lib/gcc/arm-none-eabi/6.3.1/../../../../arm-none-eabi/lib/thumb/v7e-m\libc.a(lib_a-fvwrite.o)
                0x00403f5c                __sfvwrite_r
 .text._fwalk_reent
                0x0040424c       0x54 c:/program files (x86)/atmel/studio/7.0/toolchain/arm/arm-gnu-toolchain/bin/../lib/gcc/arm-none-eabi/6.3.1/../../../../arm-none-eabi/lib/thumb/v7e-m\libc.a(lib_a-fwalk.o)
                0x0040424c                _fwalk_reent
 .text._localeconv_r
                0x004042a0       0x1c c:/program files (x86)/atmel/studio/7.0/toolchain/arm/arm-gnu-toolchain/bin/../lib/gcc/arm-none-eabi/6.3.1/../../../../arm-none-eabi/lib/thumb/v7e-m\libc.a(lib_a-localeconv.o)
                0x004042a0                _localeconv_r
 .text.__retarget_lock_init_recursive
                0x004042bc        0x4 c:/program files (x86)/atmel/studio/7.0/toolchain/arm/arm-gnu-toolchain/bin/../lib/gcc/arm-none-eabi/6.3.1/../../../../arm-none-eabi/lib/thumb/v7e-m\libc.a(lib_a-lock.o)
                0x004042bc                __retarget_lock_init_recursive
 .text.__retarget_lock_close_recursive
                0x004042c0        0x4 c:/program files (x86)/atmel/studio/7.0/toolchain/arm/arm-gnu-toolchain/bin/../lib/gcc/arm-none-eabi/6.3.1/../../../../arm-none-eabi/lib/thumb/v7e-m\libc.a(lib_a-lock.o)
                0x004042c0                __retarget_lock_close_recursive
 .text.__retarget_lock_acquire_recursive
                0x004042c4        0x4 c:/program files (x86)/atmel/studio/7.0/toolchain/arm/arm-gnu-toolchain/bin/../lib/gcc/arm-none-eabi/6.3.1/../../../../arm-none-eabi/lib/thumb/v7e-m\libc.a(lib_a-lock.o)
                0x004042c4                __retarget_lock_acquire_recursive
 .text.__retarget_lock_release_recursive
                0x004042c8        0x4 c:/program files (x86)/atmel/studio/7.0/toolchain/arm/arm-gnu-toolchain/bin/../lib/gcc/arm-none-eabi/6.3.1/../../../../arm-none-eabi/lib/thumb/v7e-m\libc.a(lib_a-lock.o)
                0x004042c8                __retarget_lock_release_recursive
 .text.__swhatbuf_r
                0x004042cc       0x5c c:/program files (x86)/atmel/studio/7.0/toolchain/arm/arm-gnu-toolchain/bin/../lib/gcc/arm-none-eabi/6.3.1/../../../../arm-none-eabi/lib/thumb/v7e-m\libc.a(lib_a-makebuf.o)
                0x004042cc                __swhatbuf_r
 .text.__smakebuf_r
                0x00404328       0x94 c:/program files (x86)/atmel/studio/7.0/toolchain/arm/arm-gnu-toolchain/bin/../lib/gcc/arm-none-eabi/6.3.1/../../../../arm-none-eabi/lib/thumb/v7e-m\libc.a(lib_a-makebuf.o)
                0x00404328                __smakebuf_r
 .text.malloc   0x004043bc       0x10 c:/program files (x86)/atmel/studio/7.0/toolchain/arm/arm-gnu-toolchain/bin/../lib/gcc/arm-none-eabi/6.3.1/../../../../arm-none-eabi/lib/thumb/v7e-m\libc.a(lib_a-malloc.o)
                0x004043bc                malloc
 .text._malloc_r
                0x004043cc      0x560 c:/program files (x86)/atmel/studio/7.0/toolchain/arm/arm-gnu-toolchain/bin/../lib/gcc/arm-none-eabi/6.3.1/../../../../arm-none-eabi/lib/thumb/v7e-m\libc.a(lib_a-mallocr.o)
                0x004043cc                _malloc_r
 .text.__ascii_mbtowc
                0x0040492c       0x2c c:/program files (x86)/atmel/studio/7.0/toolchain/arm/arm-gnu-toolchain/bin/../lib/gcc/arm-none-eabi/6.3.1/../../../../arm-none-eabi/lib/thumb/v7e-m\libc.a(lib_a-mbtowc_r.o)
                0x0040492c                __ascii_mbtowc
 *fill*         0x00404958        0x8 
 .text          0x00404960       0xa0 c:/program files (x86)/atmel/studio/7.0/toolchain/arm/arm-gnu-toolchain/bin/../lib/gcc/arm-none-eabi/6.3.1/../../../../arm-none-eabi/lib/thumb/v7e-m\libc.a(lib_a-memchr.o)
                0x00404960                memchr
 .text          0x00404a00      0x134 c:/program files (x86)/atmel/studio/7.0/toolchain/arm/arm-gnu-toolchain/bin/../lib/gcc/arm-none-eabi/6.3.1/../../../../arm-none-eabi/lib/thumb/v7e-m\libc.a(lib_a-memcpy.o)
                0x00404a00                memcpy
 .text.memmove  0x00404b34       0xc8 c:/program files (x86)/atmel/studio/7.0/toolchain/arm/arm-gnu-toolchain/bin/../lib/gcc/arm-none-eabi/6.3.1/../../../../arm-none-eabi/lib/thumb/v7e-m\libc.a(lib_a-memmove.o)
                0x00404b34                memmove
 .text.__malloc_lock
                0x00404bfc        0xc c:/program files (x86)/atmel/studio/7.0/toolchain/arm/arm-gnu-toolchain/bin/../lib/gcc/arm-none-eabi/6.3.1/../../../../arm-none-eabi/lib/thumb/v7e-m\libc.a(lib_a-mlock.o)
                0x00404bfc                __malloc_lock
 .text.__malloc_unlock
                0x00404c08        0xc c:/program files (x86)/atmel/studio/7.0/toolchain/arm/arm-gnu-toolchain/bin/../lib/gcc/arm-none-eabi/6.3.1/../../../../arm-none-eabi/lib/thumb/v7e-m\libc.a(lib_a-mlock.o)
                0x00404c08                __malloc_unlock
 .text._Balloc  0x00404c14       0x4c c:/program files (x86)/atmel/studio/7.0/toolchain/arm/arm-gnu-toolchain/bin/../lib/gcc/arm-none-eabi/6.3.1/../../../../arm-none-eabi/lib/thumb/v7e-m\libc.a(lib_a-mprec.o)
                0x00404c14                _Balloc
 .text._Bfree   0x00404c60       0x14 c:/program files (x86)/atmel/studio/7.0/toolchain/arm/arm-gnu-toolchain/bin/../lib/gcc/arm-none-eabi/6.3.1/../../../../arm-none-eabi/lib/thumb/v7e-m\libc.a(lib_a-mprec.o)
                0x00404c60                _Bfree
 .text.__multadd
                0x00404c74       0x80 c:/program files (x86)/atmel/studio/7.0/toolchain/arm/arm-gnu-toolchain/bin/../lib/gcc/arm-none-eabi/6.3.1/../../../../arm-none-eabi/lib/thumb/v7e-m\libc.a(lib_a-mprec.o)
                0x00404c74                __multadd
 .text.__hi0bits
                0x00404cf4       0x40 c:/program files (x86)/atmel/studio/7.0/toolchain/arm/arm-gnu-toolchain/bin/../lib/gcc/arm-none-eabi/6.3.1/../../../../arm-none-eabi/lib/thumb/v7e-m\libc.a(lib_a-mprec.o)
                0x00404cf4                __hi0bits
 .text.__lo0bits
                0x00404d34       0x60 c:/program files (x86)/atmel/studio/7.0/toolchain/arm/arm-gnu-toolchain/bin/../lib/gcc/arm-none-eabi/6.3.1/../../../../arm-none-eabi/lib/thumb/v7e-m\libc.a(lib_a-mprec.o)
                0x00404d34                __lo0bits
 .text.__i2b    0x00404d94       0x14 c:/program files (x86)/atmel/studio/7.0/toolchain/arm/arm-gnu-toolchain/bin/../lib/gcc/arm-none-eabi/6.3.1/../../../../arm-none-eabi/lib/thumb/v7e-m\libc.a(lib_a-mprec.o)
                0x00404d94                __i2b
 .text.__multiply
                0x00404da8      0x124 c:/program files (x86)/atmel/studio/7.0/toolchain/arm/arm-gnu-toolchain/bin/../lib/gcc/arm-none-eabi/6.3.1/../../../../arm-none-eabi/lib/thumb/v7e-m\libc.a(lib_a-mprec.o)
                0x00404da8                __multiply
 .text.__pow5mult
                0x00404ecc       0xa0 c:/program files (x86)/atmel/studio/7.0/toolchain/arm/arm-gnu-toolchain/bin/../lib/gcc/arm-none-eabi/6.3.1/../../../../arm-none-eabi/lib/thumb/v7e-m\libc.a(lib_a-mprec.o)
                0x00404ecc                __pow5mult
 .text.__lshift
                0x00404f6c       0xa4 c:/program files (x86)/atmel/studio/7.0/toolchain/arm/arm-gnu-toolchain/bin/../lib/gcc/arm-none-eabi/6.3.1/../../../../arm-none-eabi/lib/thumb/v7e-m\libc.a(lib_a-mprec.o)
                0x00404f6c                __lshift
 .text.__mcmp   0x00405010       0x38 c:/program files (x86)/atmel/studio/7.0/toolchain/arm/arm-gnu-toolchain/bin/../lib/gcc/arm-none-eabi/6.3.1/../../../../arm-none-eabi/lib/thumb/v7e-m\libc.a(lib_a-mprec.o)
                0x00405010                __mcmp
 .text.__mdiff  0x00405048      0x108 c:/program files (x86)/atmel/studio/7.0/toolchain/arm/arm-gnu-toolchain/bin/../lib/gcc/arm-none-eabi/6.3.1/../../../../arm-none-eabi/lib/thumb/v7e-m\libc.a(lib_a-mprec.o)
                0x00405048                __mdiff
 .text.__d2b    0x00405150       0xb8 c:/program files (x86)/atmel/studio/7.0/toolchain/arm/arm-gnu-toolchain/bin/../lib/gcc/arm-none-eabi/6.3.1/../../../../arm-none-eabi/lib/thumb/v7e-m\libc.a(lib_a-mprec.o)
                0x00405150                __d2b
 .text._realloc_r
                0x00405208      0x34c c:/program files (x86)/atmel/studio/7.0/toolchain/arm/arm-gnu-toolchain/bin/../lib/gcc/arm-none-eabi/6.3.1/../../../../arm-none-eabi/lib/thumb/v7e-m\libc.a(lib_a-reallocr.o)
                0x00405208                _realloc_r
 .text._sbrk_r  0x00405554       0x24 c:/program files (x86)/atmel/studio/7.0/toolchain/arm/arm-gnu-toolchain/bin/../lib/gcc/arm-none-eabi/6.3.1/../../../../arm-none-eabi/lib/thumb/v7e-m\libc.a(lib_a-sbrkr.o)
                0x00405554                _sbrk_r
 .text.__sread  0x00405578       0x24 c:/program files (x86)/atmel/studio/7.0/toolchain/arm/arm-gnu-toolchain/bin/../lib/gcc/arm-none-eabi/6.3.1/../../../../arm-none-eabi/lib/thumb/v7e-m\libc.a(lib_a-stdio.o)
                0x00405578                __sread
 .text.__swrite
                0x0040559c       0x3c c:/program files (x86)/atmel/studio/7.0/toolchain/arm/arm-gnu-toolchain/bin/../lib/gcc/arm-none-eabi/6.3.1/../../../../arm-none-eabi/lib/thumb/v7e-m\libc.a(lib_a-stdio.o)
                0x0040559c                __swrite
 .text.__sseek  0x004055d8       0x20 c:/program files (x86)/atmel/studio/7.0/toolchain/arm/arm-gnu-toolchain/bin/../lib/gcc/arm-none-eabi/6.3.1/../../../../arm-none-eabi/lib/thumb/v7e-m\libc.a(lib_a-stdio.o)
                0x004055d8                __sseek
 .text.__sclose
                0x004055f8        0x8 c:/program files (x86)/atmel/studio/7.0/toolchain/arm/arm-gnu-toolchain/bin/../lib/gcc/arm-none-eabi/6.3.1/../../../../arm-none-eabi/lib/thumb/v7e-m\libc.a(lib_a-stdio.o)
                0x004055f8                __sclose
 .text.__ssprint_r
                0x00405600       0xfc c:/program files (x86)/atmel/studio/7.0/toolchain/arm/arm-gnu-toolchain/bin/../lib/gcc/arm-none-eabi/6.3.1/../../../../arm-none-eabi/lib/thumb/v7e-m\libc.a(lib_a-svfiprintf.o)
                0x00405600                __ssprint_r
 .text.__ascii_wctomb
                0x004056fc       0x1c c:/program files (x86)/atmel/studio/7.0/toolchain/arm/arm-gnu-toolchain/bin/../lib/gcc/arm-none-eabi/6.3.1/../../../../arm-none-eabi/lib/thumb/v7e-m\libc.a(lib_a-wctomb_r.o)
                0x004056fc                __ascii_wctomb
 .text._write_r
                0x00405718       0x2c c:/program files (x86)/atmel/studio/7.0/toolchain/arm/arm-gnu-toolchain/bin/../lib/gcc/arm-none-eabi/6.3.1/../../../../arm-none-eabi/lib/thumb/v7e-m\libc.a(lib_a-writer.o)
                0x00405718                _write_r
 .text.__register_exitproc
                0x00405744       0xc4 c:/program files (x86)/atmel/studio/7.0/toolchain/arm/arm-gnu-toolchain/bin/../lib/gcc/arm-none-eabi/6.3.1/../../../../arm-none-eabi/lib/thumb/v7e-m\libc.a(lib_a-__atexit.o)
                0x00405744                __register_exitproc
 .text._calloc_r
                0x00405808       0x60 c:/program files (x86)/atmel/studio/7.0/toolchain/arm/arm-gnu-toolchain/bin/../lib/gcc/arm-none-eabi/6.3.1/../../../../arm-none-eabi/lib/thumb/v7e-m\libc.a(lib_a-callocr.o)
                0x00405808                _calloc_r
 .text._close_r
                0x00405868       0x24 c:/program files (x86)/atmel/studio/7.0/toolchain/arm/arm-gnu-toolchain/bin/../lib/gcc/arm-none-eabi/6.3.1/../../../../arm-none-eabi/lib/thumb/v7e-m\libc.a(lib_a-closer.o)
                0x00405868                _close_r
 .text._fclose_r
                0x0040588c       0xc4 c:/program files (x86)/atmel/studio/7.0/toolchain/arm/arm-gnu-toolchain/bin/../lib/gcc/arm-none-eabi/6.3.1/../../../../arm-none-eabi/lib/thumb/v7e-m\libc.a(lib_a-fclose.o)
                0x0040588c                _fclose_r
 .text._fstat_r
                0x00405950       0x28 c:/program files (x86)/atmel/studio/7.0/toolchain/arm/arm-gnu-toolchain/bin/../lib/gcc/arm-none-eabi/6.3.1/../../../../arm-none-eabi/lib/thumb/v7e-m\libc.a(lib_a-fstatr.o)
                0x00405950                _fstat_r
 .text._isatty_r
                0x00405978       0x24 c:/program files (x86)/atmel/studio/7.0/toolchain/arm/arm-gnu-toolchain/bin/../lib/gcc/arm-none-eabi/6.3.1/../../../../arm-none-eabi/lib/thumb/v7e-m\libc.a(lib_a-isattyr.o)
                0x00405978                _isatty_r
 .text._lseek_r
                0x0040599c       0x2c c:/program files (x86)/atmel/studio/7.0/toolchain/arm/arm-gnu-toolchain/bin/../lib/gcc/arm-none-eabi/6.3.1/../../../../arm-none-eabi/lib/thumb/v7e-m\libc.a(lib_a-lseekr.o)
                0x0040599c                _lseek_r
 .text._read_r  0x004059c8       0x2c c:/program files (x86)/atmel/studio/7.0/toolchain/arm/arm-gnu-toolchain/bin/../lib/gcc/arm-none-eabi/6.3.1/../../../../arm-none-eabi/lib/thumb/v7e-m\libc.a(lib_a-readr.o)
                0x004059c8                _read_r
 .text          0x004059f4      0x370 c:/program files (x86)/atmel/studio/7.0/toolchain/arm/arm-gnu-toolchain/bin/../lib/gcc/arm-none-eabi/6.3.1/thumb/v7e-m\libgcc.a(_arm_addsubdf3.o)
                0x004059f4                __aeabi_drsub
                0x004059fc                __aeabi_dsub
                0x004059fc                __subdf3
                0x00405a00                __aeabi_dadd
                0x00405a00                __adddf3
                0x00405c78                __floatunsidf
                0x00405c78                __aeabi_ui2d
                0x00405c98                __floatsidf
                0x00405c98                __aeabi_i2d
                0x00405cbc                __aeabi_f2d
                0x00405cbc                __extendsfdf2
                0x00405cf8                __floatundidf
                0x00405cf8                __aeabi_ul2d
                0x00405d08                __floatdidf
                0x00405d08                __aeabi_l2d
 .text          0x00405d64      0x424 c:/program files (x86)/atmel/studio/7.0/toolchain/arm/arm-gnu-toolchain/bin/../lib/gcc/arm-none-eabi/6.3.1/thumb/v7e-m\libgcc.a(_arm_muldivdf3.o)
                0x00405d64                __aeabi_dmul
                0x00405d64                __muldf3
                0x00405fb8                __divdf3
                0x00405fb8                __aeabi_ddiv
 .text          0x00406188      0x110 c:/program files (x86)/atmel/studio/7.0/toolchain/arm/arm-gnu-toolchain/bin/../lib/gcc/arm-none-eabi/6.3.1/thumb/v7e-m\libgcc.a(_arm_cmpdf2.o)
                0x00406188                __gtdf2
                0x00406188                __gedf2
                0x00406190                __ltdf2
                0x00406190                __ledf2
                0x00406198                __nedf2
                0x00406198                __eqdf2
                0x00406198                __cmpdf2
                0x00406214                __aeabi_cdrcmple
                0x00406224                __aeabi_cdcmpeq
                0x00406224                __aeabi_cdcmple
                0x00406234                __aeabi_dcmpeq
                0x00406248                __aeabi_dcmplt
                0x0040625c                __aeabi_dcmple
                0x00406270                __aeabi_dcmpge
                0x00406284                __aeabi_dcmpgt
 .text          0x00406298       0x2c c:/program files (x86)/atmel/studio/7.0/toolchain/arm/arm-gnu-toolchain/bin/../lib/gcc/arm-none-eabi/6.3.1/thumb/v7e-m\libgcc.a(_arm_unorddf2.o)
                0x00406298                __unorddf2
                0x00406298                __aeabi_dcmpun
 .text          0x004062c4       0x50 c:/program files (x86)/atmel/studio/7.0/toolchain/arm/arm-gnu-toolchain/bin/../lib/gcc/arm-none-eabi/6.3.1/thumb/v7e-m\libgcc.a(_arm_fixdfsi.o)
                0x004062c4                __aeabi_d2iz
                0x004062c4                __fixdfsi
 .text          0x00406314       0x30 c:/program files (x86)/atmel/studio/7.0/toolchain/arm/arm-gnu-toolchain/bin/../lib/gcc/arm-none-eabi/6.3.1/thumb/v7e-m\libgcc.a(_aeabi_uldivmod.o)
                0x00406314                __aeabi_uldivmod
 .text          0x00406344      0x2dc c:/program files (x86)/atmel/studio/7.0/toolchain/arm/arm-gnu-toolchain/bin/../lib/gcc/arm-none-eabi/6.3.1/thumb/v7e-m\libgcc.a(_udivmoddi4.o)
                0x00406344                __udivmoddi4
 .text          0x00406620        0x4 c:/program files (x86)/atmel/studio/7.0/toolchain/arm/arm-gnu-toolchain/bin/../lib/gcc/arm-none-eabi/6.3.1/thumb/v7e-m\libgcc.a(_dvmd_tls.o)
                0x00406620                __aeabi_idiv0
                0x00406620                __aeabi_ldiv0
 *(.glue_7t)
 .glue_7t       0x00406624        0x0 linker stubs
 *(.glue_7)
 .glue_7        0x00406624        0x0 linker stubs
 *(.rodata .rodata* .gnu.linkonce.r.*)
 .rodata.ADC_Handler.str1.4
                0x00406624        0x6 src/main.o
 *fill*         0x0040662a        0x2 
 .rodata._global_impure_ptr
                0x0040662c        0x4 c:/program files (x86)/atmel/studio/7.0/toolchain/arm/arm-gnu-toolchain/bin/../lib/gcc/arm-none-eabi/6.3.1/../../../../arm-none-eabi/lib/thumb/v7e-m\libc.a(lib_a-impure.o)
                0x0040662c                _global_impure_ptr
 .rodata._puts_r.str1.4
                0x00406630        0x2 c:/program files (x86)/atmel/studio/7.0/toolchain/arm/arm-gnu-toolchain/bin/../lib/gcc/arm-none-eabi/6.3.1/../../../../arm-none-eabi/lib/thumb/v7e-m\libc.a(lib_a-puts.o)
 *fill*         0x00406632        0x2 
 .rodata._svfprintf_r.str1.4
                0x00406634       0x42 c:/program files (x86)/atmel/studio/7.0/toolchain/arm/arm-gnu-toolchain/bin/../lib/gcc/arm-none-eabi/6.3.1/../../../../arm-none-eabi/lib/thumb/v7e-m\libc.a(lib_a-svfprintf.o)
 *fill*         0x00406676        0x2 
 .rodata.blanks.7223
                0x00406678       0x10 c:/program files (x86)/atmel/studio/7.0/toolchain/arm/arm-gnu-toolchain/bin/../lib/gcc/arm-none-eabi/6.3.1/../../../../arm-none-eabi/lib/thumb/v7e-m\libc.a(lib_a-svfprintf.o)
 .rodata.zeroes.7224
                0x00406688       0x10 c:/program files (x86)/atmel/studio/7.0/toolchain/arm/arm-gnu-toolchain/bin/../lib/gcc/arm-none-eabi/6.3.1/../../../../arm-none-eabi/lib/thumb/v7e-m\libc.a(lib_a-svfprintf.o)
 .rodata._dtoa_r.str1.4
                0x00406698       0x10 c:/program files (x86)/atmel/studio/7.0/toolchain/arm/arm-gnu-toolchain/bin/../lib/gcc/arm-none-eabi/6.3.1/../../../../arm-none-eabi/lib/thumb/v7e-m\libc.a(lib_a-dtoa.o)
                                 0x12 (size before relaxing)
 .rodata._setlocale_r.str1.4
                0x004066a8        0xa c:/program files (x86)/atmel/studio/7.0/toolchain/arm/arm-gnu-toolchain/bin/../lib/gcc/arm-none-eabi/6.3.1/../../../../arm-none-eabi/lib/thumb/v7e-m\libc.a(lib_a-locale.o)
                                  0xd (size before relaxing)
 *fill*         0x004066b2        0x2 
 .rodata.str1.4
                0x004066b4        0x4 c:/program files (x86)/atmel/studio/7.0/toolchain/arm/arm-gnu-toolchain/bin/../lib/gcc/arm-none-eabi/6.3.1/../../../../arm-none-eabi/lib/thumb/v7e-m\libc.a(lib_a-locale.o)
                                  0x2 (size before relaxing)
 .rodata.__mprec_bigtens
                0x004066b8       0x28 c:/program files (x86)/atmel/studio/7.0/toolchain/arm/arm-gnu-toolchain/bin/../lib/gcc/arm-none-eabi/6.3.1/../../../../arm-none-eabi/lib/thumb/v7e-m\libc.a(lib_a-mprec.o)
                0x004066b8                __mprec_bigtens
 .rodata.__mprec_tens
                0x004066e0       0xc8 c:/program files (x86)/atmel/studio/7.0/toolchain/arm/arm-gnu-toolchain/bin/../lib/gcc/arm-none-eabi/6.3.1/../../../../arm-none-eabi/lib/thumb/v7e-m\libc.a(lib_a-mprec.o)
                0x004066e0                __mprec_tens
 .rodata.p05.6055
                0x004067a8        0xc c:/program files (x86)/atmel/studio/7.0/toolchain/arm/arm-gnu-toolchain/bin/../lib/gcc/arm-none-eabi/6.3.1/../../../../arm-none-eabi/lib/thumb/v7e-m\libc.a(lib_a-mprec.o)
 .rodata._ctype_
                0x004067b4      0x101 c:/program files (x86)/atmel/studio/7.0/toolchain/arm/arm-gnu-toolchain/bin/../lib/gcc/arm-none-eabi/6.3.1/../../../../arm-none-eabi/lib/thumb/v7e-m\libc.a(lib_a-ctype_.o)
                0x004067b4                _ctype_
 *(.ARM.extab* .gnu.linkonce.armextab.*)
                0x004068b8                . = ALIGN (0x4)
 *fill*         0x004068b5        0x3 
 *(.init)
 .init          0x004068b8        0x4 c:/program files (x86)/atmel/studio/7.0/toolchain/arm/arm-gnu-toolchain/bin/../lib/gcc/arm-none-eabi/6.3.1/thumb/v7e-m/crti.o
                0x004068b8                _init
 .init          0x004068bc        0x8 c:/program files (x86)/atmel/studio/7.0/toolchain/arm/arm-gnu-toolchain/bin/../lib/gcc/arm-none-eabi/6.3.1/thumb/v7e-m/crtn.o
                0x004068c4                . = ALIGN (0x4)
                0x004068c4                __preinit_array_start = .
 *(.preinit_array)
                0x004068c4                __preinit_array_end = .
                0x004068c4                . = ALIGN (0x4)
                0x004068c4                __init_array_start = .
 *(SORT(.init_array.*))
 .init_array.00000
                0x004068c4        0x4 c:/program files (x86)/atmel/studio/7.0/toolchain/arm/arm-gnu-toolchain/bin/../lib/gcc/arm-none-eabi/6.3.1/../../../../arm-none-eabi/lib/thumb/v7e-m\libc.a(lib_a-__call_atexit.o)
 *(.init_array)
 .init_array    0x004068c8        0x4 c:/program files (x86)/atmel/studio/7.0/toolchain/arm/arm-gnu-toolchain/bin/../lib/gcc/arm-none-eabi/6.3.1/thumb/v7e-m/crtbegin.o
                0x004068cc                __init_array_end = .
                0x004068cc                . = ALIGN (0x4)
 *crtbegin.o(.ctors)
 *(EXCLUDE_FILE(*crtend.o) .ctors)
 *(SORT(.ctors.*))
 *crtend.o(.ctors)
                0x004068cc                . = ALIGN (0x4)
 *(.fini)
 .fini          0x004068cc        0x4 c:/program files (x86)/atmel/studio/7.0/toolchain/arm/arm-gnu-toolchain/bin/../lib/gcc/arm-none-eabi/6.3.1/thumb/v7e-m/crti.o
                0x004068cc                _fini
 .fini          0x004068d0        0x8 c:/program files (x86)/atmel/studio/7.0/toolchain/arm/arm-gnu-toolchain/bin/../lib/gcc/arm-none-eabi/6.3.1/thumb/v7e-m/crtn.o
                0x004068d8                . = ALIGN (0x4)
                0x004068d8                __fini_array_start = .
 *(.fini_array)
 .fini_array    0x004068d8        0x4 c:/program files (x86)/atmel/studio/7.0/toolchain/arm/arm-gnu-toolchain/bin/../lib/gcc/arm-none-eabi/6.3.1/thumb/v7e-m/crtbegin.o
 *(SORT(.fini_array.*))
                0x004068dc                __fini_array_end = .
 *crtbegin.o(.dtors)
 *(EXCLUDE_FILE(*crtend.o) .dtors)
 *(SORT(.dtors.*))
 *crtend.o(.dtors)
                0x004068dc                . = ALIGN (0x4)
                0x004068dc                _efixed = .
                [!provide]                PROVIDE (__exidx_start, .)

.vfp11_veneer   0x004068dc        0x0
 .vfp11_veneer  0x004068dc        0x0 linker stubs

.v4_bx          0x004068dc        0x0
 .v4_bx         0x004068dc        0x0 linker stubs

.iplt           0x004068dc        0x0
 .iplt          0x004068dc        0x0 c:/program files (x86)/atmel/studio/7.0/toolchain/arm/arm-gnu-toolchain/bin/../lib/gcc/arm-none-eabi/6.3.1/thumb/v7e-m/crtbegin.o

.ARM.exidx      0x004068dc        0x8
 *(.ARM.exidx* .gnu.linkonce.armexidx.*)
 .ARM.exidx     0x004068dc        0x8 c:/program files (x86)/atmel/studio/7.0/toolchain/arm/arm-gnu-toolchain/bin/../lib/gcc/arm-none-eabi/6.3.1/thumb/v7e-m\libgcc.a(_udivmoddi4.o)
                [!provide]                PROVIDE (__exidx_end, .)

.eh_frame       0x004068e4        0x0
 .eh_frame      0x004068e4        0x0 c:/program files (x86)/atmel/studio/7.0/toolchain/arm/arm-gnu-toolchain/bin/../lib/gcc/arm-none-eabi/6.3.1/thumb/v7e-m/crtbegin.o

.rel.dyn        0x004068e4        0x0
 .rel.iplt      0x004068e4        0x0 c:/program files (x86)/atmel/studio/7.0/toolchain/arm/arm-gnu-toolchain/bin/../lib/gcc/arm-none-eabi/6.3.1/thumb/v7e-m/crtbegin.o

.jcr            0x004068e4        0x0
 .jcr           0x004068e4        0x0 c:/program files (x86)/atmel/studio/7.0/toolchain/arm/arm-gnu-toolchain/bin/../lib/gcc/arm-none-eabi/6.3.1/thumb/v7e-m/crtbegin.o

.igot.plt       0x004068e4        0x0
 .igot.plt      0x004068e4        0x0 c:/program files (x86)/atmel/studio/7.0/toolchain/arm/arm-gnu-toolchain/bin/../lib/gcc/arm-none-eabi/6.3.1/thumb/v7e-m/crtbegin.o
                0x004068e4                . = ALIGN (0x4)
                0x004068e4                _etext = .

.relocate       0x20000000      0x9d0 load address 0x004068e4
                0x20000000                . = ALIGN (0x4)
                0x20000000                _srelocate = .
 *(.ramfunc .ramfunc.*)
 *(.data .data.*)
 .data.SystemCoreClock
                0x20000000        0x4 src/ASF/sam/utils/cmsis/sam4s/source/templates/system_sam4s.o
                0x20000000                SystemCoreClock
 .data.escuro   0x20000004        0x4 src/main.o
                0x20000004                escuro
 .data.escuro_max
                0x20000008        0x4 src/main.o
                0x20000008                escuro_max
 .data.luz_min  0x2000000c        0x4 src/main.o
                0x2000000c                luz_min
 .data.max_aceso
                0x20000010        0x4 src/main.o
                0x20000010                max_aceso
 .data.usart_options.8817
                0x20000014       0x10 src/main.o
 .data._impure_ptr
                0x20000024        0x4 c:/program files (x86)/atmel/studio/7.0/toolchain/arm/arm-gnu-toolchain/bin/../lib/gcc/arm-none-eabi/6.3.1/../../../../arm-none-eabi/lib/thumb/v7e-m\libc.a(lib_a-impure.o)
                0x20000024                _impure_ptr
 .data.impure_data
                0x20000028      0x428 c:/program files (x86)/atmel/studio/7.0/toolchain/arm/arm-gnu-toolchain/bin/../lib/gcc/arm-none-eabi/6.3.1/../../../../arm-none-eabi/lib/thumb/v7e-m\libc.a(lib_a-impure.o)
 .data.__atexit_recursive_mutex
                0x20000450        0x4 c:/program files (x86)/atmel/studio/7.0/toolchain/arm/arm-gnu-toolchain/bin/../lib/gcc/arm-none-eabi/6.3.1/../../../../arm-none-eabi/lib/thumb/v7e-m\libc.a(lib_a-__call_atexit.o)
                0x20000450                __atexit_recursive_mutex
 .data.__global_locale
                0x20000454      0x16c c:/program files (x86)/atmel/studio/7.0/toolchain/arm/arm-gnu-toolchain/bin/../lib/gcc/arm-none-eabi/6.3.1/../../../../arm-none-eabi/lib/thumb/v7e-m\libc.a(lib_a-locale.o)
                0x20000454                __global_locale
 .data.__malloc_av_
                0x200005c0      0x408 c:/program files (x86)/atmel/studio/7.0/toolchain/arm/arm-gnu-toolchain/bin/../lib/gcc/arm-none-eabi/6.3.1/../../../../arm-none-eabi/lib/thumb/v7e-m\libc.a(lib_a-mallocr.o)
                0x200005c0                __malloc_av_
 .data.__malloc_sbrk_base
                0x200009c8        0x4 c:/program files (x86)/atmel/studio/7.0/toolchain/arm/arm-gnu-toolchain/bin/../lib/gcc/arm-none-eabi/6.3.1/../../../../arm-none-eabi/lib/thumb/v7e-m\libc.a(lib_a-mallocr.o)
                0x200009c8                __malloc_sbrk_base
 .data.__malloc_trim_threshold
                0x200009cc        0x4 c:/program files (x86)/atmel/studio/7.0/toolchain/arm/arm-gnu-toolchain/bin/../lib/gcc/arm-none-eabi/6.3.1/../../../../arm-none-eabi/lib/thumb/v7e-m\libc.a(lib_a-mallocr.o)
                0x200009cc                __malloc_trim_threshold
                0x200009d0                . = ALIGN (0x4)
                0x200009d0                _erelocate = .

.bss            0x200009d0      0x100 load address 0x004072b4
                0x200009d0                . = ALIGN (0x4)
                0x200009d0                _sbss = .
                0x200009d0                _szero = .
 *(.bss .bss.*)
 .bss           0x200009d0       0x1c c:/program files (x86)/atmel/studio/7.0/toolchain/arm/arm-gnu-toolchain/bin/../lib/gcc/arm-none-eabi/6.3.1/thumb/v7e-m/crtbegin.o
 .bss.gs_interrupt_sources
                0x200009ec       0x70 src/ASF/sam/drivers/pio/pio_handler.o
 .bss.pio_capture_handler
                0x20000a5c        0x4 src/ASF/sam/drivers/pio/pio_handler.o
 .bss.heap.5297
                0x20000a60        0x4 src/ASF/sam/utils/syscalls/gcc/syscalls.o
 .bss.__malloc_current_mallinfo
                0x20000a64       0x28 c:/program files (x86)/atmel/studio/7.0/toolchain/arm/arm-gnu-toolchain/bin/../lib/gcc/arm-none-eabi/6.3.1/../../../../arm-none-eabi/lib/thumb/v7e-m\libc.a(lib_a-mallocr.o)
                0x20000a64                __malloc_current_mallinfo
 .bss.__malloc_max_sbrked_mem
                0x20000a8c        0x4 c:/program files (x86)/atmel/studio/7.0/toolchain/arm/arm-gnu-toolchain/bin/../lib/gcc/arm-none-eabi/6.3.1/../../../../arm-none-eabi/lib/thumb/v7e-m\libc.a(lib_a-mallocr.o)
                0x20000a8c                __malloc_max_sbrked_mem
 .bss.__malloc_max_total_mem
                0x20000a90        0x4 c:/program files (x86)/atmel/studio/7.0/toolchain/arm/arm-gnu-toolchain/bin/../lib/gcc/arm-none-eabi/6.3.1/../../../../arm-none-eabi/lib/thumb/v7e-m\libc.a(lib_a-mallocr.o)
                0x20000a90                __malloc_max_total_mem
 .bss.__malloc_top_pad
                0x20000a94        0x4 c:/program files (x86)/atmel/studio/7.0/toolchain/arm/arm-gnu-toolchain/bin/../lib/gcc/arm-none-eabi/6.3.1/../../../../arm-none-eabi/lib/thumb/v7e-m\libc.a(lib_a-mallocr.o)
                0x20000a94                __malloc_top_pad
 *(COMMON)
 COMMON         0x20000a98        0x4 src/ASF/common/utils/stdio/read.o
                0x20000a98                ptr_get
 COMMON         0x20000a9c        0x8 src/ASF/common/utils/stdio/write.o
                0x20000a9c                ptr_put
                0x20000aa0                stdio_base
 COMMON         0x20000aa4        0x4 src/ASF/sam/drivers/pio/pio.o
                0x20000aa4                pio_capture_enable_flag
 COMMON         0x20000aa8       0x21 c:/program files (x86)/atmel/studio/7.0/toolchain/arm/arm-gnu-toolchain/bin/../lib/gcc/arm-none-eabi/6.3.1/../../../../arm-none-eabi/lib/thumb/v7e-m\libc.a(lib_a-lock.o)
                0x20000aa8                __lock___atexit_recursive_mutex
                0x20000aac                __lock___arc4random_mutex
                0x20000ab0                __lock___env_recursive_mutex
                0x20000ab4                __lock___sinit_recursive_mutex
                0x20000ab8                __lock___malloc_recursive_mutex
                0x20000abc                __lock___at_quick_exit_mutex
                0x20000ac0                __lock___dd_hash_mutex
                0x20000ac4                __lock___tz_mutex
                0x20000ac8                __lock___sfp_recursive_mutex
 *fill*         0x20000ac9        0x3 
 COMMON         0x20000acc        0x4 c:/program files (x86)/atmel/studio/7.0/toolchain/arm/arm-gnu-toolchain/bin/../lib/gcc/arm-none-eabi/6.3.1/../../../../arm-none-eabi/lib/thumb/v7e-m\libc.a(lib_a-reent.o)
                0x20000acc                errno
                0x20000ad0                . = ALIGN (0x4)
                0x20000ad0                _ebss = .
                0x20000ad0                _ezero = .

.stack          0x20000ad0     0x3000 load address 0x004073b4
                0x20000ad0                . = ALIGN (0x8)
                0x20000ad0                _sstack = .
                0x20003ad0                . = (. + __stack_size__)
 *fill*         0x20000ad0     0x3000 
                0x20003ad0                . = ALIGN (0x8)
                0x20003ad0                _estack = .
                0x20003ad0                . = ALIGN (0x4)
                0x20003ad0                _end = .
OUTPUT(Projetao.elf elf32-littlearm)

.ARM.attributes
                0x00000000       0x2a
 .ARM.attributes
                0x00000000       0x1e c:/program files (x86)/atmel/studio/7.0/toolchain/arm/arm-gnu-toolchain/bin/../lib/gcc/arm-none-eabi/6.3.1/thumb/v7e-m/crti.o
 .ARM.attributes
                0x0000001e       0x2e c:/program files (x86)/atmel/studio/7.0/toolchain/arm/arm-gnu-toolchain/bin/../lib/gcc/arm-none-eabi/6.3.1/thumb/v7e-m/crtbegin.o
 .ARM.attributes
                0x0000004c       0x33 src/ASF/common/utils/stdio/read.o
 .ARM.attributes
                0x0000007f       0x33 src/ASF/sam/drivers/adc/adc.o
 .ARM.attributes
                0x000000b2       0x33 src/ASF/sam/drivers/tc/tc.o
 .ARM.attributes
                0x000000e5       0x33 src/ASF/sam/drivers/usart/usart.o
 .ARM.attributes
                0x00000118       0x33 src/ASF/common/utils/stdio/write.o
 .ARM.attributes
                0x0000014b       0x33 src/ASF/sam/drivers/uart/uart.o
 .ARM.attributes
                0x0000017e       0x33 src/ASF/common/services/clock/sam4s/sysclk.o
 .ARM.attributes
                0x000001b1       0x33 src/ASF/sam/boards/sam4s_ek2/init.o
 .ARM.attributes
                0x000001e4       0x33 src/ASF/sam/drivers/pio/pio.o
 .ARM.attributes
                0x00000217       0x33 src/ASF/sam/drivers/pio/pio_handler.o
 .ARM.attributes
                0x0000024a       0x33 src/ASF/sam/drivers/pmc/pmc.o
 .ARM.attributes
                0x0000027d       0x33 src/ASF/sam/utils/cmsis/sam4s/source/templates/gcc/startup_sam4s.o
 .ARM.attributes
                0x000002b0       0x33 src/ASF/sam/utils/cmsis/sam4s/source/templates/system_sam4s.o
 .ARM.attributes
                0x000002e3       0x33 src/ASF/sam/utils/syscalls/gcc/syscalls.o
 .ARM.attributes
                0x00000316       0x33 src/main.o
 .ARM.attributes
                0x00000349       0x2e c:/program files (x86)/atmel/studio/7.0/toolchain/arm/arm-gnu-toolchain/bin/../lib/gcc/arm-none-eabi/6.3.1/../../../../arm-none-eabi/lib/thumb/v7e-m\libc.a(lib_a-impure.o)
 .ARM.attributes
                0x00000377       0x2e c:/program files (x86)/atmel/studio/7.0/toolchain/arm/arm-gnu-toolchain/bin/../lib/gcc/arm-none-eabi/6.3.1/../../../../arm-none-eabi/lib/thumb/v7e-m\libc.a(lib_a-init.o)
 .ARM.attributes
                0x000003a5       0x2e c:/program files (x86)/atmel/studio/7.0/toolchain/arm/arm-gnu-toolchain/bin/../lib/gcc/arm-none-eabi/6.3.1/../../../../arm-none-eabi/lib/thumb/v7e-m\libc.a(lib_a-memset.o)
 .ARM.attributes
                0x000003d3       0x2e c:/program files (x86)/atmel/studio/7.0/toolchain/arm/arm-gnu-toolchain/bin/../lib/gcc/arm-none-eabi/6.3.1/../../../../arm-none-eabi/lib/thumb/v7e-m\libc.a(lib_a-puts.o)
 .ARM.attributes
                0x00000401       0x2e c:/program files (x86)/atmel/studio/7.0/toolchain/arm/arm-gnu-toolchain/bin/../lib/gcc/arm-none-eabi/6.3.1/../../../../arm-none-eabi/lib/thumb/v7e-m\libc.a(lib_a-setbuf.o)
 .ARM.attributes
                0x0000042f       0x2e c:/program files (x86)/atmel/studio/7.0/toolchain/arm/arm-gnu-toolchain/bin/../lib/gcc/arm-none-eabi/6.3.1/../../../../arm-none-eabi/lib/thumb/v7e-m\libc.a(lib_a-setvbuf.o)
 .ARM.attributes
                0x0000045d       0x2e c:/program files (x86)/atmel/studio/7.0/toolchain/arm/arm-gnu-toolchain/bin/../lib/gcc/arm-none-eabi/6.3.1/../../../../arm-none-eabi/lib/thumb/v7e-m\libc.a(lib_a-sprintf.o)
 .ARM.attributes
                0x0000048b       0x1c c:/program files (x86)/atmel/studio/7.0/toolchain/arm/arm-gnu-toolchain/bin/../lib/gcc/arm-none-eabi/6.3.1/../../../../arm-none-eabi/lib/thumb/v7e-m\libc.a(lib_a-strlen.o)
 .ARM.attributes
                0x000004a7       0x2e c:/program files (x86)/atmel/studio/7.0/toolchain/arm/arm-gnu-toolchain/bin/../lib/gcc/arm-none-eabi/6.3.1/../../../../arm-none-eabi/lib/thumb/v7e-m\libc.a(lib_a-svfprintf.o)
 .ARM.attributes
                0x000004d5       0x2e c:/program files (x86)/atmel/studio/7.0/toolchain/arm/arm-gnu-toolchain/bin/../lib/gcc/arm-none-eabi/6.3.1/../../../../arm-none-eabi/lib/thumb/v7e-m\libc.a(lib_a-wsetup.o)
 .ARM.attributes
                0x00000503       0x2e c:/program files (x86)/atmel/studio/7.0/toolchain/arm/arm-gnu-toolchain/bin/../lib/gcc/arm-none-eabi/6.3.1/../../../../arm-none-eabi/lib/thumb/v7e-m\libc.a(lib_a-__call_atexit.o)
 .ARM.attributes
                0x00000531       0x2e c:/program files (x86)/atmel/studio/7.0/toolchain/arm/arm-gnu-toolchain/bin/../lib/gcc/arm-none-eabi/6.3.1/../../../../arm-none-eabi/lib/thumb/v7e-m\libc.a(lib_a-atexit.o)
 .ARM.attributes
                0x0000055f       0x2e c:/program files (x86)/atmel/studio/7.0/toolchain/arm/arm-gnu-toolchain/bin/../lib/gcc/arm-none-eabi/6.3.1/../../../../arm-none-eabi/lib/thumb/v7e-m\libc.a(lib_a-dtoa.o)
 .ARM.attributes
                0x0000058d       0x2e c:/program files (x86)/atmel/studio/7.0/toolchain/arm/arm-gnu-toolchain/bin/../lib/gcc/arm-none-eabi/6.3.1/../../../../arm-none-eabi/lib/thumb/v7e-m\libc.a(lib_a-fflush.o)
 .ARM.attributes
                0x000005bb       0x2e c:/program files (x86)/atmel/studio/7.0/toolchain/arm/arm-gnu-toolchain/bin/../lib/gcc/arm-none-eabi/6.3.1/../../../../arm-none-eabi/lib/thumb/v7e-m\libc.a(lib_a-findfp.o)
 .ARM.attributes
                0x000005e9       0x2e c:/program files (x86)/atmel/studio/7.0/toolchain/arm/arm-gnu-toolchain/bin/../lib/gcc/arm-none-eabi/6.3.1/../../../../arm-none-eabi/lib/thumb/v7e-m\libc.a(lib_a-fini.o)
 .ARM.attributes
                0x00000617       0x2e c:/program files (x86)/atmel/studio/7.0/toolchain/arm/arm-gnu-toolchain/bin/../lib/gcc/arm-none-eabi/6.3.1/../../../../arm-none-eabi/lib/thumb/v7e-m\libc.a(lib_a-freer.o)
 .ARM.attributes
                0x00000645       0x2e c:/program files (x86)/atmel/studio/7.0/toolchain/arm/arm-gnu-toolchain/bin/../lib/gcc/arm-none-eabi/6.3.1/../../../../arm-none-eabi/lib/thumb/v7e-m\libc.a(lib_a-fvwrite.o)
 .ARM.attributes
                0x00000673       0x2e c:/program files (x86)/atmel/studio/7.0/toolchain/arm/arm-gnu-toolchain/bin/../lib/gcc/arm-none-eabi/6.3.1/../../../../arm-none-eabi/lib/thumb/v7e-m\libc.a(lib_a-fwalk.o)
 .ARM.attributes
                0x000006a1       0x2e c:/program files (x86)/atmel/studio/7.0/toolchain/arm/arm-gnu-toolchain/bin/../lib/gcc/arm-none-eabi/6.3.1/../../../../arm-none-eabi/lib/thumb/v7e-m\libc.a(lib_a-locale.o)
 .ARM.attributes
                0x000006cf       0x2e c:/program files (x86)/atmel/studio/7.0/toolchain/arm/arm-gnu-toolchain/bin/../lib/gcc/arm-none-eabi/6.3.1/../../../../arm-none-eabi/lib/thumb/v7e-m\libc.a(lib_a-localeconv.o)
 .ARM.attributes
                0x000006fd       0x2e c:/program files (x86)/atmel/studio/7.0/toolchain/arm/arm-gnu-toolchain/bin/../lib/gcc/arm-none-eabi/6.3.1/../../../../arm-none-eabi/lib/thumb/v7e-m\libc.a(lib_a-lock.o)
 .ARM.attributes
                0x0000072b       0x2e c:/program files (x86)/atmel/studio/7.0/toolchain/arm/arm-gnu-toolchain/bin/../lib/gcc/arm-none-eabi/6.3.1/../../../../arm-none-eabi/lib/thumb/v7e-m\libc.a(lib_a-makebuf.o)
 .ARM.attributes
                0x00000759       0x2e c:/program files (x86)/atmel/studio/7.0/toolchain/arm/arm-gnu-toolchain/bin/../lib/gcc/arm-none-eabi/6.3.1/../../../../arm-none-eabi/lib/thumb/v7e-m\libc.a(lib_a-malloc.o)
 .ARM.attributes
                0x00000787       0x2e c:/program files (x86)/atmel/studio/7.0/toolchain/arm/arm-gnu-toolchain/bin/../lib/gcc/arm-none-eabi/6.3.1/../../../../arm-none-eabi/lib/thumb/v7e-m\libc.a(lib_a-mallocr.o)
 .ARM.attributes
                0x000007b5       0x2e c:/program files (x86)/atmel/studio/7.0/toolchain/arm/arm-gnu-toolchain/bin/../lib/gcc/arm-none-eabi/6.3.1/../../../../arm-none-eabi/lib/thumb/v7e-m\libc.a(lib_a-mbtowc_r.o)
 .ARM.attributes
                0x000007e3       0x1c c:/program files (x86)/atmel/studio/7.0/toolchain/arm/arm-gnu-toolchain/bin/../lib/gcc/arm-none-eabi/6.3.1/../../../../arm-none-eabi/lib/thumb/v7e-m\libc.a(lib_a-memchr.o)
 .ARM.attributes
                0x000007ff       0x1c c:/program files (x86)/atmel/studio/7.0/toolchain/arm/arm-gnu-toolchain/bin/../lib/gcc/arm-none-eabi/6.3.1/../../../../arm-none-eabi/lib/thumb/v7e-m\libc.a(lib_a-memcpy.o)
 .ARM.attributes
                0x0000081b       0x2e c:/program files (x86)/atmel/studio/7.0/toolchain/arm/arm-gnu-toolchain/bin/../lib/gcc/arm-none-eabi/6.3.1/../../../../arm-none-eabi/lib/thumb/v7e-m\libc.a(lib_a-memmove.o)
 .ARM.attributes
                0x00000849       0x2e c:/program files (x86)/atmel/studio/7.0/toolchain/arm/arm-gnu-toolchain/bin/../lib/gcc/arm-none-eabi/6.3.1/../../../../arm-none-eabi/lib/thumb/v7e-m\libc.a(lib_a-mlock.o)
 .ARM.attributes
                0x00000877       0x2e c:/program files (x86)/atmel/studio/7.0/toolchain/arm/arm-gnu-toolchain/bin/../lib/gcc/arm-none-eabi/6.3.1/../../../../arm-none-eabi/lib/thumb/v7e-m\libc.a(lib_a-mprec.o)
 .ARM.attributes
                0x000008a5       0x2e c:/program files (x86)/atmel/studio/7.0/toolchain/arm/arm-gnu-toolchain/bin/../lib/gcc/arm-none-eabi/6.3.1/../../../../arm-none-eabi/lib/thumb/v7e-m\libc.a(lib_a-reallocr.o)
 .ARM.attributes
                0x000008d3       0x2e c:/program files (x86)/atmel/studio/7.0/toolchain/arm/arm-gnu-toolchain/bin/../lib/gcc/arm-none-eabi/6.3.1/../../../../arm-none-eabi/lib/thumb/v7e-m\libc.a(lib_a-sbrkr.o)
 .ARM.attributes
                0x00000901       0x2e c:/program files (x86)/atmel/studio/7.0/toolchain/arm/arm-gnu-toolchain/bin/../lib/gcc/arm-none-eabi/6.3.1/../../../../arm-none-eabi/lib/thumb/v7e-m\libc.a(lib_a-stdio.o)
 .ARM.attributes
                0x0000092f       0x2e c:/program files (x86)/atmel/studio/7.0/toolchain/arm/arm-gnu-toolchain/bin/../lib/gcc/arm-none-eabi/6.3.1/../../../../arm-none-eabi/lib/thumb/v7e-m\libc.a(lib_a-svfiprintf.o)
 .ARM.attributes
                0x0000095d       0x2e c:/program files (x86)/atmel/studio/7.0/toolchain/arm/arm-gnu-toolchain/bin/../lib/gcc/arm-none-eabi/6.3.1/../../../../arm-none-eabi/lib/thumb/v7e-m\libc.a(lib_a-wctomb_r.o)
 .ARM.attributes
                0x0000098b       0x2e c:/program files (x86)/atmel/studio/7.0/toolchain/arm/arm-gnu-toolchain/bin/../lib/gcc/arm-none-eabi/6.3.1/../../../../arm-none-eabi/lib/thumb/v7e-m\libc.a(lib_a-writer.o)
 .ARM.attributes
                0x000009b9       0x2e c:/program files (x86)/atmel/studio/7.0/toolchain/arm/arm-gnu-toolchain/bin/../lib/gcc/arm-none-eabi/6.3.1/../../../../arm-none-eabi/lib/thumb/v7e-m\libc.a(lib_a-__atexit.o)
 .ARM.attributes
                0x000009e7       0x2e c:/program files (x86)/atmel/studio/7.0/toolchain/arm/arm-gnu-toolchain/bin/../lib/gcc/arm-none-eabi/6.3.1/../../../../arm-none-eabi/lib/thumb/v7e-m\libc.a(lib_a-callocr.o)
 .ARM.attributes
                0x00000a15       0x2e c:/program files (x86)/atmel/studio/7.0/toolchain/arm/arm-gnu-toolchain/bin/../lib/gcc/arm-none-eabi/6.3.1/../../../../arm-none-eabi/lib/thumb/v7e-m\libc.a(lib_a-closer.o)
 .ARM.attributes
                0x00000a43       0x2e c:/program files (x86)/atmel/studio/7.0/toolchain/arm/arm-gnu-toolchain/bin/../lib/gcc/arm-none-eabi/6.3.1/../../../../arm-none-eabi/lib/thumb/v7e-m\libc.a(lib_a-ctype_.o)
 .ARM.attributes
                0x00000a71       0x2e c:/program files (x86)/atmel/studio/7.0/toolchain/arm/arm-gnu-toolchain/bin/../lib/gcc/arm-none-eabi/6.3.1/../../../../arm-none-eabi/lib/thumb/v7e-m\libc.a(lib_a-fclose.o)
 .ARM.attributes
                0x00000a9f       0x2e c:/program files (x86)/atmel/studio/7.0/toolchain/arm/arm-gnu-toolchain/bin/../lib/gcc/arm-none-eabi/6.3.1/../../../../arm-none-eabi/lib/thumb/v7e-m\libc.a(lib_a-fstatr.o)
 .ARM.attributes
                0x00000acd       0x2e c:/program files (x86)/atmel/studio/7.0/toolchain/arm/arm-gnu-toolchain/bin/../lib/gcc/arm-none-eabi/6.3.1/../../../../arm-none-eabi/lib/thumb/v7e-m\libc.a(lib_a-isattyr.o)
 .ARM.attributes
                0x00000afb       0x2e c:/program files (x86)/atmel/studio/7.0/toolchain/arm/arm-gnu-toolchain/bin/../lib/gcc/arm-none-eabi/6.3.1/../../../../arm-none-eabi/lib/thumb/v7e-m\libc.a(lib_a-lseekr.o)
 .ARM.attributes
                0x00000b29       0x2e c:/program files (x86)/atmel/studio/7.0/toolchain/arm/arm-gnu-toolchain/bin/../lib/gcc/arm-none-eabi/6.3.1/../../../../arm-none-eabi/lib/thumb/v7e-m\libc.a(lib_a-readr.o)
 .ARM.attributes
                0x00000b57       0x2e c:/program files (x86)/atmel/studio/7.0/toolchain/arm/arm-gnu-toolchain/bin/../lib/gcc/arm-none-eabi/6.3.1/../../../../arm-none-eabi/lib/thumb/v7e-m\libc.a(lib_a-reent.o)
 .ARM.attributes
                0x00000b85       0x1e c:/program files (x86)/atmel/studio/7.0/toolchain/arm/arm-gnu-toolchain/bin/../lib/gcc/arm-none-eabi/6.3.1/thumb/v7e-m\libgcc.a(_arm_addsubdf3.o)
 .ARM.attributes
                0x00000ba3       0x1e c:/program files (x86)/atmel/studio/7.0/toolchain/arm/arm-gnu-toolchain/bin/../lib/gcc/arm-none-eabi/6.3.1/thumb/v7e-m\libgcc.a(_arm_muldivdf3.o)
 .ARM.attributes
                0x00000bc1       0x1e c:/program files (x86)/atmel/studio/7.0/toolchain/arm/arm-gnu-toolchain/bin/../lib/gcc/arm-none-eabi/6.3.1/thumb/v7e-m\libgcc.a(_arm_cmpdf2.o)
 .ARM.attributes
                0x00000bdf       0x1e c:/program files (x86)/atmel/studio/7.0/toolchain/arm/arm-gnu-toolchain/bin/../lib/gcc/arm-none-eabi/6.3.1/thumb/v7e-m\libgcc.a(_arm_unorddf2.o)
 .ARM.attributes
                0x00000bfd       0x1e c:/program files (x86)/atmel/studio/7.0/toolchain/arm/arm-gnu-toolchain/bin/../lib/gcc/arm-none-eabi/6.3.1/thumb/v7e-m\libgcc.a(_arm_fixdfsi.o)
 .ARM.attributes
                0x00000c1b       0x1e c:/program files (x86)/atmel/studio/7.0/toolchain/arm/arm-gnu-toolchain/bin/../lib/gcc/arm-none-eabi/6.3.1/thumb/v7e-m\libgcc.a(_aeabi_uldivmod.o)
 .ARM.attributes
                0x00000c39       0x2e c:/program files (x86)/atmel/studio/7.0/toolchain/arm/arm-gnu-toolchain/bin/../lib/gcc/arm-none-eabi/6.3.1/thumb/v7e-m\libgcc.a(_udivmoddi4.o)
 .ARM.attributes
                0x00000c67       0x1e c:/program files (x86)/atmel/studio/7.0/toolchain/arm/arm-gnu-toolchain/bin/../lib/gcc/arm-none-eabi/6.3.1/thumb/v7e-m\libgcc.a(_dvmd_tls.o)
 .ARM.attributes
                0x00000c85       0x1e c:/program files (x86)/atmel/studio/7.0/toolchain/arm/arm-gnu-toolchain/bin/../lib/gcc/arm-none-eabi/6.3.1/thumb/v7e-m/crtn.o

.comment        0x00000000       0x59
 .comment       0x00000000       0x59 src/ASF/common/utils/stdio/read.o
                                 0x5a (size before relaxing)
 .comment       0x00000059       0x5a src/ASF/sam/drivers/adc/adc.o
 .comment       0x00000059       0x5a src/ASF/sam/drivers/tc/tc.o
 .comment       0x00000059       0x5a src/ASF/sam/drivers/usart/usart.o
 .comment       0x00000059       0x5a src/ASF/common/utils/stdio/write.o
 .comment       0x00000059       0x5a src/ASF/sam/drivers/uart/uart.o
 .comment       0x00000059       0x5a src/ASF/common/services/clock/sam4s/sysclk.o
 .comment       0x00000059       0x5a src/ASF/sam/boards/sam4s_ek2/init.o
 .comment       0x00000059       0x5a src/ASF/sam/drivers/pio/pio.o
 .comment       0x00000059       0x5a src/ASF/sam/drivers/pio/pio_handler.o
 .comment       0x00000059       0x5a src/ASF/sam/drivers/pmc/pmc.o
 .comment       0x00000059       0x5a src/ASF/sam/utils/cmsis/sam4s/source/templates/gcc/startup_sam4s.o
 .comment       0x00000059       0x5a src/ASF/sam/utils/cmsis/sam4s/source/templates/system_sam4s.o
 .comment       0x00000059       0x5a src/ASF/sam/utils/syscalls/gcc/syscalls.o
 .comment       0x00000059       0x5a src/main.o

.debug_info     0x00000000    0x137c8
 .debug_info    0x00000000      0xac9 src/ASF/common/utils/stdio/read.o
 .debug_info    0x00000ac9     0x1b44 src/ASF/sam/drivers/adc/adc.o
 .debug_info    0x0000260d     0x123f src/ASF/sam/drivers/tc/tc.o
 .debug_info    0x0000384c     0x2060 src/ASF/sam/drivers/usart/usart.o
 .debug_info    0x000058ac      0xac6 src/ASF/common/utils/stdio/write.o
 .debug_info    0x00006372     0x1178 src/ASF/sam/drivers/uart/uart.o
 .debug_info    0x000074ea     0x10fa src/ASF/common/services/clock/sam4s/sysclk.o
 .debug_info    0x000085e4     0x1472 src/ASF/sam/boards/sam4s_ek2/init.o
 .debug_info    0x00009a56     0x221d src/ASF/sam/drivers/pio/pio.o
 .debug_info    0x0000bc73     0x18e2 src/ASF/sam/drivers/pio/pio_handler.o
 .debug_info    0x0000d555     0x1a1d src/ASF/sam/drivers/pmc/pmc.o
 .debug_info    0x0000ef72      0x6eb src/ASF/sam/utils/cmsis/sam4s/source/templates/gcc/startup_sam4s.o
 .debug_info    0x0000f65d      0x458 src/ASF/sam/utils/cmsis/sam4s/source/templates/system_sam4s.o
 .debug_info    0x0000fab5      0xdb0 src/ASF/sam/utils/syscalls/gcc/syscalls.o
 .debug_info    0x00010865     0x2f63 src/main.o

.debug_abbrev   0x00000000     0x294a
 .debug_abbrev  0x00000000      0x1fe src/ASF/common/utils/stdio/read.o
 .debug_abbrev  0x000001fe      0x337 src/ASF/sam/drivers/adc/adc.o
 .debug_abbrev  0x00000535      0x293 src/ASF/sam/drivers/tc/tc.o
 .debug_abbrev  0x000007c8      0x406 src/ASF/sam/drivers/usart/usart.o
 .debug_abbrev  0x00000bce      0x1e9 src/ASF/common/utils/stdio/write.o
 .debug_abbrev  0x00000db7      0x288 src/ASF/sam/drivers/uart/uart.o
 .debug_abbrev  0x0000103f      0x311 src/ASF/common/services/clock/sam4s/sysclk.o
 .debug_abbrev  0x00001350      0x26f src/ASF/sam/boards/sam4s_ek2/init.o
 .debug_abbrev  0x000015bf      0x3ff src/ASF/sam/drivers/pio/pio.o
 .debug_abbrev  0x000019be      0x368 src/ASF/sam/drivers/pio/pio_handler.o
 .debug_abbrev  0x00001d26      0x315 src/ASF/sam/drivers/pmc/pmc.o
 .debug_abbrev  0x0000203b      0x17c src/ASF/sam/utils/cmsis/sam4s/source/templates/gcc/startup_sam4s.o
 .debug_abbrev  0x000021b7      0x102 src/ASF/sam/utils/cmsis/sam4s/source/templates/system_sam4s.o
 .debug_abbrev  0x000022b9      0x264 src/ASF/sam/utils/syscalls/gcc/syscalls.o
 .debug_abbrev  0x0000251d      0x42d src/main.o

.debug_loc      0x00000000     0x4931
 .debug_loc     0x00000000       0xb3 src/ASF/common/utils/stdio/read.o
 .debug_loc     0x000000b3      0x9e6 src/ASF/sam/drivers/adc/adc.o
 .debug_loc     0x00000a99      0x5a4 src/ASF/sam/drivers/tc/tc.o
 .debug_loc     0x0000103d      0xe59 src/ASF/sam/drivers/usart/usart.o
 .debug_loc     0x00001e96      0x12b src/ASF/common/utils/stdio/write.o
 .debug_loc     0x00001fc1      0x241 src/ASF/sam/drivers/uart/uart.o
 .debug_loc     0x00002202      0x143 src/ASF/common/services/clock/sam4s/sysclk.o
 .debug_loc     0x00002345       0x5c src/ASF/sam/boards/sam4s_ek2/init.o
 .debug_loc     0x000023a1      0xdef src/ASF/sam/drivers/pio/pio.o
 .debug_loc     0x00003190      0x549 src/ASF/sam/drivers/pio/pio_handler.o
 .debug_loc     0x000036d9      0xb91 src/ASF/sam/drivers/pmc/pmc.o
 .debug_loc     0x0000426a       0xa1 src/ASF/sam/utils/cmsis/sam4s/source/templates/gcc/startup_sam4s.o
 .debug_loc     0x0000430b       0xfd src/ASF/sam/utils/syscalls/gcc/syscalls.o
 .debug_loc     0x00004408      0x529 src/main.o

.debug_aranges  0x00000000      0xb00
 .debug_aranges
                0x00000000       0x20 src/ASF/common/utils/stdio/read.o
 .debug_aranges
                0x00000020      0x188 src/ASF/sam/drivers/adc/adc.o
 .debug_aranges
                0x000001a8       0xd0 src/ASF/sam/drivers/tc/tc.o
 .debug_aranges
                0x00000278      0x210 src/ASF/sam/drivers/usart/usart.o
 .debug_aranges
                0x00000488       0x20 src/ASF/common/utils/stdio/write.o
 .debug_aranges
                0x000004a8       0xe8 src/ASF/sam/drivers/uart/uart.o
 .debug_aranges
                0x00000590       0x30 src/ASF/common/services/clock/sam4s/sysclk.o
 .debug_aranges
                0x000005c0       0x20 src/ASF/sam/boards/sam4s_ek2/init.o
 .debug_aranges
                0x000005e0      0x1a8 src/ASF/sam/drivers/pio/pio.o
 .debug_aranges
                0x00000788       0x58 src/ASF/sam/drivers/pio/pio_handler.o
 .debug_aranges
                0x000007e0      0x208 src/ASF/sam/drivers/pmc/pmc.o
 .debug_aranges
                0x000009e8       0x28 src/ASF/sam/utils/cmsis/sam4s/source/templates/gcc/startup_sam4s.o
 .debug_aranges
                0x00000a10       0x30 src/ASF/sam/utils/cmsis/sam4s/source/templates/system_sam4s.o
 .debug_aranges
                0x00000a40       0x60 src/ASF/sam/utils/syscalls/gcc/syscalls.o
 .debug_aranges
                0x00000aa0       0x60 src/main.o

.debug_ranges   0x00000000      0xa40
 .debug_ranges  0x00000000       0x10 src/ASF/common/utils/stdio/read.o
 .debug_ranges  0x00000010      0x178 src/ASF/sam/drivers/adc/adc.o
 .debug_ranges  0x00000188       0xc0 src/ASF/sam/drivers/tc/tc.o
 .debug_ranges  0x00000248      0x200 src/ASF/sam/drivers/usart/usart.o
 .debug_ranges  0x00000448       0x10 src/ASF/common/utils/stdio/write.o
 .debug_ranges  0x00000458       0xd8 src/ASF/sam/drivers/uart/uart.o
 .debug_ranges  0x00000530       0x20 src/ASF/common/services/clock/sam4s/sysclk.o
 .debug_ranges  0x00000550       0x10 src/ASF/sam/boards/sam4s_ek2/init.o
 .debug_ranges  0x00000560      0x1b0 src/ASF/sam/drivers/pio/pio.o
 .debug_ranges  0x00000710       0x60 src/ASF/sam/drivers/pio/pio_handler.o
 .debug_ranges  0x00000770      0x1f8 src/ASF/sam/drivers/pmc/pmc.o
 .debug_ranges  0x00000968       0x18 src/ASF/sam/utils/cmsis/sam4s/source/templates/gcc/startup_sam4s.o
 .debug_ranges  0x00000980       0x20 src/ASF/sam/utils/cmsis/sam4s/source/templates/system_sam4s.o
 .debug_ranges  0x000009a0       0x50 src/ASF/sam/utils/syscalls/gcc/syscalls.o
 .debug_ranges  0x000009f0       0x50 src/main.o

.debug_macro    0x00000000    0x132e6
 .debug_macro   0x00000000      0x524 src/ASF/common/utils/stdio/read.o
 .debug_macro   0x00000524      0x8ce src/ASF/common/utils/stdio/read.o
 .debug_macro   0x00000df2      0x16d src/ASF/common/utils/stdio/read.o
 .debug_macro   0x00000f5f      0x64b src/ASF/common/utils/stdio/read.o
 .debug_macro   0x000015aa       0x76 src/ASF/common/utils/stdio/read.o
 .debug_macro   0x00001620       0x16 src/ASF/common/utils/stdio/read.o
 .debug_macro   0x00001636      0x6e4 src/ASF/common/utils/stdio/read.o
 .debug_macro   0x00001d1a       0x22 src/ASF/common/utils/stdio/read.o
 .debug_macro   0x00001d3c       0x87 src/ASF/common/utils/stdio/read.o
 .debug_macro   0x00001dc3       0x51 src/ASF/common/utils/stdio/read.o
 .debug_macro   0x00001e14       0xef src/ASF/common/utils/stdio/read.o
 .debug_macro   0x00001f03       0x6a src/ASF/common/utils/stdio/read.o
 .debug_macro   0x00001f6d      0x1df src/ASF/common/utils/stdio/read.o
 .debug_macro   0x0000214c       0x27 src/ASF/common/utils/stdio/read.o
 .debug_macro   0x00002173       0x3b src/ASF/common/utils/stdio/read.o
 .debug_macro   0x000021ae       0x2d src/ASF/common/utils/stdio/read.o
 .debug_macro   0x000021db       0x26 src/ASF/common/utils/stdio/read.o
 .debug_macro   0x00002201      0xbbf src/ASF/common/utils/stdio/read.o
 .debug_macro   0x00002dc0      0x159 src/ASF/common/utils/stdio/read.o
 .debug_macro   0x00002f19      0xaaf src/ASF/common/utils/stdio/read.o
 .debug_macro   0x000039c8      0x1b9 src/ASF/common/utils/stdio/read.o
 .debug_macro   0x00003b81      0x11e src/ASF/common/utils/stdio/read.o
 .debug_macro   0x00003c9f       0xac src/ASF/common/utils/stdio/read.o
 .debug_macro   0x00003d4b      0x401 src/ASF/common/utils/stdio/read.o
 .debug_macro   0x0000414c      0x106 src/ASF/common/utils/stdio/read.o
 .debug_macro   0x00004252       0x1c src/ASF/common/utils/stdio/read.o
 .debug_macro   0x0000426e      0x738 src/ASF/common/utils/stdio/read.o
 .debug_macro   0x000049a6      0x2d2 src/ASF/common/utils/stdio/read.o
 .debug_macro   0x00004c78       0xbe src/ASF/common/utils/stdio/read.o
 .debug_macro   0x00004d36     0x280b src/ASF/common/utils/stdio/read.o
 .debug_macro   0x00007541      0x777 src/ASF/common/utils/stdio/read.o
 .debug_macro   0x00007cb8      0xa8e src/ASF/common/utils/stdio/read.o
 .debug_macro   0x00008746       0x9a src/ASF/common/utils/stdio/read.o
 .debug_macro   0x000087e0      0x3d8 src/ASF/common/utils/stdio/read.o
 .debug_macro   0x00008bb8       0x64 src/ASF/common/utils/stdio/read.o
 .debug_macro   0x00008c1c      0x1ae src/ASF/common/utils/stdio/read.o
 .debug_macro   0x00008dca      0x386 src/ASF/common/utils/stdio/read.o
 .debug_macro   0x00009150      0x624 src/ASF/common/utils/stdio/read.o
 .debug_macro   0x00009774      0x690 src/ASF/common/utils/stdio/read.o
 .debug_macro   0x00009e04      0x59f src/ASF/common/utils/stdio/read.o
 .debug_macro   0x0000a3a3      0x34d src/ASF/common/utils/stdio/read.o
 .debug_macro   0x0000a6f0      0x28c src/ASF/common/utils/stdio/read.o
 .debug_macro   0x0000a97c      0x2d6 src/ASF/common/utils/stdio/read.o
 .debug_macro   0x0000ac52      0x6d9 src/ASF/common/utils/stdio/read.o
 .debug_macro   0x0000b32b       0x76 src/ASF/common/utils/stdio/read.o
 .debug_macro   0x0000b3a1       0xb8 src/ASF/common/utils/stdio/read.o
 .debug_macro   0x0000b459       0xb2 src/ASF/common/utils/stdio/read.o
 .debug_macro   0x0000b50b       0x88 src/ASF/common/utils/stdio/read.o
 .debug_macro   0x0000b593      0x105 src/ASF/common/utils/stdio/read.o
 .debug_macro   0x0000b698      0x105 src/ASF/common/utils/stdio/read.o
 .debug_macro   0x0000b79d       0x88 src/ASF/common/utils/stdio/read.o
 .debug_macro   0x0000b825       0x88 src/ASF/common/utils/stdio/read.o
 .debug_macro   0x0000b8ad      0x2cd src/ASF/common/utils/stdio/read.o
 .debug_macro   0x0000bb7a       0xb2 src/ASF/common/utils/stdio/read.o
 .debug_macro   0x0000bc2c       0xb2 src/ASF/common/utils/stdio/read.o
 .debug_macro   0x0000bcde       0x52 src/ASF/common/utils/stdio/read.o
 .debug_macro   0x0000bd30       0xac src/ASF/common/utils/stdio/read.o
 .debug_macro   0x0000bddc       0x7c src/ASF/common/utils/stdio/read.o
 .debug_macro   0x0000be58       0x40 src/ASF/common/utils/stdio/read.o
 .debug_macro   0x0000be98       0x64 src/ASF/common/utils/stdio/read.o
 .debug_macro   0x0000befc       0x46 src/ASF/common/utils/stdio/read.o
 .debug_macro   0x0000bf42       0x88 src/ASF/common/utils/stdio/read.o
 .debug_macro   0x0000bfca       0x4c src/ASF/common/utils/stdio/read.o
 .debug_macro   0x0000c016       0xa6 src/ASF/common/utils/stdio/read.o
 .debug_macro   0x0000c0bc       0x7c src/ASF/common/utils/stdio/read.o
 .debug_macro   0x0000c138       0x16 src/ASF/common/utils/stdio/read.o
 .debug_macro   0x0000c14e       0x7c src/ASF/common/utils/stdio/read.o
 .debug_macro   0x0000c1ca       0x22 src/ASF/common/utils/stdio/read.o
 .debug_macro   0x0000c1ec       0x22 src/ASF/common/utils/stdio/read.o
 .debug_macro   0x0000c20e      0x195 src/ASF/common/utils/stdio/read.o
 .debug_macro   0x0000c3a3      0x165 src/ASF/common/utils/stdio/read.o
 .debug_macro   0x0000c508      0x165 src/ASF/common/utils/stdio/read.o
 .debug_macro   0x0000c66d       0x1c src/ASF/common/utils/stdio/read.o
 .debug_macro   0x0000c689       0x2e src/ASF/common/utils/stdio/read.o
 .debug_macro   0x0000c6b7       0x22 src/ASF/common/utils/stdio/read.o
 .debug_macro   0x0000c6d9       0x1c src/ASF/common/utils/stdio/read.o
 .debug_macro   0x0000c6f5       0x52 src/ASF/common/utils/stdio/read.o
 .debug_macro   0x0000c747       0x10 src/ASF/common/utils/stdio/read.o
 .debug_macro   0x0000c757      0x234 src/ASF/common/utils/stdio/read.o
 .debug_macro   0x0000c98b      0x938 src/ASF/common/utils/stdio/read.o
 .debug_macro   0x0000d2c3      0x12a src/ASF/common/utils/stdio/read.o
 .debug_macro   0x0000d3ed       0x58 src/ASF/common/utils/stdio/read.o
 .debug_macro   0x0000d445       0x35 src/ASF/common/utils/stdio/read.o
 .debug_macro   0x0000d47a       0x9c src/ASF/common/utils/stdio/read.o
 .debug_macro   0x0000d516       0x16 src/ASF/common/utils/stdio/read.o
 .debug_macro   0x0000d52c       0x35 src/ASF/common/utils/stdio/read.o
 .debug_macro   0x0000d561      0x353 src/ASF/common/utils/stdio/read.o
 .debug_macro   0x0000d8b4       0x10 src/ASF/common/utils/stdio/read.o
 .debug_macro   0x0000d8c4       0x58 src/ASF/common/utils/stdio/read.o
 .debug_macro   0x0000d91c       0x1f src/ASF/common/utils/stdio/read.o
 .debug_macro   0x0000d93b       0x43 src/ASF/common/utils/stdio/read.o
 .debug_macro   0x0000d97e       0x20 src/ASF/common/utils/stdio/read.o
 .debug_macro   0x0000d99e      0x187 src/ASF/common/utils/stdio/read.o
 .debug_macro   0x0000db25       0x10 src/ASF/common/utils/stdio/read.o
 .debug_macro   0x0000db35       0x1c src/ASF/common/utils/stdio/read.o
 .debug_macro   0x0000db51       0x52 src/ASF/common/utils/stdio/read.o
 .debug_macro   0x0000dba3       0x40 src/ASF/common/utils/stdio/read.o
 .debug_macro   0x0000dbe3       0x10 src/ASF/common/utils/stdio/read.o
 .debug_macro   0x0000dbf3       0x40 src/ASF/common/utils/stdio/read.o
 .debug_macro   0x0000dc33       0xd7 src/ASF/common/utils/stdio/read.o
 .debug_macro   0x0000dd0a       0x16 src/ASF/common/utils/stdio/read.o
 .debug_macro   0x0000dd20      0x18b src/ASF/common/utils/stdio/read.o
 .debug_macro   0x0000deab       0x22 src/ASF/common/utils/stdio/read.o
 .debug_macro   0x0000decd       0x16 src/ASF/common/utils/stdio/read.o
 .debug_macro   0x0000dee3       0x16 src/ASF/common/utils/stdio/read.o
 .debug_macro   0x0000def9       0x29 src/ASF/common/utils/stdio/read.o
 .debug_macro   0x0000df22       0x75 src/ASF/common/utils/stdio/read.o
 .debug_macro   0x0000df97       0x3f src/ASF/common/utils/stdio/read.o
 .debug_macro   0x0000dfd6      0x3ca src/ASF/common/utils/stdio/read.o
 .debug_macro   0x0000e3a0      0x53d src/ASF/sam/drivers/adc/adc.o
 .debug_macro   0x0000e8dd       0x1c src/ASF/sam/drivers/adc/adc.o
 .debug_macro   0x0000e8f9      0x53a src/ASF/sam/drivers/tc/tc.o
 .debug_macro   0x0000ee33       0x52 src/ASF/sam/drivers/tc/tc.o
 .debug_macro   0x0000ee85       0x8d src/ASF/sam/drivers/tc/tc.o
 .debug_macro   0x0000ef12       0x16 src/ASF/sam/drivers/tc/tc.o
 .debug_macro   0x0000ef28       0x57 src/ASF/sam/drivers/tc/tc.o
 .debug_macro   0x0000ef7f       0x1c src/ASF/sam/drivers/tc/tc.o
 .debug_macro   0x0000ef9b      0x569 src/ASF/sam/drivers/usart/usart.o
 .debug_macro   0x0000f504       0x28 src/ASF/sam/drivers/usart/usart.o
 .debug_macro   0x0000f52c      0x524 src/ASF/common/utils/stdio/write.o
 .debug_macro   0x0000fa50      0x533 src/ASF/sam/drivers/uart/uart.o
 .debug_macro   0x0000ff83       0x16 src/ASF/sam/drivers/uart/uart.o
 .debug_macro   0x0000ff99      0x59e src/ASF/common/services/clock/sam4s/sysclk.o
 .debug_macro   0x00010537      0x2c0 src/ASF/common/services/clock/sam4s/sysclk.o
 .debug_macro   0x000107f7      0x5de src/ASF/sam/boards/sam4s_ek2/init.o
 .debug_macro   0x00010dd5       0x46 src/ASF/sam/boards/sam4s_ek2/init.o
 .debug_macro   0x00010e1b       0x94 src/ASF/sam/boards/sam4s_ek2/init.o
 .debug_macro   0x00010eaf       0x40 src/ASF/sam/boards/sam4s_ek2/init.o
 .debug_macro   0x00010eef       0x82 src/ASF/sam/boards/sam4s_ek2/init.o
 .debug_macro   0x00010f71      0x539 src/ASF/sam/drivers/pio/pio.o
 .debug_macro   0x000114aa       0x8e src/ASF/sam/drivers/pio/pio.o
 .debug_macro   0x00011538      0x543 src/ASF/sam/drivers/pio/pio_handler.o
 .debug_macro   0x00011a7b      0x539 src/ASF/sam/drivers/pmc/pmc.o
 .debug_macro   0x00011fb4       0x52 src/ASF/sam/drivers/pmc/pmc.o
 .debug_macro   0x00012006      0x325 src/ASF/sam/utils/cmsis/sam4s/source/templates/gcc/startup_sam4s.o
 .debug_macro   0x0001232b      0x32d src/ASF/sam/utils/cmsis/sam4s/source/templates/system_sam4s.o
 .debug_macro   0x00012658      0x1d6 src/ASF/sam/utils/syscalls/gcc/syscalls.o
 .debug_macro   0x0001282e       0x97 src/ASF/sam/utils/syscalls/gcc/syscalls.o
 .debug_macro   0x000128c5       0xf6 src/ASF/sam/utils/syscalls/gcc/syscalls.o
 .debug_macro   0x000129bb       0x4c src/ASF/sam/utils/syscalls/gcc/syscalls.o
 .debug_macro   0x00012a07       0x16 src/ASF/sam/utils/syscalls/gcc/syscalls.o
 .debug_macro   0x00012a1d       0x10 src/ASF/sam/utils/syscalls/gcc/syscalls.o
 .debug_macro   0x00012a2d       0x10 src/ASF/sam/utils/syscalls/gcc/syscalls.o
 .debug_macro   0x00012a3d       0x35 src/ASF/sam/utils/syscalls/gcc/syscalls.o
 .debug_macro   0x00012a72      0x122 src/ASF/sam/utils/syscalls/gcc/syscalls.o
 .debug_macro   0x00012b94      0x732 src/main.o
 .debug_macro   0x000132c6       0x10 src/main.o
 .debug_macro   0x000132d6       0x10 src/main.o

.debug_line     0x00000000     0xb5ec
 .debug_line    0x00000000      0xab0 src/ASF/common/utils/stdio/read.o
 .debug_line    0x00000ab0      0xe76 src/ASF/sam/drivers/adc/adc.o
 .debug_line    0x00001926      0xc4e src/ASF/sam/drivers/tc/tc.o
 .debug_line    0x00002574     0x102c src/ASF/sam/drivers/usart/usart.o
 .debug_line    0x000035a0      0xaa8 src/ASF/common/utils/stdio/write.o
 .debug_line    0x00004048      0xc63 src/ASF/sam/drivers/uart/uart.o
 .debug_line    0x00004cab      0xbe6 src/ASF/common/services/clock/sam4s/sysclk.o
 .debug_line    0x00005891      0xcbf src/ASF/sam/boards/sam4s_ek2/init.o
 .debug_line    0x00006550      0xf5f src/ASF/sam/drivers/pio/pio.o
 .debug_line    0x000074af      0xb7a src/ASF/sam/drivers/pio/pio_handler.o
 .debug_line    0x00008029     0x1042 src/ASF/sam/drivers/pmc/pmc.o
 .debug_line    0x0000906b      0x88b src/ASF/sam/utils/cmsis/sam4s/source/templates/gcc/startup_sam4s.o
 .debug_line    0x000098f6      0x8bd src/ASF/sam/utils/cmsis/sam4s/source/templates/system_sam4s.o
 .debug_line    0x0000a1b3      0x40b src/ASF/sam/utils/syscalls/gcc/syscalls.o
 .debug_line    0x0000a5be     0x102e src/main.o

.debug_str      0x00000000    0x53e2b
 .debug_str     0x00000000    0x4a5d1 src/ASF/common/utils/stdio/read.o
                              0x4a997 (size before relaxing)
 .debug_str     0x0004a5d1      0xac8 src/ASF/sam/drivers/adc/adc.o
                              0x4b487 (size before relaxing)
 .debug_str     0x0004b099      0x385 src/ASF/sam/drivers/tc/tc.o
                              0x4acfd (size before relaxing)
 .debug_str     0x0004b41e      0x959 src/ASF/sam/drivers/usart/usart.o
                              0x4b397 (size before relaxing)
 .debug_str     0x0004bd77       0x2e src/ASF/common/utils/stdio/write.o
                              0x4a998 (size before relaxing)
 .debug_str     0x0004bda5      0x32d src/ASF/sam/drivers/uart/uart.o
                              0x4ad51 (size before relaxing)
 .debug_str     0x0004c0d2     0x4da2 src/ASF/common/services/clock/sam4s/sysclk.o
                              0x4f78b (size before relaxing)
 .debug_str     0x00050e74      0xcae src/ASF/sam/boards/sam4s_ek2/init.o
                              0x500e8 (size before relaxing)
 .debug_str     0x00051b22      0x4f8 src/ASF/sam/drivers/pio/pio.o
                              0x4b5b2 (size before relaxing)
 .debug_str     0x0005201a      0x402 src/ASF/sam/drivers/pio/pio_handler.o
                              0x4b4de (size before relaxing)
 .debug_str     0x0005241c      0x627 src/ASF/sam/drivers/pmc/pmc.o
                              0x4b410 (size before relaxing)
 .debug_str     0x00052a43      0x435 src/ASF/sam/utils/cmsis/sam4s/source/templates/gcc/startup_sam4s.o
                              0x3b3f4 (size before relaxing)
 .debug_str     0x00052e78       0xb9 src/ASF/sam/utils/cmsis/sam4s/source/templates/system_sam4s.o
                              0x3b186 (size before relaxing)
 .debug_str     0x00052f31      0x76d src/ASF/sam/utils/syscalls/gcc/syscalls.o
                               0x7404 (size before relaxing)
 .debug_str     0x0005369e      0x78d src/main.o
                              0x51520 (size before relaxing)

.debug_frame    0x00000000     0x2874
 .debug_frame   0x00000000       0x30 src/ASF/common/utils/stdio/read.o
 .debug_frame   0x00000030      0x340 src/ASF/sam/drivers/adc/adc.o
 .debug_frame   0x00000370      0x1a8 src/ASF/sam/drivers/tc/tc.o
 .debug_frame   0x00000518      0x48c src/ASF/sam/drivers/usart/usart.o
 .debug_frame   0x000009a4       0x48 src/ASF/common/utils/stdio/write.o
 .debug_frame   0x000009ec      0x1bc src/ASF/sam/drivers/uart/uart.o
 .debug_frame   0x00000ba8       0x58 src/ASF/common/services/clock/sam4s/sysclk.o
 .debug_frame   0x00000c00       0x2c src/ASF/sam/boards/sam4s_ek2/init.o
 .debug_frame   0x00000c2c      0x384 src/ASF/sam/drivers/pio/pio.o
 .debug_frame   0x00000fb0       0xf4 src/ASF/sam/drivers/pio/pio_handler.o
 .debug_frame   0x000010a4      0x408 src/ASF/sam/drivers/pmc/pmc.o
 .debug_frame   0x000014ac       0x38 src/ASF/sam/utils/cmsis/sam4s/source/templates/gcc/startup_sam4s.o
 .debug_frame   0x000014e4       0x40 src/ASF/sam/utils/cmsis/sam4s/source/templates/system_sam4s.o
 .debug_frame   0x00001524       0xa0 src/ASF/sam/utils/syscalls/gcc/syscalls.o
 .debug_frame   0x000015c4      0x120 src/main.o
 .debug_frame   0x000016e4       0x2c c:/program files (x86)/atmel/studio/7.0/toolchain/arm/arm-gnu-toolchain/bin/../lib/gcc/arm-none-eabi/6.3.1/../../../../arm-none-eabi/lib/thumb/v7e-m\libc.a(lib_a-init.o)
 .debug_frame   0x00001710       0x34 c:/program files (x86)/atmel/studio/7.0/toolchain/arm/arm-gnu-toolchain/bin/../lib/gcc/arm-none-eabi/6.3.1/../../../../arm-none-eabi/lib/thumb/v7e-m\libc.a(lib_a-memset.o)
 .debug_frame   0x00001744       0x4c c:/program files (x86)/atmel/studio/7.0/toolchain/arm/arm-gnu-toolchain/bin/../lib/gcc/arm-none-eabi/6.3.1/../../../../arm-none-eabi/lib/thumb/v7e-m\libc.a(lib_a-puts.o)
 .debug_frame   0x00001790       0x20 c:/program files (x86)/atmel/studio/7.0/toolchain/arm/arm-gnu-toolchain/bin/../lib/gcc/arm-none-eabi/6.3.1/../../../../arm-none-eabi/lib/thumb/v7e-m\libc.a(lib_a-setbuf.o)
 .debug_frame   0x000017b0       0x48 c:/program files (x86)/atmel/studio/7.0/toolchain/arm/arm-gnu-toolchain/bin/../lib/gcc/arm-none-eabi/6.3.1/../../../../arm-none-eabi/lib/thumb/v7e-m\libc.a(lib_a-setvbuf.o)
 .debug_frame   0x000017f8       0x84 c:/program files (x86)/atmel/studio/7.0/toolchain/arm/arm-gnu-toolchain/bin/../lib/gcc/arm-none-eabi/6.3.1/../../../../arm-none-eabi/lib/thumb/v7e-m\libc.a(lib_a-sprintf.o)
 .debug_frame   0x0000187c       0x40 c:/program files (x86)/atmel/studio/7.0/toolchain/arm/arm-gnu-toolchain/bin/../lib/gcc/arm-none-eabi/6.3.1/../../../../arm-none-eabi/lib/thumb/v7e-m\libc.a(lib_a-svfprintf.o)
 .debug_frame   0x000018bc       0x2c c:/program files (x86)/atmel/studio/7.0/toolchain/arm/arm-gnu-toolchain/bin/../lib/gcc/arm-none-eabi/6.3.1/../../../../arm-none-eabi/lib/thumb/v7e-m\libc.a(lib_a-wsetup.o)
 .debug_frame   0x000018e8       0x5c c:/program files (x86)/atmel/studio/7.0/toolchain/arm/arm-gnu-toolchain/bin/../lib/gcc/arm-none-eabi/6.3.1/../../../../arm-none-eabi/lib/thumb/v7e-m\libc.a(lib_a-__call_atexit.o)
 .debug_frame   0x00001944       0x20 c:/program files (x86)/atmel/studio/7.0/toolchain/arm/arm-gnu-toolchain/bin/../lib/gcc/arm-none-eabi/6.3.1/../../../../arm-none-eabi/lib/thumb/v7e-m\libc.a(lib_a-atexit.o)
 .debug_frame   0x00001964       0x88 c:/program files (x86)/atmel/studio/7.0/toolchain/arm/arm-gnu-toolchain/bin/../lib/gcc/arm-none-eabi/6.3.1/../../../../arm-none-eabi/lib/thumb/v7e-m\libc.a(lib_a-dtoa.o)
 .debug_frame   0x000019ec       0x5c c:/program files (x86)/atmel/studio/7.0/toolchain/arm/arm-gnu-toolchain/bin/../lib/gcc/arm-none-eabi/6.3.1/../../../../arm-none-eabi/lib/thumb/v7e-m\libc.a(lib_a-fflush.o)
 .debug_frame   0x00001a48      0x148 c:/program files (x86)/atmel/studio/7.0/toolchain/arm/arm-gnu-toolchain/bin/../lib/gcc/arm-none-eabi/6.3.1/../../../../arm-none-eabi/lib/thumb/v7e-m\libc.a(lib_a-findfp.o)
 .debug_frame   0x00001b90       0x34 c:/program files (x86)/atmel/studio/7.0/toolchain/arm/arm-gnu-toolchain/bin/../lib/gcc/arm-none-eabi/6.3.1/../../../../arm-none-eabi/lib/thumb/v7e-m\libc.a(lib_a-fini.o)
 .debug_frame   0x00001bc4       0x74 c:/program files (x86)/atmel/studio/7.0/toolchain/arm/arm-gnu-toolchain/bin/../lib/gcc/arm-none-eabi/6.3.1/../../../../arm-none-eabi/lib/thumb/v7e-m\libc.a(lib_a-freer.o)
 .debug_frame   0x00001c38       0x68 c:/program files (x86)/atmel/studio/7.0/toolchain/arm/arm-gnu-toolchain/bin/../lib/gcc/arm-none-eabi/6.3.1/../../../../arm-none-eabi/lib/thumb/v7e-m\libc.a(lib_a-fvwrite.o)
 .debug_frame   0x00001ca0       0x54 c:/program files (x86)/atmel/studio/7.0/toolchain/arm/arm-gnu-toolchain/bin/../lib/gcc/arm-none-eabi/6.3.1/../../../../arm-none-eabi/lib/thumb/v7e-m\libc.a(lib_a-fwalk.o)
 .debug_frame   0x00001cf4       0x6c c:/program files (x86)/atmel/studio/7.0/toolchain/arm/arm-gnu-toolchain/bin/../lib/gcc/arm-none-eabi/6.3.1/../../../../arm-none-eabi/lib/thumb/v7e-m\libc.a(lib_a-locale.o)
 .debug_frame   0x00001d60       0x40 c:/program files (x86)/atmel/studio/7.0/toolchain/arm/arm-gnu-toolchain/bin/../lib/gcc/arm-none-eabi/6.3.1/../../../../arm-none-eabi/lib/thumb/v7e-m\libc.a(lib_a-localeconv.o)
 .debug_frame   0x00001da0       0xb0 c:/program files (x86)/atmel/studio/7.0/toolchain/arm/arm-gnu-toolchain/bin/../lib/gcc/arm-none-eabi/6.3.1/../../../../arm-none-eabi/lib/thumb/v7e-m\libc.a(lib_a-lock.o)
 .debug_frame   0x00001e50       0x68 c:/program files (x86)/atmel/studio/7.0/toolchain/arm/arm-gnu-toolchain/bin/../lib/gcc/arm-none-eabi/6.3.1/../../../../arm-none-eabi/lib/thumb/v7e-m\libc.a(lib_a-makebuf.o)
 .debug_frame   0x00001eb8       0x30 c:/program files (x86)/atmel/studio/7.0/toolchain/arm/arm-gnu-toolchain/bin/../lib/gcc/arm-none-eabi/6.3.1/../../../../arm-none-eabi/lib/thumb/v7e-m\libc.a(lib_a-malloc.o)
 .debug_frame   0x00001ee8       0x58 c:/program files (x86)/atmel/studio/7.0/toolchain/arm/arm-gnu-toolchain/bin/../lib/gcc/arm-none-eabi/6.3.1/../../../../arm-none-eabi/lib/thumb/v7e-m\libc.a(lib_a-mallocr.o)
 .debug_frame   0x00001f40       0x4c c:/program files (x86)/atmel/studio/7.0/toolchain/arm/arm-gnu-toolchain/bin/../lib/gcc/arm-none-eabi/6.3.1/../../../../arm-none-eabi/lib/thumb/v7e-m\libc.a(lib_a-mbtowc_r.o)
 .debug_frame   0x00001f8c       0x30 c:/program files (x86)/atmel/studio/7.0/toolchain/arm/arm-gnu-toolchain/bin/../lib/gcc/arm-none-eabi/6.3.1/../../../../arm-none-eabi/lib/thumb/v7e-m\libc.a(lib_a-memmove.o)
 .debug_frame   0x00001fbc       0x30 c:/program files (x86)/atmel/studio/7.0/toolchain/arm/arm-gnu-toolchain/bin/../lib/gcc/arm-none-eabi/6.3.1/../../../../arm-none-eabi/lib/thumb/v7e-m\libc.a(lib_a-mlock.o)
 .debug_frame   0x00001fec      0x25c c:/program files (x86)/atmel/studio/7.0/toolchain/arm/arm-gnu-toolchain/bin/../lib/gcc/arm-none-eabi/6.3.1/../../../../arm-none-eabi/lib/thumb/v7e-m\libc.a(lib_a-mprec.o)
 .debug_frame   0x00002248       0x68 c:/program files (x86)/atmel/studio/7.0/toolchain/arm/arm-gnu-toolchain/bin/../lib/gcc/arm-none-eabi/6.3.1/../../../../arm-none-eabi/lib/thumb/v7e-m\libc.a(lib_a-reallocr.o)
 .debug_frame   0x000022b0       0x2c c:/program files (x86)/atmel/studio/7.0/toolchain/arm/arm-gnu-toolchain/bin/../lib/gcc/arm-none-eabi/6.3.1/../../../../arm-none-eabi/lib/thumb/v7e-m\libc.a(lib_a-sbrkr.o)