Archive member included to satisfy reference by file (symbol)

c:/program files (x86)/atmel/studio/7.0/toolchain/arm/arm-gnu-toolchain/bin/../lib/gcc/arm-none-eabi/5.3.1/../../../../arm-none-eabi/lib/armv7e-m\libc.a(lib_a-exit.o)
                              c:/program files (x86)/atmel/studio/7.0/toolchain/arm/arm-gnu-toolchain/bin/../lib/gcc/arm-none-eabi/5.3.1/../../../../arm-none-eabi/lib/armv7e-m/crt0.o (exit)
c:/program files (x86)/atmel/studio/7.0/toolchain/arm/arm-gnu-toolchain/bin/../lib/gcc/arm-none-eabi/5.3.1/../../../../arm-none-eabi/lib/armv7e-m\libc.a(lib_a-impure.o)
                              c:/program files (x86)/atmel/studio/7.0/toolchain/arm/arm-gnu-toolchain/bin/../lib/gcc/arm-none-eabi/5.3.1/../../../../arm-none-eabi/lib/armv7e-m\libc.a(lib_a-exit.o) (_global_impure_ptr)
c:/program files (x86)/atmel/studio/7.0/toolchain/arm/arm-gnu-toolchain/bin/../lib/gcc/arm-none-eabi/5.3.1/../../../../arm-none-eabi/lib/armv7e-m\libc.a(lib_a-init.o)
                              c:/program files (x86)/atmel/studio/7.0/toolchain/arm/arm-gnu-toolchain/bin/../lib/gcc/arm-none-eabi/5.3.1/../../../../arm-none-eabi/lib/armv7e-m/crt0.o (__libc_init_array)
c:/program files (x86)/atmel/studio/7.0/toolchain/arm/arm-gnu-toolchain/bin/../lib/gcc/arm-none-eabi/5.3.1/../../../../arm-none-eabi/lib/armv7e-m\libc.a(lib_a-memset.o)
                              c:/program files (x86)/atmel/studio/7.0/toolchain/arm/arm-gnu-toolchain/bin/../lib/gcc/arm-none-eabi/5.3.1/../../../../arm-none-eabi/lib/armv7e-m/crt0.o (memset)
c:/program files (x86)/atmel/studio/7.0/toolchain/arm/arm-gnu-toolchain/bin/../lib/gcc/arm-none-eabi/5.3.1/../../../../arm-none-eabi/lib/armv7e-m\libc.a(lib_a-sprintf.o)
                              src/main.o (sprintf)
c:/program files (x86)/atmel/studio/7.0/toolchain/arm/arm-gnu-toolchain/bin/../lib/gcc/arm-none-eabi/5.3.1/../../../../arm-none-eabi/lib/armv7e-m\libc.a(lib_a-svfprintf.o)
                              c:/program files (x86)/atmel/studio/7.0/toolchain/arm/arm-gnu-toolchain/bin/../lib/gcc/arm-none-eabi/5.3.1/../../../../arm-none-eabi/lib/armv7e-m\libc.a(lib_a-sprintf.o) (_svfprintf_r)
c:/program files (x86)/atmel/studio/7.0/toolchain/arm/arm-gnu-toolchain/bin/../lib/gcc/arm-none-eabi/5.3.1/../../../../arm-none-eabi/lib/armv7e-m\libc.a(lib_a-__call_atexit.o)
                              c:/program files (x86)/atmel/studio/7.0/toolchain/arm/arm-gnu-toolchain/bin/../lib/gcc/arm-none-eabi/5.3.1/../../../../arm-none-eabi/lib/armv7e-m\libc.a(lib_a-exit.o) (__call_exitprocs)
c:/program files (x86)/atmel/studio/7.0/toolchain/arm/arm-gnu-toolchain/bin/../lib/gcc/arm-none-eabi/5.3.1/../../../../arm-none-eabi/lib/armv7e-m\libc.a(lib_a-atexit.o)
                              c:/program files (x86)/atmel/studio/7.0/toolchain/arm/arm-gnu-toolchain/bin/../lib/gcc/arm-none-eabi/5.3.1/../../../../arm-none-eabi/lib/armv7e-m\libc.a(lib_a-__call_atexit.o) (atexit)
c:/program files (x86)/atmel/studio/7.0/toolchain/arm/arm-gnu-toolchain/bin/../lib/gcc/arm-none-eabi/5.3.1/../../../../arm-none-eabi/lib/armv7e-m\libc.a(lib_a-dtoa.o)
                              c:/program files (x86)/atmel/studio/7.0/toolchain/arm/arm-gnu-toolchain/bin/../lib/gcc/arm-none-eabi/5.3.1/../../../../arm-none-eabi/lib/armv7e-m\libc.a(lib_a-svfprintf.o) (_dtoa_r)
c:/program files (x86)/atmel/studio/7.0/toolchain/arm/arm-gnu-toolchain/bin/../lib/gcc/arm-none-eabi/5.3.1/../../../../arm-none-eabi/lib/armv7e-m\libc.a(lib_a-fini.o)
                              c:/program files (x86)/atmel/studio/7.0/toolchain/arm/arm-gnu-toolchain/bin/../lib/gcc/arm-none-eabi/5.3.1/../../../../arm-none-eabi/lib/armv7e-m\libc.a(lib_a-__call_atexit.o) (__libc_fini_array)
c:/program files (x86)/atmel/studio/7.0/toolchain/arm/arm-gnu-toolchain/bin/../lib/gcc/arm-none-eabi/5.3.1/../../../../arm-none-eabi/lib/armv7e-m\libc.a(lib_a-locale.o)
                              c:/program files (x86)/atmel/studio/7.0/toolchain/arm/arm-gnu-toolchain/bin/../lib/gcc/arm-none-eabi/5.3.1/../../../../arm-none-eabi/lib/armv7e-m\libc.a(lib_a-svfprintf.o) (_localeconv_r)
c:/program files (x86)/atmel/studio/7.0/toolchain/arm/arm-gnu-toolchain/bin/../lib/gcc/arm-none-eabi/5.3.1/../../../../arm-none-eabi/lib/armv7e-m\libc.a(lib_a-mallocr.o)
                              c:/program files (x86)/atmel/studio/7.0/toolchain/arm/arm-gnu-toolchain/bin/../lib/gcc/arm-none-eabi/5.3.1/../../../../arm-none-eabi/lib/armv7e-m\libc.a(lib_a-svfprintf.o) (_malloc_r)
c:/program files (x86)/atmel/studio/7.0/toolchain/arm/arm-gnu-toolchain/bin/../lib/gcc/arm-none-eabi/5.3.1/../../../../arm-none-eabi/lib/armv7e-m\libc.a(lib_a-memchr.o)
                              c:/program files (x86)/atmel/studio/7.0/toolchain/arm/arm-gnu-toolchain/bin/../lib/gcc/arm-none-eabi/5.3.1/../../../../arm-none-eabi/lib/armv7e-m\libc.a(lib_a-svfprintf.o) (memchr)
[...]
Memory Configuration

Name             Origin             Length             Attributes
rom              0x00400000         0x00200000         xr
ram              0x20000000         0x00028000         xrw
*default*        0x00000000         0xffffffff

Linker script and memory map

LOAD c:/program files (x86)/atmel/studio/7.0/toolchain/arm/arm-gnu-toolchain/bin/../lib/gcc/arm-none-eabi/5.3.1/armv7e-m/crti.o
LOAD c:/program files (x86)/atmel/studio/7.0/toolchain/arm/arm-gnu-toolchain/bin/../lib/gcc/arm-none-eabi/5.3.1/armv7e-m/crtbegin.o
LOAD c:/program files (x86)/atmel/studio/7.0/toolchain/arm/arm-gnu-toolchain/bin/../lib/gcc/arm-none-eabi/5.3.1/../../../../arm-none-eabi/lib/armv7e-m/crt0.o
LOAD src/ASF/common/components/display/ssd1306/font.o
LOAD src/ASF/common/services/spi/sam_spi/spi_master.o
LOAD src/ASF/sam/drivers/spi/spi.o
LOAD src/ASF/common/services/delay/sam/cycle_counter.o
LOAD src/ASF/common/components/display/ssd1306/ssd1306.o
LOAD src/ASF/common/services/clock/sam4s/sysclk.o
LOAD src/ASF/common/utils/interrupt/interrupt_sam_nvic.o
LOAD src/ASF/sam/boards/sam4s_ek2/init.o
LOAD src/ASF/sam/boards/sam4s_ek2/led.o
LOAD src/ASF/sam/drivers/pio/pio.o
LOAD src/ASF/sam/drivers/pio/pio_handler.o
LOAD src/ASF/sam/drivers/pmc/pmc.o
LOAD src/ASF/sam/drivers/pmc/sleep.o
LOAD src/ASF/sam/utils/cmsis/sam4s/source/templates/gcc/startup_sam4s.o
LOAD src/ASF/sam/utils/cmsis/sam4s/source/templates/system_sam4s.o
LOAD src/ASF/sam/utils/syscalls/gcc/syscalls.o
LOAD src/main.o
START GROUP
LOAD ../src/ASF/thirdparty/CMSIS/Lib/GCC\libarm_cortexM4l_math.a
LOAD c:/program files (x86)/atmel/studio/7.0/toolchain/arm/arm-gnu-toolchain/bin/../lib/gcc/arm-none-eabi/5.3.1/../../../../arm-none-eabi/lib/armv7e-m\libm.a
END GROUP
START GROUP
LOAD c:/program files (x86)/atmel/studio/7.0/toolchain/arm/arm-gnu-toolchain/bin/../lib/gcc/arm-none-eabi/5.3.1/armv7e-m\libgcc.a
LOAD c:/program files (x86)/atmel/studio/7.0/toolchain/arm/arm-gnu-toolchain/bin/../lib/gcc/arm-none-eabi/5.3.1/../../../../arm-none-eabi/lib/armv7e-m\libc.a
END GROUP
LOAD c:/program files (x86)/atmel/studio/7.0/toolchain/arm/arm-gnu-toolchain/bin/../lib/gcc/arm-none-eabi/5.3.1/armv7e-m/crtend.o
LOAD c:/program files (x86)/atmel/studio/7.0/toolchain/arm/arm-gnu-toolchain/bin/../lib/gcc/arm-none-eabi/5.3.1/armv7e-m/crtn.o
                0x00003000                __stack_size__ = DEFINED (__stack_size__)?__stack_size__:0x3000
                0x20027ffc                __ram_end__ = ((ORIGIN (ram) + LENGTH (ram)) - 0x4)

.text           0x00400000     0x5e18
                0x00400000                . = ALIGN (0x4)
                0x00400000                _sfixed = .
 *(.vectors .vectors.*)
 .vectors       0x00400000       0xcc src/ASF/sam/utils/cmsis/sam4s/source/templates/gcc/startup_sam4s.o
                0x00400000                exception_table
 *(.text .text.* .gnu.linkonce.t.*)
 .text          0x004000cc       0x5c c:/program files (x86)/atmel/studio/7.0/toolchain/arm/arm-gnu-toolchain/bin/../lib/gcc/arm-none-eabi/5.3.1/armv7e-m/crtbegin.o
 .text.spi_master_init
                0x00400128       0x54 src/ASF/common/services/spi/sam_spi/spi_master.o
                0x00400128                spi_master_init
 .text.spi_master_setup_device
                0x0040017c       0x80 src/ASF/common/services/spi/sam_spi/spi_master.o
                0x0040017c                spi_master_setup_device
 .text.spi_select_device
                0x004001fc       0x2c src/ASF/common/services/spi/sam_spi/spi_master.o
                0x004001fc                spi_select_device
 .text.spi_deselect_device
                0x00400228       0x20 src/ASF/common/services/spi/sam_spi/spi_master.o
                0x00400228                spi_deselect_device
 .text.spi_enable_clock
                0x00400248       0x10 src/ASF/sam/drivers/spi/spi.o
                0x00400248                spi_enable_clock
 .text.spi_set_peripheral_chip_select_value
                0x00400258       0x18 src/ASF/sam/drivers/spi/spi.o
                0x00400258                spi_set_peripheral_chip_select_value
 .text.spi_set_delay_between_chip_select
                0x00400270       0x14 src/ASF/sam/drivers/spi/spi.o
                0x00400270                spi_set_delay_between_chip_select
 .text.spi_set_clock_polarity
                0x00400284       0x20 src/ASF/sam/drivers/spi/spi.o
                0x00400284                spi_set_clock_polarity
 .text.spi_set_clock_phase
                0x004002a4       0x20 src/ASF/sam/drivers/spi/spi.o
                0x004002a4                spi_set_clock_phase
 .text.spi_configure_cs_behavior
                0x004002c4       0x44 src/ASF/sam/drivers/spi/spi.o
                0x004002c4                spi_configure_cs_behavior
 .text.spi_set_bits_per_transfer
                0x00400308       0x14 src/ASF/sam/drivers/spi/spi.o
                0x00400308                spi_set_bits_per_transfer
 .text.spi_calc_baudrate_div
                0x0040031c       0x18 src/ASF/sam/drivers/spi/spi.o
                0x0040031c                spi_calc_baudrate_div
 .text.spi_set_baudrate_div
                0x00400334       0x28 src/ASF/sam/drivers/spi/spi.o
                0x00400334                spi_set_baudrate_div
 .text.spi_set_transfer_delay
                0x0040035c       0x1c src/ASF/sam/drivers/spi/spi.o
                0x0040035c                spi_set_transfer_delay
 .text.ssd1306_write_command
                0x00400378       0x40 src/ASF/common/components/display/ssd1306/ssd1306.o
 .text.ssd1306_init
                0x004003b8       0xac src/ASF/common/components/display/ssd1306/ssd1306.o
                0x004003b8                ssd1306_init
 .text.ssd1306_write_text
                0x00400464       0xac src/ASF/common/components/display/ssd1306/ssd1306.o
                0x00400464                ssd1306_write_text
 .text.sysclk_init
                0x00400510       0x64 src/ASF/common/services/clock/sam4s/sysclk.o
                0x00400510                sysclk_init
 .text.board_init
                0x00400574      0x144 src/ASF/sam/boards/sam4s_ek2/init.o
                0x00400574                board_init
 .text.pio_set_peripheral
                0x004006b8       0x90 src/ASF/sam/drivers/pio/pio.o
                0x004006b8                pio_set_peripheral
 .text.pio_set_input
                0x00400748       0x34 src/ASF/sam/drivers/pio/pio.o
                0x00400748                pio_set_input
 .text.pio_set_output
                0x0040077c       0x28 src/ASF/sam/drivers/pio/pio.o
                0x0040077c                pio_set_output
 .text.pio_get_interrupt_status
                0x004007a4        0x4 src/ASF/sam/drivers/pio/pio.o
                0x004007a4                pio_get_interrupt_status
 .text.pio_get_interrupt_mask
                0x004007a8        0x4 src/ASF/sam/drivers/pio/pio.o
                0x004007a8                pio_get_interrupt_mask
 .text.pio_set_pin_low
                0x004007ac       0x1c src/ASF/sam/drivers/pio/pio.o
                0x004007ac                pio_set_pin_low
 .text.pio_configure_pin
                0x004007c8      0x124 src/ASF/sam/drivers/pio/pio.o
                0x004007c8                pio_configure_pin
 .text.pio_configure_pin_group
                0x004008ec       0xdc src/ASF/sam/drivers/pio/pio.o
                0x004008ec                pio_configure_pin_group
 .text.pio_handler_process
                0x004009c8       0x68 src/ASF/sam/drivers/pio/pio_handler.o
                0x004009c8                pio_handler_process
 .text.PIOA_Handler
                0x00400a30       0x14 src/ASF/sam/drivers/pio/pio_handler.o
                0x00400a30                PIOA_Handler
 .text.PIOB_Handler
                0x00400a44       0x14 src/ASF/sam/drivers/pio/pio_handler.o
                0x00400a44                PIOB_Handler
 .text.PIOC_Handler
                0x00400a58       0x14 src/ASF/sam/drivers/pio/pio_handler.o
                0x00400a58                PIOC_Handler
 .text.pmc_switch_mck_to_pllack
                0x00400a6c       0x68 src/ASF/sam/drivers/pmc/pmc.o
                0x00400a6c                pmc_switch_mck_to_pllack
 .text.pmc_switch_mainck_to_xtal
                0x00400ad4       0x54 src/ASF/sam/drivers/pmc/pmc.o
                0x00400ad4                pmc_switch_mainck_to_xtal
 .text.pmc_osc_is_ready_mainck
                0x00400b28       0x10 src/ASF/sam/drivers/pmc/pmc.o
                0x00400b28                pmc_osc_is_ready_mainck
 .text.pmc_disable_pllack
                0x00400b38       0x10 src/ASF/sam/drivers/pmc/pmc.o
                0x00400b38                pmc_disable_pllack
 .text.pmc_is_locked_pllack
                0x00400b48       0x10 src/ASF/sam/drivers/pmc/pmc.o
                0x00400b48                pmc_is_locked_pllack
 .text.pmc_enable_periph_clk
                0x00400b58       0x54 src/ASF/sam/drivers/pmc/pmc.o
                0x00400b58                pmc_enable_periph_clk
 .text.Dummy_Handler
                0x00400bac        0x4 src/ASF/sam/utils/cmsis/sam4s/source/templates/gcc/startup_sam4s.o
                0x00400bac                DACC_Handler
                0x00400bac                DebugMon_Handler
                0x00400bac                HardFault_Handler
                0x00400bac                TC2_Handler
                0x00400bac                SPI_Handler
                0x00400bac                SysTick_Handler
                0x00400bac                TWI1_Handler
                0x00400bac                PendSV_Handler
                0x00400bac                NMI_Handler
                0x00400bac                ADC_Handler
                0x00400bac                CRCCU_Handler
                0x00400bac                USART0_Handler
                0x00400bac                RTT_Handler
                0x00400bac                EFC1_Handler
                0x00400bac                RTC_Handler
                0x00400bac                UsageFault_Handler
                0x00400bac                WDT_Handler
                0x00400bac                TC4_Handler
                0x00400bac                TC1_Handler
                0x00400bac                HSMCI_Handler
                0x00400bac                UART1_Handler
                0x00400bac                TC3_Handler
                0x00400bac                Dummy_Handler
                0x00400bac                TWI0_Handler
                0x00400bac                USART1_Handler
                0x00400bac                SSC_Handler
                0x00400bac                EFC0_Handler
                0x00400bac                ACC_Handler
                0x00400bac                PMC_Handler
                0x00400bac                PWM_Handler
                0x00400bac                MemManage_Handler
                0x00400bac                SUPC_Handler
                0x00400bac                SVC_Handler
                0x00400bac                UART0_Handler
                0x00400bac                UDP_Handler
                0x00400bac                BusFault_Handler
                0x00400bac                RSTC_Handler
                0x00400bac                TC0_Handler
                0x00400bac                TC5_Handler
 .text.Reset_Handler
                0x00400bb0       0xb0 src/ASF/sam/utils/cmsis/sam4s/source/templates/gcc/startup_sam4s.o
                0x00400bb0                Reset_Handler
 .text.SystemCoreClockUpdate
                0x00400c60      0x114 src/ASF/sam/utils/cmsis/sam4s/source/templates/system_sam4s.o
                0x00400c60                SystemCoreClockUpdate
 .text.system_init_flash
                0x00400d74       0x94 src/ASF/sam/utils/cmsis/sam4s/source/templates/system_sam4s.o
                0x00400d74                system_init_flash
 .text._sbrk    0x00400e08       0x34 src/ASF/sam/utils/syscalls/gcc/syscalls.o
                0x00400e08                _sbrk
 .text.ssd1306_write_command
                0x00400e3c       0x40 src/main.o
 *fill*         0x00400e7c        0x4 
 .text.main     0x00400e80      0x1fc src/main.o
                0x00400e80                main
 .text.__libc_init_array
                0x0040107c       0x50 c:/program files (x86)/atmel/studio/7.0/toolchain/arm/arm-gnu-toolchain/bin/../lib/gcc/arm-none-eabi/5.3.1/../../../../arm-none-eabi/lib/armv7e-m\libc.a(lib_a-init.o)
                0x0040107c                __libc_init_array
 .text.memset   0x004010cc       0x9c c:/program files (x86)/atmel/studio/7.0/toolchain/arm/arm-gnu-toolchain/bin/../lib/gcc/arm-none-eabi/5.3.1/../../../../arm-none-eabi/lib/armv7e-m\libc.a(lib_a-memset.o)
                0x004010cc                memset
 .text.sprintf  0x00401168       0x4c c:/program files (x86)/atmel/studio/7.0/toolchain/arm/arm-gnu-toolchain/bin/../lib/gcc/arm-none-eabi/5.3.1/../../../../arm-none-eabi/lib/armv7e-m\libc.a(lib_a-sprintf.o)
                0x00401168                sprintf
 .text._svfprintf_r
                0x004011b4     0x169c c:/program files (x86)/atmel/studio/7.0/toolchain/arm/arm-gnu-toolchain/bin/../lib/gcc/arm-none-eabi/5.3.1/../../../../arm-none-eabi/lib/armv7e-m\libc.a(lib_a-svfprintf.o)
                0x004011b4                _svfprintf_r
 .text.startup.register_fini
                0x00402850       0x14 c:/program files (x86)/atmel/studio/7.0/toolchain/arm/arm-gnu-toolchain/bin/../lib/gcc/arm-none-eabi/5.3.1/../../../../arm-none-eabi/lib/armv7e-m\libc.a(lib_a-__call_atexit.o)
 .text.atexit   0x00402864        0xc c:/program files (x86)/atmel/studio/7.0/toolchain/arm/arm-gnu-toolchain/bin/../lib/gcc/arm-none-eabi/5.3.1/../../../../arm-none-eabi/lib/armv7e-m\libc.a(lib_a-atexit.o)
                0x00402864                atexit
 .text.quorem   0x00402870      0x128 c:/program files (x86)/atmel/studio/7.0/toolchain/arm/arm-gnu-toolchain/bin/../lib/gcc/arm-none-eabi/5.3.1/../../../../arm-none-eabi/lib/armv7e-m\libc.a(lib_a-dtoa.o)
 .text._dtoa_r  0x00402998      0xe58 c:/program files (x86)/atmel/studio/7.0/toolchain/arm/arm-gnu-toolchain/bin/../lib/gcc/arm-none-eabi/5.3.1/../../../../arm-none-eabi/lib/armv7e-m\libc.a(lib_a-dtoa.o)
                0x00402998                _dtoa_r
 .text.__libc_fini_array
                0x004037f0       0x28 c:/program files (x86)/atmel/studio/7.0/toolchain/arm/arm-gnu-toolchain/bin/../lib/gcc/arm-none-eabi/5.3.1/../../../../arm-none-eabi/lib/armv7e-m\libc.a(lib_a-fini.o)
                0x004037f0                __libc_fini_array
 .text._localeconv_r
                0x00403818        0x8 c:/program files (x86)/atmel/studio/7.0/toolchain/arm/arm-gnu-toolchain/bin/../lib/gcc/arm-none-eabi/5.3.1/../../../../arm-none-eabi/lib/armv7e-m\libc.a(lib_a-locale.o)
                0x00403818                _localeconv_r
 .text._malloc_r
                0x00403820      0x570 c:/program files (x86)/atmel/studio/7.0/toolchain/arm/arm-gnu-toolchain/bin/../lib/gcc/arm-none-eabi/5.3.1/../../../../arm-none-eabi/lib/armv7e-m\libc.a(lib_a-mallocr.o)
                0x00403820                _malloc_r
 .text          0x00403d90       0xa0 c:/program files (x86)/atmel/studio/7.0/toolchain/arm/arm-gnu-toolchain/bin/../lib/gcc/arm-none-eabi/5.3.1/../../../../arm-none-eabi/lib/armv7e-m\libc.a(lib_a-memchr.o)
                0x00403d90                memchr
 .text          0x00403e30      0x134 c:/program files (x86)/atmel/studio/7.0/toolchain/arm/arm-gnu-toolchain/bin/../lib/gcc/arm-none-eabi/5.3.1/../../../../arm-none-eabi/lib/armv7e-m\libc.a(lib_a-memcpy.o)
                0x00403e30                memcpy
 .text.__malloc_lock
                0x00403f64        0x4 c:/program files (x86)/atmel/studio/7.0/toolchain/arm/arm-gnu-toolchain/bin/../lib/gcc/arm-none-eabi/5.3.1/../../../../arm-none-eabi/lib/armv7e-m\libc.a(lib_a-mlock.o)
                0x00403f64                __malloc_lock
 .text.__malloc_unlock
                0x00403f68        0x4 c:/program files (x86)/atmel/studio/7.0/toolchain/arm/arm-gnu-toolchain/bin/../lib/gcc/arm-none-eabi/5.3.1/../../../../arm-none-eabi/lib/armv7e-m\libc.a(lib_a-mlock.o)
                0x00403f68                __malloc_unlock
 .text._Balloc  0x00403f6c       0x4c c:/program files (x86)/atmel/studio/7.0/toolchain/arm/arm-gnu-toolchain/bin/../lib/gcc/arm-none-eabi/5.3.1/../../../../arm-none-eabi/lib/armv7e-m\libc.a(lib_a-mprec.o)
                0x00403f6c                _Balloc
 .text._Bfree   0x00403fb8       0x14 c:/program files (x86)/atmel/studio/7.0/toolchain/arm/arm-gnu-toolchain/bin/../lib/gcc/arm-none-eabi/5.3.1/../../../../arm-none-eabi/lib/armv7e-m\libc.a(lib_a-mprec.o)
                0x00403fb8                _Bfree
 .text.__multadd
                0x00403fcc       0x80 c:/program files (x86)/atmel/studio/7.0/toolchain/arm/arm-gnu-toolchain/bin/../lib/gcc/arm-none-eabi/5.3.1/../../../../arm-none-eabi/lib/armv7e-m\libc.a(lib_a-mprec.o)
                0x00403fcc                __multadd
 .text.__hi0bits
                0x0040404c       0x40 c:/program files (x86)/atmel/studio/7.0/toolchain/arm/arm-gnu-toolchain/bin/../lib/gcc/arm-none-eabi/5.3.1/../../../../arm-none-eabi/lib/armv7e-m\libc.a(lib_a-mprec.o)
                0x0040404c                __hi0bits
 .text.__lo0bits
                0x0040408c       0x5c c:/program files (x86)/atmel/studio/7.0/toolchain/arm/arm-gnu-toolchain/bin/../lib/gcc/arm-none-eabi/5.3.1/../../../../arm-none-eabi/lib/armv7e-m\libc.a(lib_a-mprec.o)
                0x0040408c                __lo0bits
 .text.__i2b    0x004040e8       0x14 c:/program files (x86)/atmel/studio/7.0/toolchain/arm/arm-gnu-toolchain/bin/../lib/gcc/arm-none-eabi/5.3.1/../../../../arm-none-eabi/lib/armv7e-m\libc.a(lib_a-mprec.o)
                0x004040e8                __i2b
 .text.__multiply
                0x004040fc      0x130 c:/program files (x86)/atmel/studio/7.0/toolchain/arm/arm-gnu-toolchain/bin/../lib/gcc/arm-none-eabi/5.3.1/../../../../arm-none-eabi/lib/armv7e-m\libc.a(lib_a-mprec.o)
                0x004040fc                __multiply
 .text.__pow5mult
                0x0040422c       0xa0 c:/program files (x86)/atmel/studio/7.0/toolchain/arm/arm-gnu-toolchain/bin/../lib/gcc/arm-none-eabi/5.3.1/../../../../arm-none-eabi/lib/armv7e-m\libc.a(lib_a-mprec.o)
                0x0040422c                __pow5mult
 .text.__lshift
                0x004042cc       0xb0 c:/program files (x86)/atmel/studio/7.0/toolchain/arm/arm-gnu-toolchain/bin/../lib/gcc/arm-none-eabi/5.3.1/../../../../arm-none-eabi/lib/armv7e-m\libc.a(lib_a-mprec.o)
                0x004042cc                __lshift
 .text.__mcmp   0x0040437c       0x40 c:/program files (x86)/atmel/studio/7.0/toolchain/arm/arm-gnu-toolchain/bin/../lib/gcc/arm-none-eabi/5.3.1/../../../../arm-none-eabi/lib/armv7e-m\libc.a(lib_a-mprec.o)
                0x0040437c                __mcmp
 .text.__mdiff  0x004043bc      0x114 c:/program files (x86)/atmel/studio/7.0/toolchain/arm/arm-gnu-toolchain/bin/../lib/gcc/arm-none-eabi/5.3.1/../../../../arm-none-eabi/lib/armv7e-m\libc.a(lib_a-mprec.o)
                0x004043bc                __mdiff
 .text.__d2b    0x004044d0       0xb8 c:/program files (x86)/atmel/studio/7.0/toolchain/arm/arm-gnu-toolchain/bin/../lib/gcc/arm-none-eabi/5.3.1/../../../../arm-none-eabi/lib/armv7e-m\libc.a(lib_a-mprec.o)
                0x004044d0                __d2b
 .text._sbrk_r  0x00404588       0x24 c:/program files (x86)/atmel/studio/7.0/toolchain/arm/arm-gnu-toolchain/bin/../lib/gcc/arm-none-eabi/5.3.1/../../../../arm-none-eabi/lib/armv7e-m\libc.a(lib_a-sbrkr.o)
                0x00404588                _sbrk_r
 *fill*         0x004045ac       0x14 
 .text          0x004045c0       0xdc c:/program files (x86)/atmel/studio/7.0/toolchain/arm/arm-gnu-toolchain/bin/../lib/gcc/arm-none-eabi/5.3.1/../../../../arm-none-eabi/lib/armv7e-m\libc.a(lib_a-strlen.o)
                0x004045c0                strlen
 .text.__ssprint_r
                0x0040469c      0x100 c:/program files (x86)/atmel/studio/7.0/toolchain/arm/arm-gnu-toolchain/bin/../lib/gcc/arm-none-eabi/5.3.1/../../../../arm-none-eabi/lib/armv7e-m\libc.a(lib_a-svfiprintf.o)
                0x0040469c                __ssprint_r
 .text.__register_exitproc
                0x0040479c       0xa4 c:/program files (x86)/atmel/studio/7.0/toolchain/arm/arm-gnu-toolchain/bin/../lib/gcc/arm-none-eabi/5.3.1/../../../../arm-none-eabi/lib/armv7e-m\libc.a(lib_a-__atexit.o)
                0x0040479c                __register_exitproc
 .text._calloc_r
                0x00404840       0x60 c:/program files (x86)/atmel/studio/7.0/toolchain/arm/arm-gnu-toolchain/bin/../lib/gcc/arm-none-eabi/5.3.1/../../../../arm-none-eabi/lib/armv7e-m\libc.a(lib_a-callocr.o)
                0x00404840                _calloc_r
 .text._malloc_trim_r
                0x004048a0       0x9c c:/program files (x86)/atmel/studio/7.0/toolchain/arm/arm-gnu-toolchain/bin/../lib/gcc/arm-none-eabi/5.3.1/../../../../arm-none-eabi/lib/armv7e-m\libc.a(lib_a-freer.o)
                0x004048a0                _malloc_trim_r
 .text._free_r  0x0040493c      0x1d0 c:/program files (x86)/atmel/studio/7.0/toolchain/arm/arm-gnu-toolchain/bin/../lib/gcc/arm-none-eabi/5.3.1/../../../../arm-none-eabi/lib/armv7e-m\libc.a(lib_a-freer.o)
                0x0040493c                _free_r
 .text.memmove  0x00404b0c       0xc8 c:/program files (x86)/atmel/studio/7.0/toolchain/arm/arm-gnu-toolchain/bin/../lib/gcc/arm-none-eabi/5.3.1/../../../../arm-none-eabi/lib/armv7e-m\libc.a(lib_a-memmove.o)
                0x00404b0c                memmove
 .text._realloc_r
                0x00404bd4      0x3e0 c:/program files (x86)/atmel/studio/7.0/toolchain/arm/arm-gnu-toolchain/bin/../lib/gcc/arm-none-eabi/5.3.1/../../../../arm-none-eabi/lib/armv7e-m\libc.a(lib_a-reallocr.o)
                0x00404bd4                _realloc_r
 .text          0x00404fb4      0x370 c:/program files (x86)/atmel/studio/7.0/toolchain/arm/arm-gnu-toolchain/bin/../lib/gcc/arm-none-eabi/5.3.1/armv7e-m\libgcc.a(_arm_addsubdf3.o)
                0x00404fb4                __aeabi_drsub
                0x00404fbc                __aeabi_dsub
                0x00404fbc                __subdf3
                0x00404fc0                __aeabi_dadd
                0x00404fc0                __adddf3
                0x00405238                __floatunsidf
                0x00405238                __aeabi_ui2d
                0x00405258                __floatsidf
                0x00405258                __aeabi_i2d
                0x0040527c                __aeabi_f2d
                0x0040527c                __extendsfdf2
                0x004052b8                __floatundidf
                0x004052b8                __aeabi_ul2d
                0x004052c8                __floatdidf
                0x004052c8                __aeabi_l2d
 .text          0x00405324      0x424 c:/program files (x86)/atmel/studio/7.0/toolchain/arm/arm-gnu-toolchain/bin/../lib/gcc/arm-none-eabi/5.3.1/armv7e-m\libgcc.a(_arm_muldivdf3.o)
                0x00405324                __aeabi_dmul
                0x00405324                __muldf3
                0x00405578                __divdf3
                0x00405578                __aeabi_ddiv
 .text          0x00405748      0x110 c:/program files (x86)/atmel/studio/7.0/toolchain/arm/arm-gnu-toolchain/bin/../lib/gcc/arm-none-eabi/5.3.1/armv7e-m\libgcc.a(_arm_cmpdf2.o)
                0x00405748                __gtdf2
                0x00405748                __gedf2
                0x00405750                __ltdf2
                0x00405750                __ledf2
                0x00405758                __nedf2
                0x00405758                __eqdf2
                0x00405758                __cmpdf2
                0x004057d4                __aeabi_cdrcmple
                0x004057e4                __aeabi_cdcmpeq
                0x004057e4                __aeabi_cdcmple
                0x004057f4                __aeabi_dcmpeq
                0x00405808                __aeabi_dcmplt
                0x0040581c                __aeabi_dcmple
                0x00405830                __aeabi_dcmpge
                0x00405844                __aeabi_dcmpgt
 .text          0x00405858       0x2c c:/program files (x86)/atmel/studio/7.0/toolchain/arm/arm-gnu-toolchain/bin/../lib/gcc/arm-none-eabi/5.3.1/armv7e-m\libgcc.a(_arm_unorddf2.o)
                0x00405858                __unorddf2
                0x00405858                __aeabi_dcmpun
 .text          0x00405884       0x50 c:/program files (x86)/atmel/studio/7.0/toolchain/arm/arm-gnu-toolchain/bin/../lib/gcc/arm-none-eabi/5.3.1/armv7e-m\libgcc.a(_arm_fixdfsi.o)
                0x00405884                __aeabi_d2iz
                0x00405884                __fixdfsi
 .text          0x004058d4       0x30 c:/program files (x86)/atmel/studio/7.0/toolchain/arm/arm-gnu-toolchain/bin/../lib/gcc/arm-none-eabi/5.3.1/armv7e-m\libgcc.a(_aeabi_uldivmod.o)
                0x004058d4                __aeabi_uldivmod
 .text          0x00405904      0x2e4 c:/program files (x86)/atmel/studio/7.0/toolchain/arm/arm-gnu-toolchain/bin/../lib/gcc/arm-none-eabi/5.3.1/armv7e-m\libgcc.a(_udivmoddi4.o)
                0x00405904                __udivmoddi4
 .text          0x00405be8        0x4 c:/program files (x86)/atmel/studio/7.0/toolchain/arm/arm-gnu-toolchain/bin/../lib/gcc/arm-none-eabi/5.3.1/armv7e-m\libgcc.a(_dvmd_tls.o)
                0x00405be8                __aeabi_idiv0
                0x00405be8                __aeabi_ldiv0
 *(.glue_7t)
 .glue_7t       0x00405bec        0x0 linker stubs
 *(.glue_7)
 .glue_7        0x00405bec        0x0 linker stubs
 *(.rodata .rodata* .gnu.linkonce.r.*)
 .rodata.str1.4
                0x00405bec       0x85 src/main.o
 *fill*         0x00405c71        0x3 
 .rodata.str1.4
                0x00405c74        0x2 c:/program files (x86)/atmel/studio/7.0/toolchain/arm/arm-gnu-toolchain/bin/../lib/gcc/arm-none-eabi/5.3.1/../../../../arm-none-eabi/lib/armv7e-m\libc.a(lib_a-impure.o)
 *fill*         0x00405c76        0x2 
 .rodata._global_impure_ptr
                0x00405c78        0x4 c:/program files (x86)/atmel/studio/7.0/toolchain/arm/arm-gnu-toolchain/bin/../lib/gcc/arm-none-eabi/5.3.1/../../../../arm-none-eabi/lib/armv7e-m\libc.a(lib_a-impure.o)
                0x00405c78                _global_impure_ptr
 .rodata.zeroes.7035
                0x00405c7c       0x10 c:/program files (x86)/atmel/studio/7.0/toolchain/arm/arm-gnu-toolchain/bin/../lib/gcc/arm-none-eabi/5.3.1/../../../../arm-none-eabi/lib/armv7e-m\libc.a(lib_a-svfprintf.o)
 .rodata.str1.4
                0x00405c8c       0x42 c:/program files (x86)/atmel/studio/7.0/toolchain/arm/arm-gnu-toolchain/bin/../lib/gcc/arm-none-eabi/5.3.1/../../../../arm-none-eabi/lib/armv7e-m\libc.a(lib_a-svfprintf.o)
 *fill*         0x00405cce        0x2 
 .rodata.blanks.7034
                0x00405cd0       0x10 c:/program files (x86)/atmel/studio/7.0/toolchain/arm/arm-gnu-toolchain/bin/../lib/gcc/arm-none-eabi/5.3.1/../../../../arm-none-eabi/lib/armv7e-m\libc.a(lib_a-svfprintf.o)
 .rodata.str1.4
                0x00405ce0       0x10 c:/program files (x86)/atmel/studio/7.0/toolchain/arm/arm-gnu-toolchain/bin/../lib/gcc/arm-none-eabi/5.3.1/../../../../arm-none-eabi/lib/armv7e-m\libc.a(lib_a-dtoa.o)
                                 0x12 (size before relaxing)
 .rodata.str1.4
                0x00405cf0        0x8 c:/program files (x86)/atmel/studio/7.0/toolchain/arm/arm-gnu-toolchain/bin/../lib/gcc/arm-none-eabi/5.3.1/../../../../arm-none-eabi/lib/armv7e-m\libc.a(lib_a-locale.o)
                                 0x12 (size before relaxing)
 .rodata.__mprec_tens
                0x00405cf8       0xc8 c:/program files (x86)/atmel/studio/7.0/toolchain/arm/arm-gnu-toolchain/bin/../lib/gcc/arm-none-eabi/5.3.1/../../../../arm-none-eabi/lib/armv7e-m\libc.a(lib_a-mprec.o)
                0x00405cf8                __mprec_tens
 .rodata.__mprec_bigtens
                0x00405dc0       0x28 c:/program files (x86)/atmel/studio/7.0/toolchain/arm/arm-gnu-toolchain/bin/../lib/gcc/arm-none-eabi/5.3.1/../../../../arm-none-eabi/lib/armv7e-m\libc.a(lib_a-mprec.o)
                0x00405dc0                __mprec_bigtens
 .rodata.p05.5373
                0x00405de8        0xc c:/program files (x86)/atmel/studio/7.0/toolchain/arm/arm-gnu-toolchain/bin/../lib/gcc/arm-none-eabi/5.3.1/../../../../arm-none-eabi/lib/armv7e-m\libc.a(lib_a-mprec.o)
 *(.ARM.extab* .gnu.linkonce.armextab.*)
                0x00405df4                . = ALIGN (0x4)
 *(.init)
 .init          0x00405df4        0x4 c:/program files (x86)/atmel/studio/7.0/toolchain/arm/arm-gnu-toolchain/bin/../lib/gcc/arm-none-eabi/5.3.1/armv7e-m/crti.o
                0x00405df4                _init
 .init          0x00405df8        0x8 c:/program files (x86)/atmel/studio/7.0/toolchain/arm/arm-gnu-toolchain/bin/../lib/gcc/arm-none-eabi/5.3.1/armv7e-m/crtn.o
                0x00405e00                . = ALIGN (0x4)
                0x00405e00                __preinit_array_start = .
 *(.preinit_array)
                0x00405e00                __preinit_array_end = .
                0x00405e00                . = ALIGN (0x4)
                0x00405e00                __init_array_start = .
 *(SORT(.init_array.*))
 .init_array.00000
                0x00405e00        0x4 c:/program files (x86)/atmel/studio/7.0/toolchain/arm/arm-gnu-toolchain/bin/../lib/gcc/arm-none-eabi/5.3.1/../../../../arm-none-eabi/lib/armv7e-m\libc.a(lib_a-__call_atexit.o)
 *(.init_array)
 .init_array    0x00405e04        0x4 c:/program files (x86)/atmel/studio/7.0/toolchain/arm/arm-gnu-toolchain/bin/../lib/gcc/arm-none-eabi/5.3.1/armv7e-m/crtbegin.o
                0x00405e08                __init_array_end = .
                0x00405e08                . = ALIGN (0x4)
 *crtbegin.o(.ctors)
 *(EXCLUDE_FILE(*crtend.o) .ctors)
 *(SORT(.ctors.*))
 *crtend.o(.ctors)
                0x00405e08                . = ALIGN (0x4)
 *(.fini)
 .fini          0x00405e08        0x4 c:/program files (x86)/atmel/studio/7.0/toolchain/arm/arm-gnu-toolchain/bin/../lib/gcc/arm-none-eabi/5.3.1/armv7e-m/crti.o
                0x00405e08                _fini
 .fini          0x00405e0c        0x8 c:/program files (x86)/atmel/studio/7.0/toolchain/arm/arm-gnu-toolchain/bin/../lib/gcc/arm-none-eabi/5.3.1/armv7e-m/crtn.o
                0x00405e14                . = ALIGN (0x4)
                0x00405e14                __fini_array_start = .
 *(.fini_array)
 .fini_array    0x00405e14        0x4 c:/program files (x86)/atmel/studio/7.0/toolchain/arm/arm-gnu-toolchain/bin/../lib/gcc/arm-none-eabi/5.3.1/armv7e-m/crtbegin.o
 *(SORT(.fini_array.*))
                0x00405e18                __fini_array_end = .
 *crtbegin.o(.dtors)
 *(EXCLUDE_FILE(*crtend.o) .dtors)
 *(SORT(.dtors.*))
 *crtend.o(.dtors)
                0x00405e18                . = ALIGN (0x4)
                0x00405e18                _efixed = .
                [!provide]                PROVIDE (__exidx_start, .)

.vfp11_veneer   0x00405e18        0x0
 .vfp11_veneer  0x00405e18        0x0 linker stubs

.v4_bx          0x00405e18        0x0
 .v4_bx         0x00405e18        0x0 linker stubs

.iplt           0x00405e18        0x0
 .iplt          0x00405e18        0x0 c:/program files (x86)/atmel/studio/7.0/toolchain/arm/arm-gnu-toolchain/bin/../lib/gcc/arm-none-eabi/5.3.1/armv7e-m/crtbegin.o

.ARM.exidx      0x00405e18        0x8
 *(.ARM.exidx* .gnu.linkonce.armexidx.*)
 .ARM.exidx     0x00405e18        0x8 c:/program files (x86)/atmel/studio/7.0/toolchain/arm/arm-gnu-toolchain/bin/../lib/gcc/arm-none-eabi/5.3.1/armv7e-m\libgcc.a(_udivmoddi4.o)
                [!provide]                PROVIDE (__exidx_end, .)

.eh_frame       0x00405e20        0x0
 .eh_frame      0x00405e20        0x0 c:/program files (x86)/atmel/studio/7.0/toolchain/arm/arm-gnu-toolchain/bin/../lib/gcc/arm-none-eabi/5.3.1/armv7e-m/crtbegin.o

.rel.dyn        0x00405e20        0x0
 .rel.iplt      0x00405e20        0x0 c:/program files (x86)/atmel/studio/7.0/toolchain/arm/arm-gnu-toolchain/bin/../lib/gcc/arm-none-eabi/5.3.1/armv7e-m/crtbegin.o

.jcr            0x00405e20        0x0
 .jcr           0x00405e20        0x0 c:/program files (x86)/atmel/studio/7.0/toolchain/arm/arm-gnu-toolchain/bin/../lib/gcc/arm-none-eabi/5.3.1/armv7e-m/crtbegin.o

.igot.plt       0x00405e20        0x0
 .igot.plt      0x00405e20        0x0 c:/program files (x86)/atmel/studio/7.0/toolchain/arm/arm-gnu-toolchain/bin/../lib/gcc/arm-none-eabi/5.3.1/armv7e-m/crtbegin.o
                0x00405e20                . = ALIGN (0x4)
                0x00405e20                _etext = .

.relocate       0x20000000      0xc84 load address 0x00405e20
                0x20000000                . = ALIGN (0x4)
                0x20000000                _srelocate = .
 *(.ramfunc .ramfunc.*)
 .ramfunc       0x20000000        0xc src/ASF/common/services/delay/sam/cycle_counter.o
                0x20000000                portable_delay_cycles
 *(.data .data.*)
 .data.Font08px_58
                0x2000000c        0x2 src/ASF/common/components/display/ssd1306/font.o
                0x2000000c                Font08px_58
 *fill*         0x2000000e        0x2 
 .data.Font08px_59
                0x20000010        0x2 src/ASF/common/components/display/ssd1306/font.o
                0x20000010                Font08px_59
 *fill*         0x20000012        0x2 
 .data.Font08px_UY
                0x20000014        0x6 src/ASF/common/components/display/ssd1306/font.o
                0x20000014                Font08px_UY
 *fill*         0x2000001a        0x2 
 .data.Font08px_91
                0x2000001c        0x4 src/ASF/common/components/display/ssd1306/font.o
                0x2000001c                Font08px_91
 .data.Font08px_92
                0x20000020        0x4 src/ASF/common/components/display/ssd1306/font.o
                0x20000020                Font08px_92
 .data.Font08px_93
                0x20000024        0x4 src/ASF/common/components/display/ssd1306/font.o
                0x20000024                Font08px_93
 .data.Font08px_94
                0x20000028        0x4 src/ASF/common/components/display/ssd1306/font.o
                0x20000028                Font08px_94
 .data.Font08px_95
                0x2000002c        0x4 src/ASF/common/components/display/ssd1306/font.o
                0x2000002c                Font08px_95
 .data.Font08px_96
                0x20000030        0x3 src/ASF/common/components/display/ssd1306/font.o
                0x20000030                Font08px_96
 *fill*         0x20000033        0x1 
 .data.font_table
                0x20000034      0x17c src/ASF/common/components/display/ssd1306/font.o
                0x20000034                font_table
 .data.Font08px_N4
                0x200001b0        0x6 src/ASF/common/components/display/ssd1306/font.o
                0x200001b0                Font08px_N4
 *fill*         0x200001b6        0x2 
 .data.Font08px_N7
                0x200001b8        0x6 src/ASF/common/components/display/ssd1306/font.o
                0x200001b8                Font08px_N7
 *fill*         0x200001be        0x2 
 .data.Font08px_N9
                0x200001c0        0x6 src/ASF/common/components/display/ssd1306/font.o
                0x200001c0                Font08px_N9
 *fill*         0x200001c6        0x2 
 .data.Font08px_60
                0x200001c8        0x5 src/ASF/common/components/display/ssd1306/font.o
                0x200001c8                Font08px_60
 *fill*         0x200001cd        0x3 
 .data.Font08px_61
                0x200001d0        0x5 src/ASF/common/components/display/ssd1306/font.o
                0x200001d0                Font08px_61
 *fill*         0x200001d5        0x3 
 .data.Font08px_62
                0x200001d8        0x5 src/ASF/common/components/display/ssd1306/font.o
                0x200001d8                Font08px_62
 *fill*         0x200001dd        0x3 
 .data.Font08px_63
                0x200001e0        0x6 src/ASF/common/components/display/ssd1306/font.o
                0x200001e0                Font08px_63
 *fill*         0x200001e6        0x2 
 .data.Font08px_64
                0x200001e8        0x9 src/ASF/common/components/display/ssd1306/font.o
                0x200001e8                Font08px_64
 *fill*         0x200001f1        0x3 
 .data.Font08px_UD
                0x200001f4        0x5 src/ASF/common/components/display/ssd1306/font.o
                0x200001f4                Font08px_UD
 *fill*         0x200001f9        0x3 
 .data.Font08px_UE
                0x200001fc        0x5 src/ASF/common/components/display/ssd1306/font.o
                0x200001fc                Font08px_UE
 *fill*         0x20000201        0x3 
 .data.Font08px_UF
                0x20000204        0x5 src/ASF/common/components/display/ssd1306/font.o
                0x20000204                Font08px_UF
 *fill*         0x20000209        0x3 
 .data.Font08px_UG
                0x2000020c        0x6 src/ASF/common/components/display/ssd1306/font.o
                0x2000020c                Font08px_UG
 *fill*         0x20000212        0x2 
 .data.Font08px_UQ
                0x20000214        0x6 src/ASF/common/components/display/ssd1306/font.o
                0x20000214                Font08px_UQ
 *fill*         0x2000021a        0x2 
 .data.Font08px_UR
                0x2000021c        0x5 src/ASF/common/components/display/ssd1306/font.o
                0x2000021c                Font08px_UR
 *fill*         0x20000221        0x3 
 .data.Font08px_US
                0x20000224        0x5 src/ASF/common/components/display/ssd1306/font.o
                0x20000224                Font08px_US
 *fill*         0x20000229        0x3 
 .data.Font08px_UT
                0x2000022c        0x6 src/ASF/common/components/display/ssd1306/font.o
                0x2000022c                Font08px_UT
 *fill*         0x20000232        0x2 
 .data.Font08px_N6
                0x20000234        0x6 src/ASF/common/components/display/ssd1306/font.o
                0x20000234                Font08px_N6
 *fill*         0x2000023a        0x2 
 .data.Font08px_UV
                0x2000023c        0x6 src/ASF/common/components/display/ssd1306/font.o
                0x2000023c                Font08px_UV
 *fill*         0x20000242        0x2 
 .data.Font08px_32
                0x20000244        0x3 src/ASF/common/components/display/ssd1306/font.o
                0x20000244                Font08px_32
 *fill*         0x20000247        0x1 
 .data.Font08px_33
                0x20000248        0x2 src/ASF/common/components/display/ssd1306/font.o
                0x20000248                Font08px_33
 *fill*         0x2000024a        0x2 
 .data.Font08px_34
                0x2000024c        0x4 src/ASF/common/components/display/ssd1306/font.o
                0x2000024c                Font08px_34
 .data.Font08px_35
                0x20000250        0x6 src/ASF/common/components/display/ssd1306/font.o
                0x20000250                Font08px_35
 *fill*         0x20000256        0x2 
 .data.Font08px_36
                0x20000258        0x6 src/ASF/common/components/display/ssd1306/font.o
                0x20000258                Font08px_36
 *fill*         0x2000025e        0x2 
 .data.Font08px_37
                0x20000260        0x6 src/ASF/common/components/display/ssd1306/font.o
                0x20000260                Font08px_37
 *fill*         0x20000266        0x2 
 .data.Font08px_38
                0x20000268        0x6 src/ASF/common/components/display/ssd1306/font.o
                0x20000268                Font08px_38
 *fill*         0x2000026e        0x2 
 .data.Font08px_39
                0x20000270        0x2 src/ASF/common/components/display/ssd1306/font.o
                0x20000270                Font08px_39
 *fill*         0x20000272        0x2 
 .data.Font08px_UA
                0x20000274        0x6 src/ASF/common/components/display/ssd1306/font.o
                0x20000274                Font08px_UA
 *fill*         0x2000027a        0x2 
 .data.Font08px_UB
                0x2000027c        0x5 src/ASF/common/components/display/ssd1306/font.o
                0x2000027c                Font08px_UB
 *fill*         0x20000281        0x3 
 .data.Font08px_UC
                0x20000284        0x5 src/ASF/common/components/display/ssd1306/font.o
                0x20000284                Font08px_UC
 *fill*         0x20000289        0x3 
 .data.Font08px_123
                0x2000028c        0x4 src/ASF/common/components/display/ssd1306/font.o
                0x2000028c                Font08px_123
 .data.Font08px_124
                0x20000290        0x2 src/ASF/common/components/display/ssd1306/font.o
                0x20000290                Font08px_124
 *fill*         0x20000292        0x2 
 .data.Font08px_125
                0x20000294        0x4 src/ASF/common/components/display/ssd1306/font.o
                0x20000294                Font08px_125
 .data.Font08px_126
                0x20000298        0x6 src/ASF/common/components/display/ssd1306/font.o
                0x20000298                Font08px_126
 *fill*         0x2000029e        0x2 
 .data.Font08px_UH
                0x200002a0        0x5 src/ASF/common/components/display/ssd1306/font.o
                0x200002a0                Font08px_UH
 *fill*         0x200002a5        0x3 
 .data.Font08px_UI
                0x200002a8        0x4 src/ASF/common/components/display/ssd1306/font.o
                0x200002a8                Font08px_UI
 .data.Font08px_UJ
                0x200002ac        0x5 src/ASF/common/components/display/ssd1306/font.o
                0x200002ac                Font08px_UJ
 *fill*         0x200002b1        0x3 
 .data.Font08px_UK
                0x200002b4        0x6 src/ASF/common/components/display/ssd1306/font.o
                0x200002b4                Font08px_UK
 *fill*         0x200002ba        0x2 
 .data.Font08px_UL
                0x200002bc        0x5 src/ASF/common/components/display/ssd1306/font.o
                0x200002bc                Font08px_UL
 *fill*         0x200002c1        0x3 
 .data.Font08px_UM
                0x200002c4        0x6 src/ASF/common/components/display/ssd1306/font.o
                0x200002c4                Font08px_UM
 *fill*         0x200002ca        0x2 
 .data.Font08px_UN
                0x200002cc        0x6 src/ASF/common/components/display/ssd1306/font.o
                0x200002cc                Font08px_UN
 *fill*         0x200002d2        0x2 
 .data.Font08px_UO
                0x200002d4        0x5 src/ASF/common/components/display/ssd1306/font.o
                0x200002d4                Font08px_UO
 *fill*         0x200002d9        0x3 
 .data.Font08px_UP
                0x200002dc        0x5 src/ASF/common/components/display/ssd1306/font.o
                0x200002dc                Font08px_UP
 *fill*         0x200002e1        0x3 
 .data.Font08px_N0
                0x200002e4        0x6 src/ASF/common/components/display/ssd1306/font.o
                0x200002e4                Font08px_N0
 *fill*         0x200002ea        0x2 
 .data.Font08px_N1
                0x200002ec        0x6 src/ASF/common/components/display/ssd1306/font.o
                0x200002ec                Font08px_N1
 *fill*         0x200002f2        0x2 
 .data.Font08px_N2
                0x200002f4        0x6 src/ASF/common/components/display/ssd1306/font.o
                0x200002f4                Font08px_N2
 *fill*         0x200002fa        0x2 
 .data.Font08px_N3
                0x200002fc        0x6 src/ASF/common/components/display/ssd1306/font.o
                0x200002fc                Font08px_N3
 *fill*         0x20000302        0x2 
 .data.Font08px_UU
                0x20000304        0x5 src/ASF/common/components/display/ssd1306/font.o
                0x20000304                Font08px_UU
 *fill*         0x20000309        0x3 
 .data.Font08px_N5
                0x2000030c        0x6 src/ASF/common/components/display/ssd1306/font.o
                0x2000030c                Font08px_N5
 *fill*         0x20000312        0x2 
 .data.Font08px_UW
                0x20000314        0x6 src/ASF/common/components/display/ssd1306/font.o
                0x20000314                Font08px_UW
 *fill*         0x2000031a        0x2 
 .data.Font08px_UX
                0x2000031c        0x6 src/ASF/common/components/display/ssd1306/font.o
                0x2000031c                Font08px_UX
 *fill*         0x20000322        0x2 
 .data.Font08px_N8
                0x20000324        0x6 src/ASF/common/components/display/ssd1306/font.o
                0x20000324                Font08px_N8
 *fill*         0x2000032a        0x2 
 .data.Font08px_UZ
                0x2000032c        0x6 src/ASF/common/components/display/ssd1306/font.o
                0x2000032c                Font08px_UZ
 *fill*         0x20000332        0x2 
 .data.Font08px_40
                0x20000334        0x4 src/ASF/common/components/display/ssd1306/font.o
                0x20000334                Font08px_40
 .data.Font08px_41
                0x20000338        0x4 src/ASF/common/components/display/ssd1306/font.o
                0x20000338                Font08px_41
 .data.Font08px_42
                0x2000033c        0x4 src/ASF/common/components/display/ssd1306/font.o
                0x2000033c                Font08px_42
 .data.Font08px_43
                0x20000340        0x4 src/ASF/common/components/display/ssd1306/font.o
                0x20000340                Font08px_43
 .data.Font08px_44
                0x20000344        0x2 src/ASF/common/components/display/ssd1306/font.o
                0x20000344                Font08px_44
 *fill*         0x20000346        0x2 
 .data.Font08px_45
                0x20000348        0x4 src/ASF/common/components/display/ssd1306/font.o
                0x20000348                Font08px_45
 .data.Font08px_46
                0x2000034c        0x2 src/ASF/common/components/display/ssd1306/font.o
                0x2000034c                Font08px_46
 *fill*         0x2000034e        0x2 
 .data.Font08px_47
                0x20000350        0x4 src/ASF/common/components/display/ssd1306/font.o
                0x20000350                Font08px_47
 .data.Font08px_la
                0x20000354        0x5 src/ASF/common/components/display/ssd1306/font.o
                0x20000354                Font08px_la
 *fill*         0x20000359        0x3 
 .data.Font08px_lb
                0x2000035c        0x5 src/ASF/common/components/display/ssd1306/font.o
                0x2000035c                Font08px_lb
 *fill*         0x20000361        0x3 
 .data.Font08px_lc
                0x20000364        0x5 src/ASF/common/components/display/ssd1306/font.o
                0x20000364                Font08px_lc
 *fill*         0x20000369        0x3 
 .data.Font08px_ld
                0x2000036c        0x5 src/ASF/common/components/display/ssd1306/font.o
                0x2000036c                Font08px_ld
 *fill*         0x20000371        0x3 
 .data.Font08px_le
                0x20000374        0x5 src/ASF/common/components/display/ssd1306/font.o
                0x20000374                Font08px_le
 *fill*         0x20000379        0x3 
 .data.Font08px_lf
                0x2000037c        0x4 src/ASF/common/components/display/ssd1306/font.o
                0x2000037c                Font08px_lf
 .data.Font08px_lg
                0x20000380        0x5 src/ASF/common/components/display/ssd1306/font.o
                0x20000380                Font08px_lg
 *fill*         0x20000385        0x3 
 .data.Font08px_lh
                0x20000388        0x5 src/ASF/common/components/display/ssd1306/font.o
                0x20000388                Font08px_lh
 *fill*         0x2000038d        0x3 
 .data.Font08px_li
                0x20000390        0x2 src/ASF/common/components/display/ssd1306/font.o
                0x20000390                Font08px_li
 *fill*         0x20000392        0x2 
 .data.Font08px_lj
                0x20000394        0x3 src/ASF/common/components/display/ssd1306/font.o
                0x20000394                Font08px_lj
 *fill*         0x20000397        0x1 
 .data.Font08px_lk
                0x20000398        0x5 src/ASF/common/components/display/ssd1306/font.o
                0x20000398                Font08px_lk
 *fill*         0x2000039d        0x3 
 .data.Font08px_ll
                0x200003a0        0x2 src/ASF/common/components/display/ssd1306/font.o
                0x200003a0                Font08px_ll
 *fill*         0x200003a2        0x2 
 .data.Font08px_lm
                0x200003a4        0x6 src/ASF/common/components/display/ssd1306/font.o
                0x200003a4                Font08px_lm
 *fill*         0x200003aa        0x2 
 .data.Font08px_ln
                0x200003ac        0x5 src/ASF/common/components/display/ssd1306/font.o
                0x200003ac                Font08px_ln
 *fill*         0x200003b1        0x3 
 .data.Font08px_lo
                0x200003b4        0x5 src/ASF/common/components/display/ssd1306/font.o
                0x200003b4                Font08px_lo
 *fill*         0x200003b9        0x3 
 .data.Font08px_lp
                0x200003bc        0x5 src/ASF/common/components/display/ssd1306/font.o
                0x200003bc                Font08px_lp
 *fill*         0x200003c1        0x3 
 .data.Font08px_lq
                0x200003c4        0x5 src/ASF/common/components/display/ssd1306/font.o
                0x200003c4                Font08px_lq
 *fill*         0x200003c9        0x3 
 .data.Font08px_lr
                0x200003cc        0x4 src/ASF/common/components/display/ssd1306/font.o
                0x200003cc                Font08px_lr
 .data.Font08px_ls
                0x200003d0        0x5 src/ASF/common/components/display/ssd1306/font.o
                0x200003d0                Font08px_ls
 *fill*         0x200003d5        0x3 
 .data.Font08px_lt
                0x200003d8        0x4 src/ASF/common/components/display/ssd1306/font.o
                0x200003d8                Font08px_lt
 .data.Font08px_lu
                0x200003dc        0x5 src/ASF/common/components/display/ssd1306/font.o
                0x200003dc                Font08px_lu
 *fill*         0x200003e1        0x3 
 .data.Font08px_lv
                0x200003e4        0x6 src/ASF/common/components/display/ssd1306/font.o
                0x200003e4                Font08px_lv
 *fill*         0x200003ea        0x2 
 .data.Font08px_lw
                0x200003ec        0x6 src/ASF/common/components/display/ssd1306/font.o
                0x200003ec                Font08px_lw
 *fill*         0x200003f2        0x2 
 .data.Font08px_lx
                0x200003f4        0x6 src/ASF/common/components/display/ssd1306/font.o
                0x200003f4                Font08px_lx
 *fill*         0x200003fa        0x2 
 .data.Font08px_ly
                0x200003fc        0x5 src/ASF/common/components/display/ssd1306/font.o
                0x200003fc                Font08px_ly
 *fill*         0x20000401        0x3 
 .data.Font08px_lz
                0x20000404        0x4 src/ASF/common/components/display/ssd1306/font.o
                0x20000404                Font08px_lz
 .data.SystemCoreClock
                0x20000408        0x4 src/ASF/sam/utils/cmsis/sam4s/source/templates/system_sam4s.o
                0x20000408                SystemCoreClock
 *fill*         0x2000040c        0x4 
 .data.impure_data
                0x20000410      0x428 c:/program files (x86)/atmel/studio/7.0/toolchain/arm/arm-gnu-toolchain/bin/../lib/gcc/arm-none-eabi/5.3.1/../../../../arm-none-eabi/lib/armv7e-m\libc.a(lib_a-impure.o)
 .data._impure_ptr
                0x20000838        0x4 c:/program files (x86)/atmel/studio/7.0/toolchain/arm/arm-gnu-toolchain/bin/../lib/gcc/arm-none-eabi/5.3.1/../../../../arm-none-eabi/lib/armv7e-m\libc.a(lib_a-impure.o)
                0x20000838                _impure_ptr
 .data.lconv    0x2000083c       0x38 c:/program files (x86)/atmel/studio/7.0/toolchain/arm/arm-gnu-toolchain/bin/../lib/gcc/arm-none-eabi/5.3.1/../../../../arm-none-eabi/lib/armv7e-m\libc.a(lib_a-locale.o)
 .data.__malloc_av_
                0x20000874      0x408 c:/program files (x86)/atmel/studio/7.0/toolchain/arm/arm-gnu-toolchain/bin/../lib/gcc/arm-none-eabi/5.3.1/../../../../arm-none-eabi/lib/armv7e-m\libc.a(lib_a-mallocr.o)
                0x20000874                __malloc_av_
 .data.__malloc_trim_threshold
                0x20000c7c        0x4 c:/program files (x86)/atmel/studio/7.0/toolchain/arm/arm-gnu-toolchain/bin/../lib/gcc/arm-none-eabi/5.3.1/../../../../arm-none-eabi/lib/armv7e-m\libc.a(lib_a-mallocr.o)
                0x20000c7c                __malloc_trim_threshold
 .data.__malloc_sbrk_base
                0x20000c80        0x4 c:/program files (x86)/atmel/studio/7.0/toolchain/arm/arm-gnu-toolchain/bin/../lib/gcc/arm-none-eabi/5.3.1/../../../../arm-none-eabi/lib/armv7e-m\libc.a(lib_a-mallocr.o)
                0x20000c80                __malloc_sbrk_base
                0x20000c84                . = ALIGN (0x4)
                0x20000c84                _erelocate = .

.bss            0x20000c84       0xd0 load address 0x00406aa4
                0x20000c84                . = ALIGN (0x4)
                0x20000c84                _sbss = .
                0x20000c84                _szero = .
 *(.bss .bss.*)
 .bss           0x20000c84       0x1c c:/program files (x86)/atmel/studio/7.0/toolchain/arm/arm-gnu-toolchain/bin/../lib/gcc/arm-none-eabi/5.3.1/armv7e-m/crtbegin.o
 .bss.pio_capture_handler
                0x20000ca0        0x4 src/ASF/sam/drivers/pio/pio_handler.o
 .bss.gs_interrupt_sources
                0x20000ca4       0x70 src/ASF/sam/drivers/pio/pio_handler.o
 .bss.heap.5287
                0x20000d14        0x4 src/ASF/sam/utils/syscalls/gcc/syscalls.o
 .bss.__malloc_max_total_mem
                0x20000d18        0x4 c:/program files (x86)/atmel/studio/7.0/toolchain/arm/arm-gnu-toolchain/bin/../lib/gcc/arm-none-eabi/5.3.1/../../../../arm-none-eabi/lib/armv7e-m\libc.a(lib_a-mallocr.o)
                0x20000d18                __malloc_max_total_mem
 .bss.__malloc_max_sbrked_mem
                0x20000d1c        0x4 c:/program files (x86)/atmel/studio/7.0/toolchain/arm/arm-gnu-toolchain/bin/../lib/gcc/arm-none-eabi/5.3.1/../../../../arm-none-eabi/lib/armv7e-m\libc.a(lib_a-mallocr.o)
                0x20000d1c                __malloc_max_sbrked_mem
 .bss.__malloc_top_pad
                0x20000d20        0x4 c:/program files (x86)/atmel/studio/7.0/toolchain/arm/arm-gnu-toolchain/bin/../lib/gcc/arm-none-eabi/5.3.1/../../../../arm-none-eabi/lib/armv7e-m\libc.a(lib_a-mallocr.o)
                0x20000d20                __malloc_top_pad
 .bss.__malloc_current_mallinfo
                0x20000d24       0x28 c:/program files (x86)/atmel/studio/7.0/toolchain/arm/arm-gnu-toolchain/bin/../lib/gcc/arm-none-eabi/5.3.1/../../../../arm-none-eabi/lib/armv7e-m\libc.a(lib_a-mallocr.o)
                0x20000d24                __malloc_current_mallinfo
 *(COMMON)
 COMMON         0x20000d4c        0x4 src/ASF/sam/drivers/pio/pio.o
                0x20000d4c                pio_capture_enable_flag
 COMMON         0x20000d50        0x4 c:/program files (x86)/atmel/studio/7.0/toolchain/arm/arm-gnu-toolchain/bin/../lib/gcc/arm-none-eabi/5.3.1/../../../../arm-none-eabi/lib/armv7e-m\libc.a(lib_a-reent.o)
                0x20000d50                errno
                0x20000d54                . = ALIGN (0x4)
                0x20000d54                _ebss = .
                0x20000d54                _ezero = .

.stack          0x20000d54     0x3004 load address 0x00406b74
                0x20000d58                . = ALIGN (0x8)
 *fill*         0x20000d54        0x4 
                0x20000d58                _sstack = .
                0x20003d58                . = (. + __stack_size__)
 *fill*         0x20000d58     0x3000 
                0x20003d58                . = ALIGN (0x8)
                0x20003d58                _estack = .
                0x20003d58                . = ALIGN (0x4)
                0x20003d58                _end = .
OUTPUT(OLED.elf elf32-littlearm)

.ARM.attributes
                0x00000000       0x2a
 .ARM.attributes
                0x00000000       0x1e c:/program files (x86)/atmel/studio/7.0/toolchain/arm/arm-gnu-toolchain/bin/../lib/gcc/arm-none-eabi/5.3.1/armv7e-m/crti.o
 .ARM.attributes
                0x0000001e       0x2e c:/program files (x86)/atmel/studio/7.0/toolchain/arm/arm-gnu-toolchain/bin/../lib/gcc/arm-none-eabi/5.3.1/armv7e-m/crtbegin.o
 .ARM.attributes
                0x0000004c       0x33 src/ASF/common/components/display/ssd1306/font.o
 .ARM.attributes
                0x0000007f       0x33 src/ASF/common/services/spi/sam_spi/spi_master.o
 .ARM.attributes
                0x000000b2       0x33 src/ASF/sam/drivers/spi/spi.o
 .ARM.attributes
                0x000000e5       0x33 src/ASF/common/services/delay/sam/cycle_counter.o
 .ARM.attributes
                0x00000118       0x33 src/ASF/common/components/display/ssd1306/ssd1306.o
 .ARM.attributes
                0x0000014b       0x33 src/ASF/common/services/clock/sam4s/sysclk.o
 .ARM.attributes
                0x0000017e       0x33 src/ASF/sam/boards/sam4s_ek2/init.o
 .ARM.attributes
                0x000001b1       0x33 src/ASF/sam/drivers/pio/pio.o
 .ARM.attributes
                0x000001e4       0x33 src/ASF/sam/drivers/pio/pio_handler.o
 .ARM.attributes
                0x00000217       0x33 src/ASF/sam/drivers/pmc/pmc.o
 .ARM.attributes
                0x0000024a       0x33 src/ASF/sam/utils/cmsis/sam4s/source/templates/gcc/startup_sam4s.o
 .ARM.attributes
                0x0000027d       0x33 src/ASF/sam/utils/cmsis/sam4s/source/templates/system_sam4s.o
 .ARM.attributes
                0x000002b0       0x33 src/ASF/sam/utils/syscalls/gcc/syscalls.o
 .ARM.attributes
                0x000002e3       0x33 src/main.o
 .ARM.attributes
                0x00000316       0x2e c:/program files (x86)/atmel/studio/7.0/toolchain/arm/arm-gnu-toolchain/bin/../lib/gcc/arm-none-eabi/5.3.1/../../../../arm-none-eabi/lib/armv7e-m\libc.a(lib_a-impure.o)
 .ARM.attributes
                0x00000344       0x2e c:/program files (x86)/atmel/studio/7.0/toolchain/arm/arm-gnu-toolchain/bin/../lib/gcc/arm-none-eabi/5.3.1/../../../../arm-none-eabi/lib/armv7e-m\libc.a(lib_a-init.o)
 .ARM.attributes
                0x00000372       0x2e c:/program files (x86)/atmel/studio/7.0/toolchain/arm/arm-gnu-toolchain/bin/../lib/gcc/arm-none-eabi/5.3.1/../../../../arm-none-eabi/lib/armv7e-m\libc.a(lib_a-memset.o)
 .ARM.attributes
                0x000003a0       0x2e c:/program files (x86)/atmel/studio/7.0/toolchain/arm/arm-gnu-toolchain/bin/../lib/gcc/arm-none-eabi/5.3.1/../../../../arm-none-eabi/lib/armv7e-m\libc.a(lib_a-sprintf.o)
 .ARM.attributes
                0x000003ce       0x2e c:/program files (x86)/atmel/studio/7.0/toolchain/arm/arm-gnu-toolchain/bin/../lib/gcc/arm-none-eabi/5.3.1/../../../../arm-none-eabi/lib/armv7e-m\libc.a(lib_a-svfprintf.o)
 .ARM.attributes
                0x000003fc       0x2e c:/program files (x86)/atmel/studio/7.0/toolchain/arm/arm-gnu-toolchain/bin/../lib/gcc/arm-none-eabi/5.3.1/../../../../arm-none-eabi/lib/armv7e-m\libc.a(lib_a-__call_atexit.o)
 .ARM.attributes
                0x0000042a       0x2e c:/program files (x86)/atmel/studio/7.0/toolchain/arm/arm-gnu-toolchain/bin/../lib/gcc/arm-none-eabi/5.3.1/../../../../arm-none-eabi/lib/armv7e-m\libc.a(lib_a-atexit.o)
 .ARM.attributes
                0x00000458       0x2e c:/program files (x86)/atmel/studio/7.0/toolchain/arm/arm-gnu-toolchain/bin/../lib/gcc/arm-none-eabi/5.3.1/../../../../arm-none-eabi/lib/armv7e-m\libc.a(lib_a-dtoa.o)
 .ARM.attributes
                0x00000486       0x2e c:/program files (x86)/atmel/studio/7.0/toolchain/arm/arm-gnu-toolchain/bin/../lib/gcc/arm-none-eabi/5.3.1/../../../../arm-none-eabi/lib/armv7e-m\libc.a(lib_a-fini.o)
 .ARM.attributes
                0x000004b4       0x2e c:/program files (x86)/atmel/studio/7.0/toolchain/arm/arm-gnu-toolchain/bin/../lib/gcc/arm-none-eabi/5.3.1/../../../../arm-none-eabi/lib/armv7e-m\libc.a(lib_a-locale.o)
 .ARM.attributes
                0x000004e2       0x2e c:/program files (x86)/atmel/studio/7.0/toolchain/arm/arm-gnu-toolchain/bin/../lib/gcc/arm-none-eabi/5.3.1/../../../../arm-none-eabi/lib/armv7e-m\libc.a(lib_a-mallocr.o)
 .ARM.attributes
                0x00000510       0x1c c:/program files (x86)/atmel/studio/7.0/toolchain/arm/arm-gnu-toolchain/bin/../lib/gcc/arm-none-eabi/5.3.1/../../../../arm-none-eabi/lib/armv7e-m\libc.a(lib_a-memchr.o)
 .ARM.attributes
                0x0000052c       0x1c c:/program files (x86)/atmel/studio/7.0/toolchain/arm/arm-gnu-toolchain/bin/../lib/gcc/arm-none-eabi/5.3.1/../../../../arm-none-eabi/lib/armv7e-m\libc.a(lib_a-memcpy.o)
 .ARM.attributes
                0x00000548       0x2e c:/program files (x86)/atmel/studio/7.0/toolchain/arm/arm-gnu-toolchain/bin/../lib/gcc/arm-none-eabi/5.3.1/../../../../arm-none-eabi/lib/armv7e-m\libc.a(lib_a-mlock.o)
 .ARM.attributes
                0x00000576       0x2e c:/program files (x86)/atmel/studio/7.0/toolchain/arm/arm-gnu-toolchain/bin/../lib/gcc/arm-none-eabi/5.3.1/../../../../arm-none-eabi/lib/armv7e-m\libc.a(lib_a-mprec.o)
 .ARM.attributes
                0x000005a4       0x2e c:/program files (x86)/atmel/studio/7.0/toolchain/arm/arm-gnu-toolchain/bin/../lib/gcc/arm-none-eabi/5.3.1/../../../../arm-none-eabi/lib/armv7e-m\libc.a(lib_a-sbrkr.o)
 .ARM.attributes
                0x000005d2       0x1c c:/program files (x86)/atmel/studio/7.0/toolchain/arm/arm-gnu-toolchain/bin/../lib/gcc/arm-none-eabi/5.3.1/../../../../arm-none-eabi/lib/armv7e-m\libc.a(lib_a-strlen.o)
 .ARM.attributes
                0x000005ee       0x2e c:/program files (x86)/atmel/studio/7.0/toolchain/arm/arm-gnu-toolchain/bin/../lib/gcc/arm-none-eabi/5.3.1/../../../../arm-none-eabi/lib/armv7e-m\libc.a(lib_a-svfiprintf.o)
 .ARM.attributes
                0x0000061c       0x2e c:/program files (x86)/atmel/studio/7.0/toolchain/arm/arm-gnu-toolchain/bin/../lib/gcc/arm-none-eabi/5.3.1/../../../../arm-none-eabi/lib/armv7e-m\libc.a(lib_a-__atexit.o)
 .ARM.attributes
                0x0000064a       0x2e c:/program files (x86)/atmel/studio/7.0/toolchain/arm/arm-gnu-toolchain/bin/../lib/gcc/arm-none-eabi/5.3.1/../../../../arm-none-eabi/lib/armv7e-m\libc.a(lib_a-callocr.o)
 .ARM.attributes
                0x00000678       0x2e c:/program files (x86)/atmel/studio/7.0/toolchain/arm/arm-gnu-toolchain/bin/../lib/gcc/arm-none-eabi/5.3.1/../../../../arm-none-eabi/lib/armv7e-m\libc.a(lib_a-freer.o)
 .ARM.attributes
                0x000006a6       0x2e c:/program files (x86)/atmel/studio/7.0/toolchain/arm/arm-gnu-toolchain/bin/../lib/gcc/arm-none-eabi/5.3.1/../../../../arm-none-eabi/lib/armv7e-m\libc.a(lib_a-memmove.o)
 .ARM.attributes
                0x000006d4       0x2e c:/program files (x86)/atmel/studio/7.0/toolchain/arm/arm-gnu-toolchain/bin/../lib/gcc/arm-none-eabi/5.3.1/../../../../arm-none-eabi/lib/armv7e-m\libc.a(lib_a-reallocr.o)
 .ARM.attributes
                0x00000702       0x2e c:/program files (x86)/atmel/studio/7.0/toolchain/arm/arm-gnu-toolchain/bin/../lib/gcc/arm-none-eabi/5.3.1/../../../../arm-none-eabi/lib/armv7e-m\libc.a(lib_a-reent.o)
 .ARM.attributes
                0x00000730       0x1e c:/program files (x86)/atmel/studio/7.0/toolchain/arm/arm-gnu-toolchain/bin/../lib/gcc/arm-none-eabi/5.3.1/armv7e-m\libgcc.a(_arm_addsubdf3.o)
 .ARM.attributes
                0x0000074e       0x1e c:/program files (x86)/atmel/studio/7.0/toolchain/arm/arm-gnu-toolchain/bin/../lib/gcc/arm-none-eabi/5.3.1/armv7e-m\libgcc.a(_arm_muldivdf3.o)
 .ARM.attributes
                0x0000076c       0x1e c:/program files (x86)/atmel/studio/7.0/toolchain/arm/arm-gnu-toolchain/bin/../lib/gcc/arm-none-eabi/5.3.1/armv7e-m\libgcc.a(_arm_cmpdf2.o)
 .ARM.attributes
                0x0000078a       0x1e c:/program files (x86)/atmel/studio/7.0/toolchain/arm/arm-gnu-toolchain/bin/../lib/gcc/arm-none-eabi/5.3.1/armv7e-m\libgcc.a(_arm_unorddf2.o)
 .ARM.attributes
                0x000007a8       0x1e c:/program files (x86)/atmel/studio/7.0/toolchain/arm/arm-gnu-toolchain/bin/../lib/gcc/arm-none-eabi/5.3.1/armv7e-m\libgcc.a(_arm_fixdfsi.o)
 .ARM.attributes
                0x000007c6       0x1e c:/program files (x86)/atmel/studio/7.0/toolchain/arm/arm-gnu-toolchain/bin/../lib/gcc/arm-none-eabi/5.3.1/armv7e-m\libgcc.a(_aeabi_uldivmod.o)
 .ARM.attributes
                0x000007e4       0x2e c:/program files (x86)/atmel/studio/7.0/toolchain/arm/arm-gnu-toolchain/bin/../lib/gcc/arm-none-eabi/5.3.1/armv7e-m\libgcc.a(_udivmoddi4.o)
 .ARM.attributes
                0x00000812       0x1e c:/program files (x86)/atmel/studio/7.0/toolchain/arm/arm-gnu-toolchain/bin/../lib/gcc/arm-none-eabi/5.3.1/armv7e-m\libgcc.a(_dvmd_tls.o)
 .ARM.attributes
                0x00000830       0x1e c:/program files (x86)/atmel/studio/7.0/toolchain/arm/arm-gnu-toolchain/bin/../lib/gcc/arm-none-eabi/5.3.1/armv7e-m/crtn.o

.comment        0x00000000       0x59
 .comment       0x00000000       0x59 src/ASF/common/components/display/ssd1306/font.o
                                 0x5a (size before relaxing)
 .comment       0x00000059       0x5a src/ASF/common/services/spi/sam_spi/spi_master.o
 .comment       0x00000059       0x5a src/ASF/sam/drivers/spi/spi.o
 .comment       0x00000059       0x5a src/ASF/common/services/delay/sam/cycle_counter.o
 .comment       0x00000059       0x5a src/ASF/common/components/display/ssd1306/ssd1306.o
 .comment       0x00000059       0x5a src/ASF/common/services/clock/sam4s/sysclk.o
 .comment       0x00000059       0x5a src/ASF/sam/boards/sam4s_ek2/init.o
 .comment       0x00000059       0x5a src/ASF/sam/drivers/pio/pio.o
 .comment       0x00000059       0x5a src/ASF/sam/drivers/pio/pio_handler.o
 .comment       0x00000059       0x5a src/ASF/sam/drivers/pmc/pmc.o
 .comment       0x00000059       0x5a src/ASF/sam/utils/cmsis/sam4s/source/templates/gcc/startup_sam4s.o
 .comment       0x00000059       0x5a src/ASF/sam/utils/cmsis/sam4s/source/templates/system_sam4s.o
 .comment       0x00000059       0x5a src/ASF/sam/utils/syscalls/gcc/syscalls.o
 .comment       0x00000059       0x5a src/main.o

.debug_info     0x00000000     0x9ec3
 .debug_info    0x00000000      0x89d src/ASF/common/components/display/ssd1306/font.o
 .debug_info    0x0000089d      0xcd6 src/ASF/common/services/spi/sam_spi/spi_master.o
 .debug_info    0x00001573      0x894 src/ASF/sam/drivers/spi/spi.o
 .debug_info    0x00001e07      0x134 src/ASF/common/services/delay/sam/cycle_counter.o
 .debug_info    0x00001f3b     0x10ff src/ASF/common/components/display/ssd1306/ssd1306.o
 .debug_info    0x0000303a      0x747 src/ASF/common/services/clock/sam4s/sysclk.o
 .debug_info    0x00003781      0xb34 src/ASF/sam/boards/sam4s_ek2/init.o
 .debug_info    0x000042b5     0x1958 src/ASF/sam/drivers/pio/pio.o
 .debug_info    0x00005c0d      0xfa7 src/ASF/sam/drivers/pio/pio_handler.o
 .debug_info    0x00006bb4     0x10f1 src/ASF/sam/drivers/pmc/pmc.o
 .debug_info    0x00007ca5      0x6a4 src/ASF/sam/utils/cmsis/sam4s/source/templates/gcc/startup_sam4s.o
 .debug_info    0x00008349      0x469 src/ASF/sam/utils/cmsis/sam4s/source/templates/system_sam4s.o
 .debug_info    0x000087b2      0x427 src/ASF/sam/utils/syscalls/gcc/syscalls.o
 .debug_info    0x00008bd9     0x12ea src/main.o

.debug_abbrev   0x00000000     0x1bfc
 .debug_abbrev  0x00000000       0xab src/ASF/common/components/display/ssd1306/font.o
 .debug_abbrev  0x000000ab      0x2dd src/ASF/common/services/spi/sam_spi/spi_master.o
 .debug_abbrev  0x00000388      0x29d src/ASF/sam/drivers/spi/spi.o
 .debug_abbrev  0x00000625       0x9d src/ASF/common/services/delay/sam/cycle_counter.o
 .debug_abbrev  0x000006c2      0x2c9 src/ASF/common/components/display/ssd1306/ssd1306.o
 .debug_abbrev  0x0000098b      0x23b src/ASF/common/services/clock/sam4s/sysclk.o
 .debug_abbrev  0x00000bc6      0x187 src/ASF/sam/boards/sam4s_ek2/init.o
 .debug_abbrev  0x00000d4d      0x316 src/ASF/sam/drivers/pio/pio.o
 .debug_abbrev  0x00001063      0x29a src/ASF/sam/drivers/pio/pio_handler.o
 .debug_abbrev  0x000012fd      0x277 src/ASF/sam/drivers/pmc/pmc.o
 .debug_abbrev  0x00001574      0x16e src/ASF/sam/utils/cmsis/sam4s/source/templates/gcc/startup_sam4s.o
 .debug_abbrev  0x000016e2       0xf5 src/ASF/sam/utils/cmsis/sam4s/source/templates/system_sam4s.o
 .debug_abbrev  0x000017d7      0x14b src/ASF/sam/utils/syscalls/gcc/syscalls.o
 .debug_abbrev  0x00001922      0x2da src/main.o

.debug_aranges  0x00000000      0x680
 .debug_aranges
                0x00000000       0x18 src/ASF/common/components/display/ssd1306/font.o
 .debug_aranges
                0x00000018       0x50 src/ASF/common/services/spi/sam_spi/spi_master.o
 .debug_aranges
                0x00000068       0x90 src/ASF/sam/drivers/spi/spi.o
 .debug_aranges
                0x000000f8       0x20 src/ASF/common/services/delay/sam/cycle_counter.o
 .debug_aranges
                0x00000118       0x30 src/ASF/common/components/display/ssd1306/ssd1306.o
 .debug_aranges
                0x00000148       0x30 src/ASF/common/services/clock/sam4s/sysclk.o
 .debug_aranges
                0x00000178       0x20 src/ASF/sam/boards/sam4s_ek2/init.o
 .debug_aranges
                0x00000198      0x1a8 src/ASF/sam/drivers/pio/pio.o
 .debug_aranges
                0x00000340       0x58 src/ASF/sam/drivers/pio/pio_handler.o
 .debug_aranges
                0x00000398      0x208 src/ASF/sam/drivers/pmc/pmc.o
 .debug_aranges
                0x000005a0       0x28 src/ASF/sam/utils/cmsis/sam4s/source/templates/gcc/startup_sam4s.o
 .debug_aranges
                0x000005c8       0x30 src/ASF/sam/utils/cmsis/sam4s/source/templates/system_sam4s.o
 .debug_aranges
                0x000005f8       0x60 src/ASF/sam/utils/syscalls/gcc/syscalls.o
 .debug_aranges
                0x00000658       0x28 src/main.o

.debug_macro    0x00000000    0x13dcf
 .debug_macro   0x00000000      0x502 src/ASF/common/components/display/ssd1306/font.o
 .debug_macro   0x00000502      0x89e src/ASF/common/components/display/ssd1306/font.o
 .debug_macro   0x00000da0      0x16d src/ASF/common/components/display/ssd1306/font.o
 .debug_macro   0x00000f0d      0x652 src/ASF/common/components/display/ssd1306/font.o
 .debug_macro   0x0000155f       0x76 src/ASF/common/components/display/ssd1306/font.o
 .debug_macro   0x000015d5       0x16 src/ASF/common/components/display/ssd1306/font.o
 .debug_macro   0x000015eb      0x6e4 src/ASF/common/components/display/ssd1306/font.o
 .debug_macro   0x00001ccf       0x22 src/ASF/common/components/display/ssd1306/font.o
 .debug_macro   0x00001cf1       0x87 src/ASF/common/components/display/ssd1306/font.o
 .debug_macro   0x00001d78       0x44 src/ASF/common/components/display/ssd1306/font.o
 .debug_macro   0x00001dbc       0xfd src/ASF/common/components/display/ssd1306/font.o
 .debug_macro   0x00001eb9       0x22 src/ASF/common/components/display/ssd1306/font.o
 .debug_macro   0x00001edb      0x1df src/ASF/common/components/display/ssd1306/font.o
 .debug_macro   0x000020ba       0x27 src/ASF/common/components/display/ssd1306/font.o
 .debug_macro   0x000020e1       0x3b src/ASF/common/components/display/ssd1306/font.o
 .debug_macro   0x0000211c       0x2d src/ASF/common/components/display/ssd1306/font.o
 .debug_macro   0x00002149       0x26 src/ASF/common/components/display/ssd1306/font.o
 .debug_macro   0x0000216f      0xbbf src/ASF/common/components/display/ssd1306/font.o
 .debug_macro   0x00002d2e      0x159 src/ASF/common/components/display/ssd1306/font.o
 .debug_macro   0x00002e87      0xaaf src/ASF/common/components/display/ssd1306/font.o
 .debug_macro   0x00003936      0x284 src/ASF/common/components/display/ssd1306/font.o
 .debug_macro   0x00003bba      0x11e src/ASF/common/components/display/ssd1306/font.o
 .debug_macro   0x00003cd8       0xac src/ASF/common/components/display/ssd1306/font.o
 .debug_macro   0x00003d84      0x401 src/ASF/common/components/display/ssd1306/font.o
 .debug_macro   0x00004185      0x106 src/ASF/common/components/display/ssd1306/font.o
 .debug_macro   0x0000428b       0x1c src/ASF/common/components/display/ssd1306/font.o
 .debug_macro   0x000042a7      0x738 src/ASF/common/components/display/ssd1306/font.o
 .debug_macro   0x000049df      0x2d2 src/ASF/common/components/display/ssd1306/font.o
 .debug_macro   0x00004cb1       0xbe src/ASF/common/components/display/ssd1306/font.o
 .debug_macro   0x00004d6f     0x280b src/ASF/common/components/display/ssd1306/font.o
 .debug_macro   0x0000757a      0x777 src/ASF/common/components/display/ssd1306/font.o
 .debug_macro   0x00007cf1      0xa8e src/ASF/common/components/display/ssd1306/font.o
 .debug_macro   0x0000877f       0x9a src/ASF/common/components/display/ssd1306/font.o
 .debug_macro   0x00008819      0x3d8 src/ASF/common/components/display/ssd1306/font.o
 .debug_macro   0x00008bf1       0x64 src/ASF/common/components/display/ssd1306/font.o
 .debug_macro   0x00008c55      0x1ae src/ASF/common/components/display/ssd1306/font.o
 .debug_macro   0x00008e03      0x386 src/ASF/common/components/display/ssd1306/font.o
 .debug_macro   0x00009189      0x624 src/ASF/common/components/display/ssd1306/font.o
 .debug_macro   0x000097ad      0x690 src/ASF/common/components/display/ssd1306/font.o
 .debug_macro   0x00009e3d      0x59f src/ASF/common/components/display/ssd1306/font.o
 .debug_macro   0x0000a3dc      0x34d src/ASF/common/components/display/ssd1306/font.o
 .debug_macro   0x0000a729      0x28c src/ASF/common/components/display/ssd1306/font.o
 .debug_macro   0x0000a9b5      0x2d6 src/ASF/common/components/display/ssd1306/font.o
 .debug_macro   0x0000ac8b      0x6d9 src/ASF/common/components/display/ssd1306/font.o
 .debug_macro   0x0000b364       0x76 src/ASF/common/components/display/ssd1306/font.o
 .debug_macro   0x0000b3da       0xb8 src/ASF/common/components/display/ssd1306/font.o
 .debug_macro   0x0000b492       0xb2 src/ASF/common/components/display/ssd1306/font.o
 .debug_macro   0x0000b544       0x88 src/ASF/common/components/display/ssd1306/font.o
 .debug_macro   0x0000b5cc      0x105 src/ASF/common/components/display/ssd1306/font.o
 .debug_macro   0x0000b6d1      0x105 src/ASF/common/components/display/ssd1306/font.o
 .debug_macro   0x0000b7d6       0x88 src/ASF/common/components/display/ssd1306/font.o
 .debug_macro   0x0000b85e       0x88 src/ASF/common/components/display/ssd1306/font.o
 .debug_macro   0x0000b8e6      0x2cd src/ASF/common/components/display/ssd1306/font.o
 .debug_macro   0x0000bbb3       0xb2 src/ASF/common/components/display/ssd1306/font.o
 .debug_macro   0x0000bc65       0xb2 src/ASF/common/components/display/ssd1306/font.o
 .debug_macro   0x0000bd17       0x52 src/ASF/common/components/display/ssd1306/font.o
 .debug_macro   0x0000bd69       0xac src/ASF/common/components/display/ssd1306/font.o
 .debug_macro   0x0000be15       0x7c src/ASF/common/components/display/ssd1306/font.o
 .debug_macro   0x0000be91       0x40 src/ASF/common/components/display/ssd1306/font.o
 .debug_macro   0x0000bed1       0x64 src/ASF/common/components/display/ssd1306/font.o
 .debug_macro   0x0000bf35       0x46 src/ASF/common/components/display/ssd1306/font.o
 .debug_macro   0x0000bf7b       0x88 src/ASF/common/components/display/ssd1306/font.o
 .debug_macro   0x0000c003       0x4c src/ASF/common/components/display/ssd1306/font.o
 .debug_macro   0x0000c04f       0xa6 src/ASF/common/components/display/ssd1306/font.o
 .debug_macro   0x0000c0f5       0x7c src/ASF/common/components/display/ssd1306/font.o
 .debug_macro   0x0000c171       0x16 src/ASF/common/components/display/ssd1306/font.o
 .debug_macro   0x0000c187       0x7c src/ASF/common/components/display/ssd1306/font.o
 .debug_macro   0x0000c203       0x22 src/ASF/common/components/display/ssd1306/font.o
 .debug_macro   0x0000c225       0x22 src/ASF/common/components/display/ssd1306/font.o
 .debug_macro   0x0000c247      0x195 src/ASF/common/components/display/ssd1306/font.o
 .debug_macro   0x0000c3dc      0x165 src/ASF/common/components/display/ssd1306/font.o
 .debug_macro   0x0000c541      0x165 src/ASF/common/components/display/ssd1306/font.o
 .debug_macro   0x0000c6a6       0x1c src/ASF/common/components/display/ssd1306/font.o
 .debug_macro   0x0000c6c2       0x2e src/ASF/common/components/display/ssd1306/font.o
 .debug_macro   0x0000c6f0       0x22 src/ASF/common/components/display/ssd1306/font.o
 .debug_macro   0x0000c712       0x1c src/ASF/common/components/display/ssd1306/font.o
 .debug_macro   0x0000c72e       0x52 src/ASF/common/components/display/ssd1306/font.o
 .debug_macro   0x0000c780       0x10 src/ASF/common/components/display/ssd1306/font.o
 .debug_macro   0x0000c790      0x234 src/ASF/common/components/display/ssd1306/font.o
 .debug_macro   0x0000c9c4      0x938 src/ASF/common/components/display/ssd1306/font.o
 .debug_macro   0x0000d2fc      0x12a src/ASF/common/components/display/ssd1306/font.o
 .debug_macro   0x0000d426       0x52 src/ASF/common/components/display/ssd1306/font.o
 .debug_macro   0x0000d478       0x35 src/ASF/common/components/display/ssd1306/font.o
 .debug_macro   0x0000d4ad       0x9c src/ASF/common/components/display/ssd1306/font.o
 .debug_macro   0x0000d549       0x16 src/ASF/common/components/display/ssd1306/font.o
 .debug_macro   0x0000d55f       0x35 src/ASF/common/components/display/ssd1306/font.o
 .debug_macro   0x0000d594      0x330 src/ASF/common/components/display/ssd1306/font.o
 .debug_macro   0x0000d8c4       0x10 src/ASF/common/components/display/ssd1306/font.o
 .debug_macro   0x0000d8d4       0x52 src/ASF/common/components/display/ssd1306/font.o
 .debug_macro   0x0000d926       0x16 src/ASF/common/components/display/ssd1306/font.o
 .debug_macro   0x0000d93c       0x43 src/ASF/common/components/display/ssd1306/font.o
 .debug_macro   0x0000d97f      0x187 src/ASF/common/components/display/ssd1306/font.o
 .debug_macro   0x0000db06       0x22 src/ASF/common/components/display/ssd1306/font.o
 .debug_macro   0x0000db28       0x3a src/ASF/common/components/display/ssd1306/font.o
 .debug_macro   0x0000db62       0x10 src/ASF/common/components/display/ssd1306/font.o
 .debug_macro   0x0000db72       0x40 src/ASF/common/components/display/ssd1306/font.o
 .debug_macro   0x0000dbb2       0x6c src/ASF/common/components/display/ssd1306/font.o
 .debug_macro   0x0000dc1e       0x16 src/ASF/common/components/display/ssd1306/font.o
 .debug_macro   0x0000dc34      0x182 src/ASF/common/components/display/ssd1306/font.o
 .debug_macro   0x0000ddb6       0x22 src/ASF/common/components/display/ssd1306/font.o
 .debug_macro   0x0000ddd8       0x16 src/ASF/common/components/display/ssd1306/font.o
 .debug_macro   0x0000ddee       0x16 src/ASF/common/components/display/ssd1306/font.o
 .debug_macro   0x0000de04       0x29 src/ASF/common/components/display/ssd1306/font.o
 .debug_macro   0x0000de2d       0x75 src/ASF/common/components/display/ssd1306/font.o
 .debug_macro   0x0000dea2       0x3f src/ASF/common/components/display/ssd1306/font.o
 .debug_macro   0x0000dee1      0x3ca src/ASF/common/components/display/ssd1306/font.o
 .debug_macro   0x0000e2ab       0x10 src/ASF/common/components/display/ssd1306/font.o
 .debug_macro   0x0000e2bb      0x5b0 src/ASF/common/services/spi/sam_spi/spi_master.o
 .debug_macro   0x0000e86b       0x28 src/ASF/common/services/spi/sam_spi/spi_master.o
 .debug_macro   0x0000e893      0x2bf src/ASF/common/services/spi/sam_spi/spi_master.o
 .debug_macro   0x0000eb52      0xa49 src/ASF/common/services/spi/sam_spi/spi_master.o
 .debug_macro   0x0000f59b       0x58 src/ASF/common/services/spi/sam_spi/spi_master.o
 .debug_macro   0x0000f5f3       0x64 src/ASF/common/services/spi/sam_spi/spi_master.o
 .debug_macro   0x0000f657       0x46 src/ASF/common/services/spi/sam_spi/spi_master.o
 .debug_macro   0x0000f69d       0x90 src/ASF/common/services/spi/sam_spi/spi_master.o
 .debug_macro   0x0000f72d       0x16 src/ASF/common/services/spi/sam_spi/spi_master.o
 .debug_macro   0x0000f743       0x28 src/ASF/common/services/spi/sam_spi/spi_master.o
 .debug_macro   0x0000f76b       0x2e src/ASF/common/services/spi/sam_spi/spi_master.o
 .debug_macro   0x0000f799      0x57c src/ASF/sam/drivers/spi/spi.o
 .debug_macro   0x0000fd15       0x10 src/ASF/sam/drivers/spi/spi.o
 .debug_macro   0x0000fd25      0x508 src/ASF/common/services/delay/sam/cycle_counter.o
 .debug_macro   0x0001022d       0x22 src/ASF/common/services/delay/sam/cycle_counter.o
 .debug_macro   0x0001024f      0x5ee src/ASF/common/components/display/ssd1306/ssd1306.o
 .debug_macro   0x0001083d       0x88 src/ASF/common/components/display/ssd1306/ssd1306.o
 .debug_macro   0x000108c5       0x28 src/ASF/common/components/display/ssd1306/ssd1306.o
 .debug_macro   0x000108ed       0x23 src/ASF/common/components/display/ssd1306/ssd1306.o
 .debug_macro   0x00010910       0x40 src/ASF/common/components/display/ssd1306/ssd1306.o
 .debug_macro   0x00010950       0xf1 src/ASF/common/components/display/ssd1306/ssd1306.o
 .debug_macro   0x00010a41       0x12 src/ASF/common/components/display/ssd1306/ssd1306.o
 .debug_macro   0x00010a53      0x573 src/ASF/common/services/clock/sam4s/sysclk.o
 .debug_macro   0x00010fc6      0x2b9 src/ASF/common/services/clock/sam4s/sysclk.o
 .debug_macro   0x0001127f      0x5b2 src/ASF/sam/boards/sam4s_ek2/init.o
 .debug_macro   0x00011831       0x46 src/ASF/sam/boards/sam4s_ek2/init.o
 .debug_macro   0x00011877       0x94 src/ASF/sam/boards/sam4s_ek2/init.o
 .debug_macro   0x0001190b       0x40 src/ASF/sam/boards/sam4s_ek2/init.o
 .debug_macro   0x0001194b       0x82 src/ASF/sam/boards/sam4s_ek2/init.o
 .debug_macro   0x000119cd      0x50e src/ASF/sam/drivers/pio/pio.o
 .debug_macro   0x00011edb       0x8e src/ASF/sam/drivers/pio/pio.o
 .debug_macro   0x00011f69      0x518 src/ASF/sam/drivers/pio/pio_handler.o
 .debug_macro   0x00012481      0x50e src/ASF/sam/drivers/pmc/pmc.o
 .debug_macro   0x0001298f       0x52 src/ASF/sam/drivers/pmc/pmc.o
 .debug_macro   0x000129e1      0x325 src/ASF/sam/utils/cmsis/sam4s/source/templates/gcc/startup_sam4s.o
 .debug_macro   0x00012d06      0x32d src/ASF/sam/utils/cmsis/sam4s/source/templates/system_sam4s.o
 .debug_macro   0x00013033      0x19c src/ASF/sam/utils/syscalls/gcc/syscalls.o
 .debug_macro   0x000131cf       0x4c src/ASF/sam/utils/syscalls/gcc/syscalls.o
 .debug_macro   0x0001321b       0x8d src/ASF/sam/utils/syscalls/gcc/syscalls.o
 .debug_macro   0x000132a8       0x4a src/ASF/sam/utils/syscalls/gcc/syscalls.o
 .debug_macro   0x000132f2       0x97 src/ASF/sam/utils/syscalls/gcc/syscalls.o
 .debug_macro   0x00013389       0xf6 src/ASF/sam/utils/syscalls/gcc/syscalls.o
 .debug_macro   0x0001347f       0x52 src/ASF/sam/utils/syscalls/gcc/syscalls.o
 .debug_macro   0x000134d1       0x16 src/ASF/sam/utils/syscalls/gcc/syscalls.o
 .debug_macro   0x000134e7       0x10 src/ASF/sam/utils/syscalls/gcc/syscalls.o
 .debug_macro   0x000134f7       0x41 src/ASF/sam/utils/syscalls/gcc/syscalls.o
 .debug_macro   0x00013538      0x122 src/ASF/sam/utils/syscalls/gcc/syscalls.o
 .debug_macro   0x0001365a      0x650 src/main.o
 .debug_macro   0x00013caa       0x10 src/main.o
 .debug_macro   0x00013cba       0xff src/main.o
 .debug_macro   0x00013db9       0x16 src/main.o

.debug_line     0x00000000     0xa42e
 .debug_line    0x00000000      0xa70 src/ASF/common/components/display/ssd1306/font.o
 .debug_line    0x00000a70      0xd75 src/ASF/common/services/spi/sam_spi/spi_master.o
 .debug_line    0x000017e5      0xcca src/ASF/sam/drivers/spi/spi.o
 .debug_line    0x000024af      0xa8a src/ASF/common/services/delay/sam/cycle_counter.o
 .debug_line    0x00002f39      0xe1b src/ASF/common/components/display/ssd1306/ssd1306.o
 .debug_line    0x00003d54      0xbb6 src/ASF/common/services/clock/sam4s/sysclk.o
 .debug_line    0x0000490a      0xc93 src/ASF/sam/boards/sam4s_ek2/init.o
 .debug_line    0x0000559d      0xf0e src/ASF/sam/drivers/pio/pio.o
 .debug_line    0x000064ab      0xb47 src/ASF/sam/drivers/pio/pio_handler.o
 .debug_line    0x00006ff2     0x1033 src/ASF/sam/drivers/pmc/pmc.o
 .debug_line    0x00008025      0x889 src/ASF/sam/utils/cmsis/sam4s/source/templates/gcc/startup_sam4s.o
 .debug_line    0x000088ae      0x8a6 src/ASF/sam/utils/cmsis/sam4s/source/templates/system_sam4s.o
 .debug_line    0x00009154      0x3d1 src/ASF/sam/utils/syscalls/gcc/syscalls.o
 .debug_line    0x00009525      0xf09 src/main.o

.debug_str      0x00000000    0x5332e
 .debug_str     0x00000000    0x4a56f src/ASF/common/components/display/ssd1306/font.o
                              0x4a8b9 (size before relaxing)
 .debug_str     0x0004a56f     0x517a src/ASF/common/services/spi/sam_spi/spi_master.o
                              0x4f578 (size before relaxing)
 .debug_str     0x0004f6e9      0x302 src/ASF/sam/drivers/spi/spi.o
                              0x4f251 (size before relaxing)
 .debug_str     0x0004f9eb      0x1a9 src/ASF/common/services/delay/sam/cycle_counter.o
                              0x4a52d (size before relaxing)
 .debug_str     0x0004fb94      0xfab src/ASF/common/components/display/ssd1306/ssd1306.o
                              0x5033f (size before relaxing)
 .debug_str     0x00050b3f      0x216 src/ASF/common/services/clock/sam4s/sysclk.o
                              0x4f0c7 (size before relaxing)
 .debug_str     0x00050d55      0x76a src/ASF/sam/boards/sam4s_ek2/init.o
                              0x4fa98 (size before relaxing)
 .debug_str     0x000514bf      0x5c8 src/ASF/sam/drivers/pio/pio.o
                              0x4afcd (size before relaxing)
 .debug_str     0x00051a87      0x40b src/ASF/sam/drivers/pio/pio_handler.o
                              0x4ae48 (size before relaxing)
 .debug_str     0x00051e92      0x6df src/ASF/sam/drivers/pmc/pmc.o
                              0x4ae1c (size before relaxing)
 .debug_str     0x00052571      0x40e src/ASF/sam/utils/cmsis/sam4s/source/templates/gcc/startup_sam4s.o
                              0x3b6dc (size before relaxing)
 .debug_str     0x0005297f       0xf1 src/ASF/sam/utils/cmsis/sam4s/source/templates/system_sam4s.o
                              0x3b4a5 (size before relaxing)
 .debug_str     0x00052a70      0x75f src/ASF/sam/utils/syscalls/gcc/syscalls.o
                               0x69a6 (size before relaxing)
 .debug_str     0x000531cf      0x15f src/main.o
                              0x509ba (size before relaxing)

.debug_loc      0x00000000     0x3ddb
 .debug_loc     0x00000000      0xae9 src/ASF/common/services/spi/sam_spi/spi_master.o
 .debug_loc     0x00000ae9      0x61a src/ASF/sam/drivers/spi/spi.o
 .debug_loc     0x00001103      0x2d4 src/ASF/common/components/display/ssd1306/ssd1306.o
 .debug_loc     0x000013d7      0x143 src/ASF/common/services/clock/sam4s/sysclk.o
 .debug_loc     0x0000151a       0x5c src/ASF/sam/boards/sam4s_ek2/init.o
 .debug_loc     0x00001576      0xe94 src/ASF/sam/drivers/pio/pio.o
 .debug_loc     0x0000240a      0x522 src/ASF/sam/drivers/pio/pio_handler.o
 .debug_loc     0x0000292c      0xe13 src/ASF/sam/drivers/pmc/pmc.o
 .debug_loc     0x0000373f       0xc6 src/ASF/sam/utils/cmsis/sam4s/source/templates/gcc/startup_sam4s.o
 .debug_loc     0x00003805       0xdf src/ASF/sam/utils/syscalls/gcc/syscalls.o
 .debug_loc     0x000038e4      0x4f7 src/main.o

.debug_ranges   0x00000000      0x6d0
 .debug_ranges  0x00000000       0x58 src/ASF/common/services/spi/sam_spi/spi_master.o
 .debug_ranges  0x00000058       0x80 src/ASF/sam/drivers/spi/spi.o
 .debug_ranges  0x000000d8       0x10 src/ASF/common/services/delay/sam/cycle_counter.o
 .debug_ranges  0x000000e8       0x68 src/ASF/common/components/display/ssd1306/ssd1306.o
 .debug_ranges  0x00000150       0x20 src/ASF/common/services/clock/sam4s/sysclk.o
 .debug_ranges  0x00000170       0x10 src/ASF/sam/boards/sam4s_ek2/init.o
 .debug_ranges  0x00000180      0x198 src/ASF/sam/drivers/pio/pio.o
 .debug_ranges  0x00000318       0x48 src/ASF/sam/drivers/pio/pio_handler.o
 .debug_ranges  0x00000360      0x1f8 src/ASF/sam/drivers/pmc/pmc.o
 .debug_ranges  0x00000558       0x18 src/ASF/sam/utils/cmsis/sam4s/source/templates/gcc/startup_sam4s.o
 .debug_ranges  0x00000570       0x20 src/ASF/sam/utils/cmsis/sam4s/source/templates/system_sam4s.o
 .debug_ranges  0x00000590       0x50 src/ASF/sam/utils/syscalls/gcc/syscalls.o
 .debug_ranges  0x000005e0       0xf0 src/main.o

.debug_frame    0x00000000     0x1668
 .debug_frame   0x00000000       0xfc src/ASF/common/services/spi/sam_spi/spi_master.o
 .debug_frame   0x000000fc      0x148 src/ASF/sam/drivers/spi/spi.o
 .debug_frame   0x00000244       0x20 src/ASF/common/services/delay/sam/cycle_counter.o
 .debug_frame   0x00000264       0x84 src/ASF/common/components/display/ssd1306/ssd1306.o
 .debug_frame   0x000002e8       0x58 src/ASF/common/services/clock/sam4s/sysclk.o
 .debug_frame   0x00000340       0x2c src/ASF/sam/boards/sam4s_ek2/init.o
 .debug_frame   0x0000036c      0x38c src/ASF/sam/drivers/pio/pio.o
 .debug_frame   0x000006f8       0xf4 src/ASF/sam/drivers/pio/pio_handler.o
 .debug_frame   0x000007ec      0x46c src/ASF/sam/drivers/pmc/pmc.o
 .debug_frame   0x00000c58       0x38 src/ASF/sam/utils/cmsis/sam4s/source/templates/gcc/startup_sam4s.o
 .debug_frame   0x00000c90       0x40 src/ASF/sam/utils/cmsis/sam4s/source/templates/system_sam4s.o
 .debug_frame   0x00000cd0       0xa0 src/ASF/sam/utils/syscalls/gcc/syscalls.o
 .debug_frame   0x00000d70       0x60 src/main.o
 .debug_frame   0x00000dd0       0x2c c:/program files (x86)/atmel/studio/7.0/toolchain/arm/arm-gnu-toolchain/bin/../lib/gcc/arm-none-eabi/5.3.1/../../../../arm-none-eabi/lib/armv7e-m\libc.a(lib_a-init.o)
 .debug_frame   0x00000dfc       0x34 c:/program files (x86)/atmel/studio/7.0/toolchain/arm/arm-gnu-toolchain/bin/../lib/gcc/arm-none-eabi/5.3.1/../../../../arm-none-eabi/lib/armv7e-m\libc.a(lib_a-memset.o)
 .debug_frame   0x00000e30       0x84 c:/program files (x86)/atmel/studio/7.0/toolchain/arm/arm-gnu-toolchain/bin/../lib/gcc/arm-none-eabi/5.3.1/../../../../arm-none-eabi/lib/armv7e-m\libc.a(lib_a-sprintf.o)
 .debug_frame   0x00000eb4       0x44 c:/program files (x86)/atmel/studio/7.0/toolchain/arm/arm-gnu-toolchain/bin/../lib/gcc/arm-none-eabi/5.3.1/../../../../arm-none-eabi/lib/armv7e-m\libc.a(lib_a-svfprintf.o)
 .debug_frame   0x00000ef8       0x50 c:/program files (x86)/atmel/studio/7.0/toolchain/arm/arm-gnu-toolchain/bin/../lib/gcc/arm-none-eabi/5.3.1/../../../../arm-none-eabi/lib/armv7e-m\libc.a(lib_a-__call_atexit.o)
 .debug_frame   0x00000f48       0x20 c:/program files (x86)/atmel/studio/7.0/toolchain/arm/arm-gnu-toolchain/bin/../lib/gcc/arm-none-eabi/5.3.1/../../../../arm-none-eabi/lib/armv7e-m\libc.a(lib_a-atexit.o)
 .debug_frame   0x00000f68       0x88 c:/program files (x86)/atmel/studio/7.0/toolchain/arm/arm-gnu-toolchain/bin/../lib/gcc/arm-none-eabi/5.3.1/../../../../arm-none-eabi/lib/armv7e-m\libc.a(lib_a-dtoa.o)
 .debug_frame   0x00000ff0       0x34 c:/program files (x86)/atmel/studio/7.0/toolchain/arm/arm-gnu-toolchain/bin/../lib/gcc/arm-none-eabi/5.3.1/../../../../arm-none-eabi/lib/armv7e-m\libc.a(lib_a-fini.o)
 .debug_frame   0x00001024       0x9c c:/program files (x86)/atmel/studio/7.0/toolchain/arm/arm-gnu-toolchain/bin/../lib/gcc/arm-none-eabi/5.3.1/../../../../arm-none-eabi/lib/armv7e-m\libc.a(lib_a-locale.o)
 .debug_frame   0x000010c0       0x58 c:/program files (x86)/atmel/studio/7.0/toolchain/arm/arm-gnu-toolchain/bin/../lib/gcc/arm-none-eabi/5.3.1/../../../../arm-none-eabi/lib/armv7e-m\libc.a(lib_a-mallocr.o)
 .debug_frame   0x00001118       0x30 c:/program files (x86)/atmel/studio/7.0/toolchain/arm/arm-gnu-toolchain/bin/../lib/gcc/arm-none-eabi/5.3.1/../../../../arm-none-eabi/lib/armv7e-m\libc.a(lib_a-mlock.o)
 .debug_frame   0x00001148      0x264 c:/program files (x86)/atmel/studio/7.0/toolchain/arm/arm-gnu-toolchain/bin/../lib/gcc/arm-none-eabi/5.3.1/../../../../arm-none-eabi/lib/armv7e-m\libc.a(lib_a-mprec.o)
 .debug_frame   0x000013ac       0x2c c:/program files (x86)/atmel/studio/7.0/toolchain/arm/arm-gnu-toolchain/bin/../lib/gcc/arm-none-eabi/5.3.1/../../../../arm-none-eabi/lib/armv7e-m\libc.a(lib_a-sbrkr.o)
 .debug_frame   0x000013d8       0x78 c:/program files (x86)/atmel/studio/7.0/toolchain/arm/arm-gnu-toolchain/bin/../lib/gcc/arm-none-eabi/5.3.1/../../../../arm-none-eabi/lib/armv7e-m\libc.a(lib_a-svfiprintf.o)
 .debug_frame   0x00001450       0x34 c:/program files (x86)/atmel/studio/7.0/toolchain/arm/arm-gnu-toolchain/bin/../lib/gcc/arm-none-eabi/5.3.1/../../../../arm-none-eabi/lib/armv7e-m\libc.a(lib_a-__atexit.o)
 .debug_frame   0x00001484       0x28 c:/program files (x86)/atmel/studio/7.0/toolchain/arm/arm-gnu-toolchain/bin/../lib/gcc/arm-none-eabi/5.3.1/../../../../arm-none-eabi/lib/armv7e-m\libc.a(lib_a-callocr.o)
 .debug_frame   0x000014ac       0x74 c:/program files (x86)/atmel/studio/7.0/toolchain/arm/arm-gnu-toolchain/bin/../lib/gcc/arm-none-eabi/5.3.1/../../../../arm-none-eabi/lib/armv7e-m\libc.a(lib_a-freer.o)
 .debug_frame   0x00001520       0x30 c:/program files (x86)/atmel/studio/7.0/toolchain/arm/arm-gnu-toolchain/bin/../lib/gcc/arm-none-eabi/5.3.1/../../../../arm-none-eabi/lib/armv7e-m\libc.a(lib_a-memmove.o)
 .debug_frame   0x00001550       0x60 c:/program files (x86)/atmel/studio/7.0/toolchain/arm/arm-gnu-toolchain/bin/../lib/gcc/arm-none-eabi/5.3.1/../../../../arm-none-eabi/lib/armv7e-m\libc.a(lib_a-reallocr.o)
 .debug_frame   0x000015b0       0x58 c:/program files (x86)/atmel/studio/7.0/toolchain/arm/arm-gnu-toolchain/bin/../lib/gcc/arm-none-eabi/5.3.1/../../../../arm-none-eabi/lib/armv7e-m\libc.a(lib_a-reent.o)
 .debug_frame   0x00001608       0x2c c:/program files (x86)/atmel/studio/7.0/toolchain/arm/arm-gnu-toolchain/bin/../lib/gcc/arm-none-eabi/5.3.1/armv7e-m\libgcc.a(_aeabi_uldivmod.o)
 .debug_frame   0x00001634       0x34 c:/program files (x86)/atmel/studio/7.0/toolchain/arm/arm-gnu-toolchain/bin/../lib/gcc/arm-none-eabi/5.3.1/armv7e-m\libgcc.a(_udivmoddi4.o)

Cross Reference Table

Symbol                                            File
ACC_Handler                                       src/ASF/sam/utils/cmsis/sam4s/source/templates/gcc/startup_sam4s.o
ADC_Handler                                       src/ASF/sam/utils/cmsis/sam4s/source/templates/gcc/startup_sam4s.o
BusFault_Handler                                  src/ASF/sam/utils/cmsis/sam4s/source/templates/gcc/startup_sam4s.o
CRCCU_Handler                                     src/ASF/sam/utils/cmsis/sam4s/source/templates/gcc/startup_sam4s.o