Archive member included to satisfy reference by file (symbol)

c:/program files (x86)/atmel/studio/7.0/toolchain/arm/arm-gnu-toolchain/bin/../lib/gcc/arm-none-eabi/6.3.1/../../../../arm-none-eabi/lib/thumb/v7e-m\libc.a(lib_a-exit.o)
                              c:/program files (x86)/atmel/studio/7.0/toolchain/arm/arm-gnu-toolchain/bin/../lib/gcc/arm-none-eabi/6.3.1/../../../../arm-none-eabi/lib/thumb/v7e-m/crt0.o (exit)
c:/program files (x86)/atmel/studio/7.0/toolchain/arm/arm-gnu-toolchain/bin/../lib/gcc/arm-none-eabi/6.3.1/../../../../arm-none-eabi/lib/thumb/v7e-m\libc.a(lib_a-impure.o)
                              c:/program files (x86)/atmel/studio/7.0/toolchain/arm/arm-gnu-toolchain/bin/../lib/gcc/arm-none-eabi/6.3.1/../../../../arm-none-eabi/lib/thumb/v7e-m\libc.a(lib_a-exit.o) (_global_impure_ptr)
c:/program files (x86)/atmel/studio/7.0/toolchain/arm/arm-gnu-toolchain/bin/../lib/gcc/arm-none-eabi/6.3.1/../../../../arm-none-eabi/lib/thumb/v7e-m\libc.a(lib_a-init.o)
                              c:/program files (x86)/atmel/studio/7.0/toolchain/arm/arm-gnu-toolchain/bin/../lib/gcc/arm-none-eabi/6.3.1/../../../../arm-none-eabi/lib/thumb/v7e-m/crt0.o (__libc_init_array)
c:/program files (x86)/atmel/studio/7.0/toolchain/arm/arm-gnu-toolchain/bin/../lib/gcc/arm-none-eabi/6.3.1/../../../../arm-none-eabi/lib/thumb/v7e-m\libc.a(lib_a-memset.o)
                              c:/program files (x86)/atmel/studio/7.0/toolchain/arm/arm-gnu-toolchain/bin/../lib/gcc/arm-none-eabi/6.3.1/../../../../arm-none-eabi/lib/thumb/v7e-m/crt0.o (memset)
c:/program files (x86)/atmel/studio/7.0/toolchain/arm/arm-gnu-toolchain/bin/../lib/gcc/arm-none-eabi/6.3.1/../../../../arm-none-eabi/lib/thumb/v7e-m\libc.a(lib_a-puts.o)
                              src/main.o (puts)
c:/program files (x86)/atmel/studio/7.0/toolchain/arm/arm-gnu-toolchain/bin/../lib/gcc/arm-none-eabi/6.3.1/../../../../arm-none-eabi/lib/thumb/v7e-m\libc.a(lib_a-setbuf.o)
                              src/main.o (setbuf)
c:/program files (x86)/atmel/studio/7.0/toolchain/arm/arm-gnu-toolchain/bin/../lib/gcc/arm-none-eabi/6.3.1/../../../../arm-none-eabi/lib/thumb/v7e-m\libc.a(lib_a-setvbuf.o)
                              c:/program files (x86)/atmel/studio/7.0/toolchain/arm/arm-gnu-toolchain/bin/../lib/gcc/arm-none-eabi/6.3.1/../../../../arm-none-eabi/lib/thumb/v7e-m\libc.a(lib_a-setbuf.o) (setvbuf)
c:/program files (x86)/atmel/studio/7.0/toolchain/arm/arm-gnu-toolchain/bin/../lib/gcc/arm-none-eabi/6.3.1/../../../../arm-none-eabi/lib/thumb/v7e-m\libc.a(lib_a-sprintf.o)
                              src/main.o (sprintf)
c:/program files (x86)/atmel/studio/7.0/toolchain/arm/arm-gnu-toolchain/bin/../lib/gcc/arm-none-eabi/6.3.1/../../../../arm-none-eabi/lib/thumb/v7e-m\libc.a(lib_a-strlen.o)
                              c:/program files (x86)/atmel/studio/7.0/toolchain/arm/arm-gnu-toolchain/bin/../lib/gcc/arm-none-eabi/6.3.1/../../../../arm-none-eabi/lib/thumb/v7e-m\libc.a(lib_a-puts.o) (strlen)
c:/program files (x86)/atmel/studio/7.0/toolchain/arm/arm-gnu-toolchain/bin/../lib/gcc/arm-none-eabi/6.3.1/../../../../arm-none-eabi/lib/thumb/v7e-m\libc.a(lib_a-svfprintf.o)
                              c:/program files (x86)/atmel/studio/7.0/toolchain/arm/arm-gnu-toolchain/bin/../lib/gcc/arm-none-eabi/6.3.1/../../../../arm-none-eabi/lib/thumb/v7e-m\libc.a(lib_a-sprintf.o) (_svfprintf_r)
c:/program files (x86)/atmel/studio/7.0/toolchain/arm/arm-gnu-toolchain/bin/../lib/gcc/arm-none-eabi/6.3.1/../../../../arm-none-eabi/lib/thumb/v7e-m\libc.a(lib_a-__call_atexit.o)
                              c:/program files (x86)/atmel/studio/7.0/toolchain/arm/arm-gnu-toolchain/bin/../lib/gcc/arm-none-eabi/6.3.1/../../../../arm-none-eabi/lib/thumb/v7e-m\libc.a(lib_a-exit.o) (__call_exitprocs)
c:/program files (x86)/atmel/studio/7.0/toolchain/arm/arm-gnu-toolchain/bin/../lib/gcc/arm-none-eabi/6.3.1/../../../../arm-none-eabi/lib/thumb/v7e-m\libc.a(lib_a-atexit.o)
                              c:/program files (x86)/atmel/studio/7.0/toolchain/arm/arm-gnu-toolchain/bin/../lib/gcc/arm-none-eabi/6.3.1/../../../../arm-none-eabi/lib/thumb/v7e-m\libc.a(lib_a-__call_atexit.o) (atexit)
c:/program files (x86)/atmel/studio/7.0/toolchain/arm/arm-gnu-toolchain/bin/../lib/gcc/arm-none-eabi/6.3.1/../../../../arm-none-eabi/lib/thumb/v7e-m\libc.a(lib_a-dtoa.o)
                              c:/program files (x86)/atmel/studio/7.0/toolchain/arm/arm-gnu-toolchain/bin/../lib/gcc/arm-none-eabi/6.3.1/../../../../arm-none-eabi/lib/thumb/v7e-m\libc.a(lib_a-svfprintf.o) (_dtoa_r)
c:/program files (x86)/atmel/studio/7.0/toolchain/arm/arm-gnu-toolchain/bin/../lib/gcc/arm-none-eabi/6.3.1/../../../../arm-none-eabi/lib/thumb/v7e-m\libc.a(lib_a-fflush.o)
                              c:/program files (x86)/atmel/studio/7.0/toolchain/arm/arm-gnu-toolchain/bin/../lib/gcc/arm-none-eabi/6.3.1/../../../../arm-none-eabi/lib/thumb/v7e-m\libc.a(lib_a-setvbuf.o) (_fflush_r)
[...]
Memory Configuration

Name             Origin             Length             Attributes
rom              0x00400000         0x00200000         xr
ram              0x20000000         0x00028000         xrw
*default*        0x00000000         0xffffffff

Linker script and memory map

LOAD c:/program files (x86)/atmel/studio/7.0/toolchain/arm/arm-gnu-toolchain/bin/../lib/gcc/arm-none-eabi/6.3.1/thumb/v7e-m/crti.o
LOAD c:/program files (x86)/atmel/studio/7.0/toolchain/arm/arm-gnu-toolchain/bin/../lib/gcc/arm-none-eabi/6.3.1/thumb/v7e-m/crtbegin.o
LOAD c:/program files (x86)/atmel/studio/7.0/toolchain/arm/arm-gnu-toolchain/bin/../lib/gcc/arm-none-eabi/6.3.1/../../../../arm-none-eabi/lib/thumb/v7e-m/crt0.o
LOAD src/ASF/common/services/delay/sam/cycle_counter.o
LOAD src/ASF/common/services/serial/usart_serial.o
LOAD src/ASF/common/utils/stdio/read.o
LOAD src/ASF/common/utils/stdio/write.o
LOAD src/ASF/sam/components/display/aat31xx/aat31xx.o
LOAD src/ASF/sam/components/display/ili93xx/ili93xx.o
LOAD src/ASF/sam/drivers/ebi/smc/smc.o
LOAD src/ASF/sam/drivers/twi/twi.o
LOAD src/ASF/common/services/clock/sam4s/sysclk.o
LOAD src/ASF/common/utils/interrupt/interrupt_sam_nvic.o
LOAD src/ASF/sam/boards/sam4s_ek2/init.o
LOAD src/ASF/sam/boards/sam4s_ek2/led.o
LOAD src/ASF/sam/drivers/pio/pio.o
LOAD src/ASF/sam/drivers/pio/pio_handler.o
LOAD src/ASF/sam/drivers/pmc/pmc.o
LOAD src/ASF/sam/drivers/pmc/sleep.o
LOAD src/ASF/sam/drivers/uart/uart.o
LOAD src/ASF/sam/drivers/usart/usart.o
LOAD src/ASF/sam/utils/cmsis/sam4s/source/templates/gcc/startup_sam4s.o
LOAD src/ASF/sam/utils/cmsis/sam4s/source/templates/system_sam4s.o
LOAD src/ASF/sam/utils/syscalls/gcc/syscalls.o
LOAD src/main.o
START GROUP
LOAD ../src/ASF/thirdparty/CMSIS/Lib/GCC\libarm_cortexM4l_math.a
LOAD c:/program files (x86)/atmel/studio/7.0/toolchain/arm/arm-gnu-toolchain/bin/../lib/gcc/arm-none-eabi/6.3.1/../../../../arm-none-eabi/lib/thumb/v7e-m\libm.a
END GROUP
START GROUP
LOAD c:/program files (x86)/atmel/studio/7.0/toolchain/arm/arm-gnu-toolchain/bin/../lib/gcc/arm-none-eabi/6.3.1/thumb/v7e-m\libgcc.a
LOAD c:/program files (x86)/atmel/studio/7.0/toolchain/arm/arm-gnu-toolchain/bin/../lib/gcc/arm-none-eabi/6.3.1/../../../../arm-none-eabi/lib/thumb/v7e-m\libc.a
END GROUP
LOAD c:/program files (x86)/atmel/studio/7.0/toolchain/arm/arm-gnu-toolchain/bin/../lib/gcc/arm-none-eabi/6.3.1/thumb/v7e-m/crtend.o
LOAD c:/program files (x86)/atmel/studio/7.0/toolchain/arm/arm-gnu-toolchain/bin/../lib/gcc/arm-none-eabi/6.3.1/thumb/v7e-m/crtn.o
                0x00003000                __stack_size__ = DEFINED (__stack_size__)?__stack_size__:0x3000
                0x20027ffc                __ram_end__ = ((ORIGIN (ram) + LENGTH (ram)) - 0x4)

.text           0x00400000     0x792c
                0x00400000                . = ALIGN (0x4)
                0x00400000                _sfixed = .
 *(.vectors .vectors.*)
 .vectors       0x00400000       0xcc src/ASF/sam/utils/cmsis/sam4s/source/templates/gcc/startup_sam4s.o
                0x00400000                exception_table
 *(.text .text.* .gnu.linkonce.t.*)
 .text          0x004000cc       0x6c c:/program files (x86)/atmel/studio/7.0/toolchain/arm/arm-gnu-toolchain/bin/../lib/gcc/arm-none-eabi/6.3.1/thumb/v7e-m/crtbegin.o
 .text._read    0x00400138       0x3c src/ASF/common/utils/stdio/read.o
                0x00400138                _read
 .text._write   0x00400174       0x50 src/ASF/common/utils/stdio/write.o
                0x00400174                _write
 .text.aat31xx_set_backlight
                0x004001c4       0x5c src/ASF/sam/components/display/aat31xx/aat31xx.o
                0x004001c4                aat31xx_set_backlight
 .text.aat31xx_disable_backlight
                0x00400220       0x24 src/ASF/sam/components/display/aat31xx/aat31xx.o
                0x00400220                aat31xx_disable_backlight
 .text.ili93xx_write_ram_prepare
                0x00400244       0x34 src/ASF/sam/components/display/ili93xx/ili93xx.o
 .text.ili93xx_write_ram
                0x00400278       0x18 src/ASF/sam/components/display/ili93xx/ili93xx.o
 .text.ili93xx_write_ram_buffer
                0x00400290       0x60 src/ASF/sam/components/display/ili93xx/ili93xx.o
 .text.ili93xx_write_register_word
                0x004002f0       0x16 src/ASF/sam/components/display/ili93xx/ili93xx.o
 *fill*         0x00400306        0x2 
 .text.ili93xx_write_register
                0x00400308       0x2c src/ASF/sam/components/display/ili93xx/ili93xx.o
 .text.ili93xx_delay
                0x00400334       0x38 src/ASF/sam/components/display/ili93xx/ili93xx.o
 .text.ili93xx_check_box_coordinates
                0x0040036c       0x60 src/ASF/sam/components/display/ili93xx/ili93xx.o
 .text.ili93xx_device_type_identify
                0x004003cc       0x80 src/ASF/sam/components/display/ili93xx/ili93xx.o
                0x004003cc                ili93xx_device_type_identify
 .text.ili93xx_display_on
                0x0040044c       0x34 src/ASF/sam/components/display/ili93xx/ili93xx.o
                0x0040044c                ili93xx_display_on
 .text.ili93xx_set_foreground_color
                0x00400480       0x18 src/ASF/sam/components/display/ili93xx/ili93xx.o
                0x00400480                ili93xx_set_foreground_color
 .text.ili93xx_set_window
                0x00400498       0xa8 src/ASF/sam/components/display/ili93xx/ili93xx.o
                0x00400498                ili93xx_set_window
 .text.ili93xx_set_cursor_position
                0x00400540       0x28 src/ASF/sam/components/display/ili93xx/ili93xx.o
                0x00400540                ili93xx_set_cursor_position
 .text.ili93xx_init
                0x00400568      0x2e4 src/ASF/sam/components/display/ili93xx/ili93xx.o
                0x00400568                ili93xx_init
 .text.ili93xx_draw_pixel
                0x0040084c       0x7c src/ASF/sam/components/display/ili93xx/ili93xx.o
                0x0040084c                ili93xx_draw_pixel
 .text.ili93xx_draw_filled_rectangle
                0x004008c8       0xc8 src/ASF/sam/components/display/ili93xx/ili93xx.o
                0x004008c8                ili93xx_draw_filled_rectangle
 .text.ili93xx_draw_string
                0x00400990       0xb0 src/ASF/sam/components/display/ili93xx/ili93xx.o
                0x00400990                ili93xx_draw_string
 .text.smc_set_setup_timing
                0x00400a40        0x6 src/ASF/sam/drivers/ebi/smc/smc.o
                0x00400a40                smc_set_setup_timing
 .text.smc_set_pulse_timing
                0x00400a46        0x8 src/ASF/sam/drivers/ebi/smc/smc.o
                0x00400a46                smc_set_pulse_timing
 .text.smc_set_cycle_timing
                0x00400a4e        0x8 src/ASF/sam/drivers/ebi/smc/smc.o
                0x00400a4e                smc_set_cycle_timing
 .text.smc_set_mode
                0x00400a56        0x8 src/ASF/sam/drivers/ebi/smc/smc.o
                0x00400a56                smc_set_mode
 .text.twi_enable_master_mode
                0x00400a5e        0xe src/ASF/sam/drivers/twi/twi.o
                0x00400a5e                twi_enable_master_mode
 .text.twi_set_speed
                0x00400a6c       0xb8 src/ASF/sam/drivers/twi/twi.o
                0x00400a6c                twi_set_speed
 .text.twi_master_init
                0x00400b24       0x40 src/ASF/sam/drivers/twi/twi.o
                0x00400b24                twi_master_init
 .text.twi_mk_addr
                0x00400b64       0x22 src/ASF/sam/drivers/twi/twi.o
                0x00400b64                twi_mk_addr
 *fill*         0x00400b86        0x2 
 .text.twi_master_read
                0x00400b88       0xc0 src/ASF/sam/drivers/twi/twi.o
                0x00400b88                twi_master_read
 .text.twi_master_write
                0x00400c48       0x88 src/ASF/sam/drivers/twi/twi.o
                0x00400c48                twi_master_write
 .text.sysclk_init
                0x00400cd0       0x64 src/ASF/common/services/clock/sam4s/sysclk.o
                0x00400cd0                sysclk_init
 .text.board_init
                0x00400d34      0x144 src/ASF/sam/boards/sam4s_ek2/init.o
                0x00400d34                board_init
 .text.pio_set_peripheral
                0x00400e78       0x90 src/ASF/sam/drivers/pio/pio.o
                0x00400e78                pio_set_peripheral
 .text.pio_set_input
                0x00400f08       0x32 src/ASF/sam/drivers/pio/pio.o
                0x00400f08                pio_set_input
 .text.pio_set_output
                0x00400f3a       0x26 src/ASF/sam/drivers/pio/pio.o
                0x00400f3a                pio_set_output
 .text.pio_get_interrupt_status
                0x00400f60        0x4 src/ASF/sam/drivers/pio/pio.o
                0x00400f60                pio_get_interrupt_status
 .text.pio_get_interrupt_mask
                0x00400f64        0x4 src/ASF/sam/drivers/pio/pio.o
                0x00400f64                pio_get_interrupt_mask
 .text.pio_set_pin_low
                0x00400f68       0x1a src/ASF/sam/drivers/pio/pio.o
                0x00400f68                pio_set_pin_low
 *fill*         0x00400f82        0x2 
 .text.pio_configure_pin
                0x00400f84      0x120 src/ASF/sam/drivers/pio/pio.o
                0x00400f84                pio_configure_pin
 .text.pio_configure_pin_group
                0x004010a4       0xd8 src/ASF/sam/drivers/pio/pio.o
                0x004010a4                pio_configure_pin_group
 .text.pio_handler_process
                0x0040117c       0x68 src/ASF/sam/drivers/pio/pio_handler.o
                0x0040117c                pio_handler_process
 .text.PIOA_Handler
                0x004011e4       0x14 src/ASF/sam/drivers/pio/pio_handler.o
                0x004011e4                PIOA_Handler
 .text.PIOB_Handler
                0x004011f8       0x14 src/ASF/sam/drivers/pio/pio_handler.o
                0x004011f8                PIOB_Handler
 .text.PIOC_Handler
                0x0040120c       0x14 src/ASF/sam/drivers/pio/pio_handler.o
                0x0040120c                PIOC_Handler
 .text.pmc_switch_mck_to_pllack
                0x00401220       0x64 src/ASF/sam/drivers/pmc/pmc.o
                0x00401220                pmc_switch_mck_to_pllack
 .text.pmc_switch_mainck_to_xtal
                0x00401284       0x54 src/ASF/sam/drivers/pmc/pmc.o
                0x00401284                pmc_switch_mainck_to_xtal
 .text.pmc_osc_is_ready_mainck
                0x004012d8       0x10 src/ASF/sam/drivers/pmc/pmc.o
                0x004012d8                pmc_osc_is_ready_mainck
 .text.pmc_disable_pllack
                0x004012e8       0x10 src/ASF/sam/drivers/pmc/pmc.o
                0x004012e8                pmc_disable_pllack
 .text.pmc_is_locked_pllack
                0x004012f8       0x10 src/ASF/sam/drivers/pmc/pmc.o
                0x004012f8                pmc_is_locked_pllack
 .text.pmc_enable_periph_clk
                0x00401308       0x54 src/ASF/sam/drivers/pmc/pmc.o
                0x00401308                pmc_enable_periph_clk
 .text.uart_init
                0x0040135c       0x36 src/ASF/sam/drivers/uart/uart.o
                0x0040135c                uart_init
 .text.uart_write
                0x00401392       0x10 src/ASF/sam/drivers/uart/uart.o
                0x00401392                uart_write
 .text.uart_read
                0x004013a2       0x12 src/ASF/sam/drivers/uart/uart.o
                0x004013a2                uart_read
 .text.usart_write
                0x004013b4       0x14 src/ASF/sam/drivers/usart/usart.o
                0x004013b4                usart_write
 .text.usart_read
                0x004013c8       0x18 src/ASF/sam/drivers/usart/usart.o
                0x004013c8                usart_read
 .text.Dummy_Handler
                0x004013e0        0x2 src/ASF/sam/utils/cmsis/sam4s/source/templates/gcc/startup_sam4s.o
                0x004013e0                DACC_Handler
                0x004013e0                DebugMon_Handler
                0x004013e0                HardFault_Handler
                0x004013e0                TC2_Handler
                0x004013e0                SPI_Handler
                0x004013e0                SysTick_Handler
                0x004013e0                TWI1_Handler
                0x004013e0                PendSV_Handler
                0x004013e0                NMI_Handler
                0x004013e0                ADC_Handler
                0x004013e0                CRCCU_Handler
                0x004013e0                USART0_Handler
                0x004013e0                RTT_Handler
                0x004013e0                EFC1_Handler
                0x004013e0                RTC_Handler
                0x004013e0                UsageFault_Handler
                0x004013e0                WDT_Handler
                0x004013e0                TC4_Handler
                0x004013e0                TC1_Handler
                0x004013e0                HSMCI_Handler
                0x004013e0                UART1_Handler
                0x004013e0                TC3_Handler
                0x004013e0                Dummy_Handler
                0x004013e0                TWI0_Handler
                0x004013e0                USART1_Handler
                0x004013e0                SSC_Handler
                0x004013e0                EFC0_Handler
                0x004013e0                ACC_Handler
                0x004013e0                PMC_Handler
                0x004013e0                PWM_Handler
                0x004013e0                MemManage_Handler
                0x004013e0                SUPC_Handler
                0x004013e0                SVC_Handler
                0x004013e0                UART0_Handler
                0x004013e0                UDP_Handler
                0x004013e0                BusFault_Handler
                0x004013e0                RSTC_Handler
                0x004013e0                TC0_Handler
                0x004013e0                TC5_Handler
 *fill*         0x004013e2        0x2 
 .text.Reset_Handler
                0x004013e4       0xac src/ASF/sam/utils/cmsis/sam4s/source/templates/gcc/startup_sam4s.o
                0x004013e4                Reset_Handler
 .text.SystemCoreClockUpdate
                0x00401490      0x110 src/ASF/sam/utils/cmsis/sam4s/source/templates/system_sam4s.o
                0x00401490                SystemCoreClockUpdate
 .text.system_init_flash
                0x004015a0       0x94 src/ASF/sam/utils/cmsis/sam4s/source/templates/system_sam4s.o
                0x004015a0                system_init_flash
 .text._sbrk    0x00401634       0x38 src/ASF/sam/utils/syscalls/gcc/syscalls.o
                0x00401634                _sbrk
 .text._close   0x0040166c        0x6 src/ASF/sam/utils/syscalls/gcc/syscalls.o
                0x0040166c                _close
 .text._fstat   0x00401672        0xa src/ASF/sam/utils/syscalls/gcc/syscalls.o
                0x00401672                _fstat
 .text._isatty  0x0040167c        0x4 src/ASF/sam/utils/syscalls/gcc/syscalls.o
                0x0040167c                _isatty
 .text._lseek   0x00401680        0x4 src/ASF/sam/utils/syscalls/gcc/syscalls.o
                0x00401680                _lseek
 .text.usart_serial_getchar
                0x00401684       0x88 src/main.o
 .text.usart_serial_putchar
                0x0040170c       0x80 src/main.o
 .text.inicializacao_UART
                0x0040178c       0xa8 src/main.o
                0x0040178c                inicializacao_UART
 .text.configure_lcd
                0x00401834       0xc0 src/main.o
                0x00401834                configure_lcd
 .text.main     0x004018f4      0x100 src/main.o
                0x004018f4                main
 .text.__libc_init_array
                0x004019f4       0x50 c:/program files (x86)/atmel/studio/7.0/toolchain/arm/arm-gnu-toolchain/bin/../lib/gcc/arm-none-eabi/6.3.1/../../../../arm-none-eabi/lib/thumb/v7e-m\libc.a(lib_a-init.o)
                0x004019f4                __libc_init_array
 .text.memset   0x00401a44       0x9c c:/program files (x86)/atmel/studio/7.0/toolchain/arm/arm-gnu-toolchain/bin/../lib/gcc/arm-none-eabi/6.3.1/../../../../arm-none-eabi/lib/thumb/v7e-m\libc.a(lib_a-memset.o)
                0x00401a44                memset
 .text._puts_r  0x00401ae0       0x9c c:/program files (x86)/atmel/studio/7.0/toolchain/arm/arm-gnu-toolchain/bin/../lib/gcc/arm-none-eabi/6.3.1/../../../../arm-none-eabi/lib/thumb/v7e-m\libc.a(lib_a-puts.o)
                0x00401ae0                _puts_r
 .text.puts     0x00401b7c       0x10 c:/program files (x86)/atmel/studio/7.0/toolchain/arm/arm-gnu-toolchain/bin/../lib/gcc/arm-none-eabi/6.3.1/../../../../arm-none-eabi/lib/thumb/v7e-m\libc.a(lib_a-puts.o)
                0x00401b7c                puts
 .text.setbuf   0x00401b8c       0x10 c:/program files (x86)/atmel/studio/7.0/toolchain/arm/arm-gnu-toolchain/bin/../lib/gcc/arm-none-eabi/6.3.1/../../../../arm-none-eabi/lib/thumb/v7e-m\libc.a(lib_a-setbuf.o)
                0x00401b8c                setbuf
 .text.setvbuf  0x00401b9c      0x190 c:/program files (x86)/atmel/studio/7.0/toolchain/arm/arm-gnu-toolchain/bin/../lib/gcc/arm-none-eabi/6.3.1/../../../../arm-none-eabi/lib/thumb/v7e-m\libc.a(lib_a-setvbuf.o)
                0x00401b9c                setvbuf
 .text.sprintf  0x00401d2c       0x4c c:/program files (x86)/atmel/studio/7.0/toolchain/arm/arm-gnu-toolchain/bin/../lib/gcc/arm-none-eabi/6.3.1/../../../../arm-none-eabi/lib/thumb/v7e-m\libc.a(lib_a-sprintf.o)
                0x00401d2c                sprintf
 *fill*         0x00401d78        0x8 
 .text          0x00401d80       0xdc c:/program files (x86)/atmel/studio/7.0/toolchain/arm/arm-gnu-toolchain/bin/../lib/gcc/arm-none-eabi/6.3.1/../../../../arm-none-eabi/lib/thumb/v7e-m\libc.a(lib_a-strlen.o)
                0x00401d80                strlen
 .text._svfprintf_r
                0x00401e5c     0x145c c:/program files (x86)/atmel/studio/7.0/toolchain/arm/arm-gnu-toolchain/bin/../lib/gcc/arm-none-eabi/6.3.1/../../../../arm-none-eabi/lib/thumb/v7e-m\libc.a(lib_a-svfprintf.o)
                0x00401e5c                _svfprintf_r
 .text.startup.register_fini
                0x004032b8       0x14 c:/program files (x86)/atmel/studio/7.0/toolchain/arm/arm-gnu-toolchain/bin/../lib/gcc/arm-none-eabi/6.3.1/../../../../arm-none-eabi/lib/thumb/v7e-m\libc.a(lib_a-__call_atexit.o)
 .text.atexit   0x004032cc        0xc c:/program files (x86)/atmel/studio/7.0/toolchain/arm/arm-gnu-toolchain/bin/../lib/gcc/arm-none-eabi/6.3.1/../../../../arm-none-eabi/lib/thumb/v7e-m\libc.a(lib_a-atexit.o)
                0x004032cc                atexit
 .text.quorem   0x004032d8      0x128 c:/program files (x86)/atmel/studio/7.0/toolchain/arm/arm-gnu-toolchain/bin/../lib/gcc/arm-none-eabi/6.3.1/../../../../arm-none-eabi/lib/thumb/v7e-m\libc.a(lib_a-dtoa.o)
 .text._dtoa_r  0x00403400      0xe54 c:/program files (x86)/atmel/studio/7.0/toolchain/arm/arm-gnu-toolchain/bin/../lib/gcc/arm-none-eabi/6.3.1/../../../../arm-none-eabi/lib/thumb/v7e-m\libc.a(lib_a-dtoa.o)
                0x00403400                _dtoa_r
 .text.__sflush_r
                0x00404254      0x140 c:/program files (x86)/atmel/studio/7.0/toolchain/arm/arm-gnu-toolchain/bin/../lib/gcc/arm-none-eabi/6.3.1/../../../../arm-none-eabi/lib/thumb/v7e-m\libc.a(lib_a-fflush.o)
                0x00404254                __sflush_r
 .text._fflush_r
                0x00404394       0x54 c:/program files (x86)/atmel/studio/7.0/toolchain/arm/arm-gnu-toolchain/bin/../lib/gcc/arm-none-eabi/6.3.1/../../../../arm-none-eabi/lib/thumb/v7e-m\libc.a(lib_a-fflush.o)
                0x00404394                _fflush_r
 .text._cleanup_r
                0x004043e8        0xc c:/program files (x86)/atmel/studio/7.0/toolchain/arm/arm-gnu-toolchain/bin/../lib/gcc/arm-none-eabi/6.3.1/../../../../arm-none-eabi/lib/thumb/v7e-m\libc.a(lib_a-findfp.o)
                0x004043e8                _cleanup_r
 .text.std.isra.0
                0x004043f4       0x50 c:/program files (x86)/atmel/studio/7.0/toolchain/arm/arm-gnu-toolchain/bin/../lib/gcc/arm-none-eabi/6.3.1/../../../../arm-none-eabi/lib/thumb/v7e-m\libc.a(lib_a-findfp.o)
 .text.__sinit  0x00404444       0x58 c:/program files (x86)/atmel/studio/7.0/toolchain/arm/arm-gnu-toolchain/bin/../lib/gcc/arm-none-eabi/6.3.1/../../../../arm-none-eabi/lib/thumb/v7e-m\libc.a(lib_a-findfp.o)
                0x00404444                __sinit
 .text.__sfp_lock_acquire
                0x0040449c        0xc c:/program files (x86)/atmel/studio/7.0/toolchain/arm/arm-gnu-toolchain/bin/../lib/gcc/arm-none-eabi/6.3.1/../../../../arm-none-eabi/lib/thumb/v7e-m\libc.a(lib_a-findfp.o)
                0x0040449c                __sfp_lock_acquire
 .text.__sfp_lock_release
                0x004044a8        0xc c:/program files (x86)/atmel/studio/7.0/toolchain/arm/arm-gnu-toolchain/bin/../lib/gcc/arm-none-eabi/6.3.1/../../../../arm-none-eabi/lib/thumb/v7e-m\libc.a(lib_a-findfp.o)
                0x004044a8                __sfp_lock_release
 .text.__libc_fini_array
                0x004044b4       0x34 c:/program files (x86)/atmel/studio/7.0/toolchain/arm/arm-gnu-toolchain/bin/../lib/gcc/arm-none-eabi/6.3.1/../../../../arm-none-eabi/lib/thumb/v7e-m\libc.a(lib_a-fini.o)
                0x004044b4                __libc_fini_array
 .text._malloc_trim_r
                0x004044e8       0xa0 c:/program files (x86)/atmel/studio/7.0/toolchain/arm/arm-gnu-toolchain/bin/../lib/gcc/arm-none-eabi/6.3.1/../../../../arm-none-eabi/lib/thumb/v7e-m\libc.a(lib_a-freer.o)
                0x004044e8                _malloc_trim_r
 .text._free_r  0x00404588      0x1cc c:/program files (x86)/atmel/studio/7.0/toolchain/arm/arm-gnu-toolchain/bin/../lib/gcc/arm-none-eabi/6.3.1/../../../../arm-none-eabi/lib/thumb/v7e-m\libc.a(lib_a-freer.o)
                0x00404588                _free_r
 .text.__sfvwrite_r
                0x00404754      0x2f0 c:/program files (x86)/atmel/studio/7.0/toolchain/arm/arm-gnu-toolchain/bin/../lib/gcc/arm-none-eabi/6.3.1/../../../../arm-none-eabi/lib/thumb/v7e-m\libc.a(lib_a-fvwrite.o)
                0x00404754                __sfvwrite_r
 .text._fwalk_reent
                0x00404a44       0x54 c:/program files (x86)/atmel/studio/7.0/toolchain/arm/arm-gnu-toolchain/bin/../lib/gcc/arm-none-eabi/6.3.1/../../../../arm-none-eabi/lib/thumb/v7e-m\libc.a(lib_a-fwalk.o)
                0x00404a44                _fwalk_reent
 .text._localeconv_r
                0x00404a98       0x1c c:/program files (x86)/atmel/studio/7.0/toolchain/arm/arm-gnu-toolchain/bin/../lib/gcc/arm-none-eabi/6.3.1/../../../../arm-none-eabi/lib/thumb/v7e-m\libc.a(lib_a-localeconv.o)
                0x00404a98                _localeconv_r
 .text.__retarget_lock_init_recursive
                0x00404ab4        0x4 c:/program files (x86)/atmel/studio/7.0/toolchain/arm/arm-gnu-toolchain/bin/../lib/gcc/arm-none-eabi/6.3.1/../../../../arm-none-eabi/lib/thumb/v7e-m\libc.a(lib_a-lock.o)
                0x00404ab4                __retarget_lock_init_recursive
 .text.__retarget_lock_close_recursive
                0x00404ab8        0x4 c:/program files (x86)/atmel/studio/7.0/toolchain/arm/arm-gnu-toolchain/bin/../lib/gcc/arm-none-eabi/6.3.1/../../../../arm-none-eabi/lib/thumb/v7e-m\libc.a(lib_a-lock.o)
                0x00404ab8                __retarget_lock_close_recursive
 .text.__retarget_lock_acquire_recursive
                0x00404abc        0x4 c:/program files (x86)/atmel/studio/7.0/toolchain/arm/arm-gnu-toolchain/bin/../lib/gcc/arm-none-eabi/6.3.1/../../../../arm-none-eabi/lib/thumb/v7e-m\libc.a(lib_a-lock.o)
                0x00404abc                __retarget_lock_acquire_recursive
 .text.__retarget_lock_release_recursive
                0x00404ac0        0x4 c:/program files (x86)/atmel/studio/7.0/toolchain/arm/arm-gnu-toolchain/bin/../lib/gcc/arm-none-eabi/6.3.1/../../../../arm-none-eabi/lib/thumb/v7e-m\libc.a(lib_a-lock.o)
                0x00404ac0                __retarget_lock_release_recursive
 .text.__swhatbuf_r
                0x00404ac4       0x5c c:/program files (x86)/atmel/studio/7.0/toolchain/arm/arm-gnu-toolchain/bin/../lib/gcc/arm-none-eabi/6.3.1/../../../../arm-none-eabi/lib/thumb/v7e-m\libc.a(lib_a-makebuf.o)
                0x00404ac4                __swhatbuf_r
 .text.__smakebuf_r
                0x00404b20       0x94 c:/program files (x86)/atmel/studio/7.0/toolchain/arm/arm-gnu-toolchain/bin/../lib/gcc/arm-none-eabi/6.3.1/../../../../arm-none-eabi/lib/thumb/v7e-m\libc.a(lib_a-makebuf.o)
                0x00404b20                __smakebuf_r
 .text.malloc   0x00404bb4       0x10 c:/program files (x86)/atmel/studio/7.0/toolchain/arm/arm-gnu-toolchain/bin/../lib/gcc/arm-none-eabi/6.3.1/../../../../arm-none-eabi/lib/thumb/v7e-m\libc.a(lib_a-malloc.o)
                0x00404bb4                malloc
 .text._malloc_r
                0x00404bc4      0x560 c:/program files (x86)/atmel/studio/7.0/toolchain/arm/arm-gnu-toolchain/bin/../lib/gcc/arm-none-eabi/6.3.1/../../../../arm-none-eabi/lib/thumb/v7e-m\libc.a(lib_a-mallocr.o)
                0x00404bc4                _malloc_r
 *fill*         0x00405124        0xc 
 .text          0x00405130       0xa0 c:/program files (x86)/atmel/studio/7.0/toolchain/arm/arm-gnu-toolchain/bin/../lib/gcc/arm-none-eabi/6.3.1/../../../../arm-none-eabi/lib/thumb/v7e-m\libc.a(lib_a-memchr.o)
                0x00405130                memchr
 .text          0x004051d0      0x134 c:/program files (x86)/atmel/studio/7.0/toolchain/arm/arm-gnu-toolchain/bin/../lib/gcc/arm-none-eabi/6.3.1/../../../../arm-none-eabi/lib/thumb/v7e-m\libc.a(lib_a-memcpy.o)
                0x004051d0                memcpy
 .text.memmove  0x00405304       0xc8 c:/program files (x86)/atmel/studio/7.0/toolchain/arm/arm-gnu-toolchain/bin/../lib/gcc/arm-none-eabi/6.3.1/../../../../arm-none-eabi/lib/thumb/v7e-m\libc.a(lib_a-memmove.o)
                0x00405304                memmove
 .text.__malloc_lock
                0x004053cc        0xc c:/program files (x86)/atmel/studio/7.0/toolchain/arm/arm-gnu-toolchain/bin/../lib/gcc/arm-none-eabi/6.3.1/../../../../arm-none-eabi/lib/thumb/v7e-m\libc.a(lib_a-mlock.o)
                0x004053cc                __malloc_lock
 .text.__malloc_unlock
                0x004053d8        0xc c:/program files (x86)/atmel/studio/7.0/toolchain/arm/arm-gnu-toolchain/bin/../lib/gcc/arm-none-eabi/6.3.1/../../../../arm-none-eabi/lib/thumb/v7e-m\libc.a(lib_a-mlock.o)
                0x004053d8                __malloc_unlock
 .text._Balloc  0x004053e4       0x4c c:/program files (x86)/atmel/studio/7.0/toolchain/arm/arm-gnu-toolchain/bin/../lib/gcc/arm-none-eabi/6.3.1/../../../../arm-none-eabi/lib/thumb/v7e-m\libc.a(lib_a-mprec.o)
                0x004053e4                _Balloc
 .text._Bfree   0x00405430       0x14 c:/program files (x86)/atmel/studio/7.0/toolchain/arm/arm-gnu-toolchain/bin/../lib/gcc/arm-none-eabi/6.3.1/../../../../arm-none-eabi/lib/thumb/v7e-m\libc.a(lib_a-mprec.o)
                0x00405430                _Bfree
 .text.__multadd
                0x00405444       0x80 c:/program files (x86)/atmel/studio/7.0/toolchain/arm/arm-gnu-toolchain/bin/../lib/gcc/arm-none-eabi/6.3.1/../../../../arm-none-eabi/lib/thumb/v7e-m\libc.a(lib_a-mprec.o)
                0x00405444                __multadd
 .text.__hi0bits
                0x004054c4       0x40 c:/program files (x86)/atmel/studio/7.0/toolchain/arm/arm-gnu-toolchain/bin/../lib/gcc/arm-none-eabi/6.3.1/../../../../arm-none-eabi/lib/thumb/v7e-m\libc.a(lib_a-mprec.o)
                0x004054c4                __hi0bits
 .text.__lo0bits
                0x00405504       0x60 c:/program files (x86)/atmel/studio/7.0/toolchain/arm/arm-gnu-toolchain/bin/../lib/gcc/arm-none-eabi/6.3.1/../../../../arm-none-eabi/lib/thumb/v7e-m\libc.a(lib_a-mprec.o)
                0x00405504                __lo0bits
 .text.__i2b    0x00405564       0x14 c:/program files (x86)/atmel/studio/7.0/toolchain/arm/arm-gnu-toolchain/bin/../lib/gcc/arm-none-eabi/6.3.1/../../../../arm-none-eabi/lib/thumb/v7e-m\libc.a(lib_a-mprec.o)
                0x00405564                __i2b
 .text.__multiply
                0x00405578      0x124 c:/program files (x86)/atmel/studio/7.0/toolchain/arm/arm-gnu-toolchain/bin/../lib/gcc/arm-none-eabi/6.3.1/../../../../arm-none-eabi/lib/thumb/v7e-m\libc.a(lib_a-mprec.o)
                0x00405578                __multiply
 .text.__pow5mult
                0x0040569c       0xa0 c:/program files (x86)/atmel/studio/7.0/toolchain/arm/arm-gnu-toolchain/bin/../lib/gcc/arm-none-eabi/6.3.1/../../../../arm-none-eabi/lib/thumb/v7e-m\libc.a(lib_a-mprec.o)
                0x0040569c                __pow5mult
 .text.__lshift
                0x0040573c       0xa4 c:/program files (x86)/atmel/studio/7.0/toolchain/arm/arm-gnu-toolchain/bin/../lib/gcc/arm-none-eabi/6.3.1/../../../../arm-none-eabi/lib/thumb/v7e-m\libc.a(lib_a-mprec.o)
                0x0040573c                __lshift
 .text.__mcmp   0x004057e0       0x38 c:/program files (x86)/atmel/studio/7.0/toolchain/arm/arm-gnu-toolchain/bin/../lib/gcc/arm-none-eabi/6.3.1/../../../../arm-none-eabi/lib/thumb/v7e-m\libc.a(lib_a-mprec.o)
                0x004057e0                __mcmp
 .text.__mdiff  0x00405818      0x108 c:/program files (x86)/atmel/studio/7.0/toolchain/arm/arm-gnu-toolchain/bin/../lib/gcc/arm-none-eabi/6.3.1/../../../../arm-none-eabi/lib/thumb/v7e-m\libc.a(lib_a-mprec.o)
                0x00405818                __mdiff
 .text.__d2b    0x00405920       0xb8 c:/program files (x86)/atmel/studio/7.0/toolchain/arm/arm-gnu-toolchain/bin/../lib/gcc/arm-none-eabi/6.3.1/../../../../arm-none-eabi/lib/thumb/v7e-m\libc.a(lib_a-mprec.o)
                0x00405920                __d2b
 .text._realloc_r
                0x004059d8      0x34c c:/program files (x86)/atmel/studio/7.0/toolchain/arm/arm-gnu-toolchain/bin/../lib/gcc/arm-none-eabi/6.3.1/../../../../arm-none-eabi/lib/thumb/v7e-m\libc.a(lib_a-reallocr.o)
                0x004059d8                _realloc_r
 .text._sbrk_r  0x00405d24       0x24 c:/program files (x86)/atmel/studio/7.0/toolchain/arm/arm-gnu-toolchain/bin/../lib/gcc/arm-none-eabi/6.3.1/../../../../arm-none-eabi/lib/thumb/v7e-m\libc.a(lib_a-sbrkr.o)
                0x00405d24                _sbrk_r
 .text.__sread  0x00405d48       0x24 c:/program files (x86)/atmel/studio/7.0/toolchain/arm/arm-gnu-toolchain/bin/../lib/gcc/arm-none-eabi/6.3.1/../../../../arm-none-eabi/lib/thumb/v7e-m\libc.a(lib_a-stdio.o)
                0x00405d48                __sread
 .text.__swrite
                0x00405d6c       0x3c c:/program files (x86)/atmel/studio/7.0/toolchain/arm/arm-gnu-toolchain/bin/../lib/gcc/arm-none-eabi/6.3.1/../../../../arm-none-eabi/lib/thumb/v7e-m\libc.a(lib_a-stdio.o)
                0x00405d6c                __swrite
 .text.__sseek  0x00405da8       0x20 c:/program files (x86)/atmel/studio/7.0/toolchain/arm/arm-gnu-toolchain/bin/../lib/gcc/arm-none-eabi/6.3.1/../../../../arm-none-eabi/lib/thumb/v7e-m\libc.a(lib_a-stdio.o)
                0x00405da8                __sseek
 .text.__sclose
                0x00405dc8        0x8 c:/program files (x86)/atmel/studio/7.0/toolchain/arm/arm-gnu-toolchain/bin/../lib/gcc/arm-none-eabi/6.3.1/../../../../arm-none-eabi/lib/thumb/v7e-m\libc.a(lib_a-stdio.o)
                0x00405dc8                __sclose
 .text.__ssprint_r
                0x00405dd0       0xfc c:/program files (x86)/atmel/studio/7.0/toolchain/arm/arm-gnu-toolchain/bin/../lib/gcc/arm-none-eabi/6.3.1/../../../../arm-none-eabi/lib/thumb/v7e-m\libc.a(lib_a-svfiprintf.o)
                0x00405dd0                __ssprint_r
 .text._write_r
                0x00405ecc       0x2c c:/program files (x86)/atmel/studio/7.0/toolchain/arm/arm-gnu-toolchain/bin/../lib/gcc/arm-none-eabi/6.3.1/../../../../arm-none-eabi/lib/thumb/v7e-m\libc.a(lib_a-writer.o)
                0x00405ecc                _write_r
 .text.__swsetup_r
                0x00405ef8       0xc8 c:/program files (x86)/atmel/studio/7.0/toolchain/arm/arm-gnu-toolchain/bin/../lib/gcc/arm-none-eabi/6.3.1/../../../../arm-none-eabi/lib/thumb/v7e-m\libc.a(lib_a-wsetup.o)
                0x00405ef8                __swsetup_r
 .text.__register_exitproc
                0x00405fc0       0xc4 c:/program files (x86)/atmel/studio/7.0/toolchain/arm/arm-gnu-toolchain/bin/../lib/gcc/arm-none-eabi/6.3.1/../../../../arm-none-eabi/lib/thumb/v7e-m\libc.a(lib_a-__atexit.o)
                0x00405fc0                __register_exitproc
 .text._calloc_r
                0x00406084       0x60 c:/program files (x86)/atmel/studio/7.0/toolchain/arm/arm-gnu-toolchain/bin/../lib/gcc/arm-none-eabi/6.3.1/../../../../arm-none-eabi/lib/thumb/v7e-m\libc.a(lib_a-callocr.o)
                0x00406084                _calloc_r
 .text._close_r
                0x004060e4       0x24 c:/program files (x86)/atmel/studio/7.0/toolchain/arm/arm-gnu-toolchain/bin/../lib/gcc/arm-none-eabi/6.3.1/../../../../arm-none-eabi/lib/thumb/v7e-m\libc.a(lib_a-closer.o)
                0x004060e4                _close_r
 .text._fclose_r
                0x00406108       0xc4 c:/program files (x86)/atmel/studio/7.0/toolchain/arm/arm-gnu-toolchain/bin/../lib/gcc/arm-none-eabi/6.3.1/../../../../arm-none-eabi/lib/thumb/v7e-m\libc.a(lib_a-fclose.o)
                0x00406108                _fclose_r
 .text._fstat_r
                0x004061cc       0x28 c:/program files (x86)/atmel/studio/7.0/toolchain/arm/arm-gnu-toolchain/bin/../lib/gcc/arm-none-eabi/6.3.1/../../../../arm-none-eabi/lib/thumb/v7e-m\libc.a(lib_a-fstatr.o)
                0x004061cc                _fstat_r
 .text._isatty_r
                0x004061f4       0x24 c:/program files (x86)/atmel/studio/7.0/toolchain/arm/arm-gnu-toolchain/bin/../lib/gcc/arm-none-eabi/6.3.1/../../../../arm-none-eabi/lib/thumb/v7e-m\libc.a(lib_a-isattyr.o)
                0x004061f4                _isatty_r
 .text._lseek_r
                0x00406218       0x2c c:/program files (x86)/atmel/studio/7.0/toolchain/arm/arm-gnu-toolchain/bin/../lib/gcc/arm-none-eabi/6.3.1/../../../../arm-none-eabi/lib/thumb/v7e-m\libc.a(lib_a-lseekr.o)
                0x00406218                _lseek_r
 .text.__ascii_mbtowc
                0x00406244       0x2c c:/program files (x86)/atmel/studio/7.0/toolchain/arm/arm-gnu-toolchain/bin/../lib/gcc/arm-none-eabi/6.3.1/../../../../arm-none-eabi/lib/thumb/v7e-m\libc.a(lib_a-mbtowc_r.o)
                0x00406244                __ascii_mbtowc
 .text._read_r  0x00406270       0x2c c:/program files (x86)/atmel/studio/7.0/toolchain/arm/arm-gnu-toolchain/bin/../lib/gcc/arm-none-eabi/6.3.1/../../../../arm-none-eabi/lib/thumb/v7e-m\libc.a(lib_a-readr.o)
                0x00406270                _read_r
 .text.__ascii_wctomb
                0x0040629c       0x1c c:/program files (x86)/atmel/studio/7.0/toolchain/arm/arm-gnu-toolchain/bin/../lib/gcc/arm-none-eabi/6.3.1/../../../../arm-none-eabi/lib/thumb/v7e-m\libc.a(lib_a-wctomb_r.o)
                0x0040629c                __ascii_wctomb
 .text          0x004062b8      0x370 c:/program files (x86)/atmel/studio/7.0/toolchain/arm/arm-gnu-toolchain/bin/../lib/gcc/arm-none-eabi/6.3.1/thumb/v7e-m\libgcc.a(_arm_addsubdf3.o)
                0x004062b8                __aeabi_drsub
                0x004062c0                __aeabi_dsub
                0x004062c0                __subdf3
                0x004062c4                __aeabi_dadd
                0x004062c4                __adddf3
                0x0040653c                __floatunsidf
                0x0040653c                __aeabi_ui2d
                0x0040655c                __floatsidf
                0x0040655c                __aeabi_i2d
                0x00406580                __aeabi_f2d
                0x00406580                __extendsfdf2
                0x004065bc                __floatundidf
                0x004065bc                __aeabi_ul2d
                0x004065cc                __floatdidf
                0x004065cc                __aeabi_l2d
 .text          0x00406628      0x424 c:/program files (x86)/atmel/studio/7.0/toolchain/arm/arm-gnu-toolchain/bin/../lib/gcc/arm-none-eabi/6.3.1/thumb/v7e-m\libgcc.a(_arm_muldivdf3.o)
                0x00406628                __aeabi_dmul
                0x00406628                __muldf3
                0x0040687c                __divdf3
                0x0040687c                __aeabi_ddiv
 .text          0x00406a4c      0x110 c:/program files (x86)/atmel/studio/7.0/toolchain/arm/arm-gnu-toolchain/bin/../lib/gcc/arm-none-eabi/6.3.1/thumb/v7e-m\libgcc.a(_arm_cmpdf2.o)
                0x00406a4c                __gtdf2
                0x00406a4c                __gedf2
                0x00406a54                __ltdf2
                0x00406a54                __ledf2
                0x00406a5c                __nedf2
                0x00406a5c                __eqdf2
                0x00406a5c                __cmpdf2
                0x00406ad8                __aeabi_cdrcmple
                0x00406ae8                __aeabi_cdcmpeq
                0x00406ae8                __aeabi_cdcmple
                0x00406af8                __aeabi_dcmpeq
                0x00406b0c                __aeabi_dcmplt
                0x00406b20                __aeabi_dcmple
                0x00406b34                __aeabi_dcmpge
                0x00406b48                __aeabi_dcmpgt
 .text          0x00406b5c       0x2c c:/program files (x86)/atmel/studio/7.0/toolchain/arm/arm-gnu-toolchain/bin/../lib/gcc/arm-none-eabi/6.3.1/thumb/v7e-m\libgcc.a(_arm_unorddf2.o)
                0x00406b5c                __unorddf2
                0x00406b5c                __aeabi_dcmpun
 .text          0x00406b88       0x50 c:/program files (x86)/atmel/studio/7.0/toolchain/arm/arm-gnu-toolchain/bin/../lib/gcc/arm-none-eabi/6.3.1/thumb/v7e-m\libgcc.a(_arm_fixdfsi.o)
                0x00406b88                __aeabi_d2iz
                0x00406b88                __fixdfsi
 .text          0x00406bd8       0x30 c:/program files (x86)/atmel/studio/7.0/toolchain/arm/arm-gnu-toolchain/bin/../lib/gcc/arm-none-eabi/6.3.1/thumb/v7e-m\libgcc.a(_aeabi_uldivmod.o)
                0x00406bd8                __aeabi_uldivmod
 .text          0x00406c08      0x2dc c:/program files (x86)/atmel/studio/7.0/toolchain/arm/arm-gnu-toolchain/bin/../lib/gcc/arm-none-eabi/6.3.1/thumb/v7e-m\libgcc.a(_udivmoddi4.o)
                0x00406c08                __udivmoddi4
 .text          0x00406ee4        0x4 c:/program files (x86)/atmel/studio/7.0/toolchain/arm/arm-gnu-toolchain/bin/../lib/gcc/arm-none-eabi/6.3.1/thumb/v7e-m\libgcc.a(_dvmd_tls.o)
                0x00406ee4                __aeabi_idiv0
                0x00406ee4                __aeabi_ldiv0
 *(.glue_7t)
 .glue_7t       0x00406ee8        0x0 linker stubs
 *(.glue_7)
 .glue_7        0x00406ee8        0x0 linker stubs
 *(.rodata .rodata* .gnu.linkonce.r.*)
 .rodata.p_uc_charset10x14
                0x00406ee8      0x780 src/ASF/sam/components/display/ili93xx/ili93xx.o
                0x00406ee8                p_uc_charset10x14
 .rodata.inicializacao_UART.str1.4
                0x00407668        0xe src/main.o
 *fill*         0x00407676        0x2 
 .rodata.main.str1.4
                0x00407678        0x3 src/main.o
 *fill*         0x0040767b        0x1 
 .rodata._global_impure_ptr
                0x0040767c        0x4 c:/program files (x86)/atmel/studio/7.0/toolchain/arm/arm-gnu-toolchain/bin/../lib/gcc/arm-none-eabi/6.3.1/../../../../arm-none-eabi/lib/thumb/v7e-m\libc.a(lib_a-impure.o)
                0x0040767c                _global_impure_ptr
 .rodata._puts_r.str1.4
                0x00407680        0x2 c:/program files (x86)/atmel/studio/7.0/toolchain/arm/arm-gnu-toolchain/bin/../lib/gcc/arm-none-eabi/6.3.1/../../../../arm-none-eabi/lib/thumb/v7e-m\libc.a(lib_a-puts.o)
 *fill*         0x00407682        0x2 
 .rodata._svfprintf_r.str1.4
                0x00407684       0x42 c:/program files (x86)/atmel/studio/7.0/toolchain/arm/arm-gnu-toolchain/bin/../lib/gcc/arm-none-eabi/6.3.1/../../../../arm-none-eabi/lib/thumb/v7e-m\libc.a(lib_a-svfprintf.o)
 *fill*         0x004076c6        0x2 
 .rodata.blanks.7223
                0x004076c8       0x10 c:/program files (x86)/atmel/studio/7.0/toolchain/arm/arm-gnu-toolchain/bin/../lib/gcc/arm-none-eabi/6.3.1/../../../../arm-none-eabi/lib/thumb/v7e-m\libc.a(lib_a-svfprintf.o)
 .rodata.zeroes.7224
                0x004076d8       0x10 c:/program files (x86)/atmel/studio/7.0/toolchain/arm/arm-gnu-toolchain/bin/../lib/gcc/arm-none-eabi/6.3.1/../../../../arm-none-eabi/lib/thumb/v7e-m\libc.a(lib_a-svfprintf.o)
 .rodata._dtoa_r.str1.4
                0x004076e8       0x10 c:/program files (x86)/atmel/studio/7.0/toolchain/arm/arm-gnu-toolchain/bin/../lib/gcc/arm-none-eabi/6.3.1/../../../../arm-none-eabi/lib/thumb/v7e-m\libc.a(lib_a-dtoa.o)
                                 0x12 (size before relaxing)
 .rodata.__mprec_bigtens
                0x004076f8       0x28 c:/program files (x86)/atmel/studio/7.0/toolchain/arm/arm-gnu-toolchain/bin/../lib/gcc/arm-none-eabi/6.3.1/../../../../arm-none-eabi/lib/thumb/v7e-m\libc.a(lib_a-mprec.o)
                0x004076f8                __mprec_bigtens
 .rodata.__mprec_tens
                0x00407720       0xc8 c:/program files (x86)/atmel/studio/7.0/toolchain/arm/arm-gnu-toolchain/bin/../lib/gcc/arm-none-eabi/6.3.1/../../../../arm-none-eabi/lib/thumb/v7e-m\libc.a(lib_a-mprec.o)
                0x00407720                __mprec_tens
 .rodata.p05.6055
                0x004077e8        0xc c:/program files (x86)/atmel/studio/7.0/toolchain/arm/arm-gnu-toolchain/bin/../lib/gcc/arm-none-eabi/6.3.1/../../../../arm-none-eabi/lib/thumb/v7e-m\libc.a(lib_a-mprec.o)
 .rodata._setlocale_r.str1.4
                0x004077f4        0xa c:/program files (x86)/atmel/studio/7.0/toolchain/arm/arm-gnu-toolchain/bin/../lib/gcc/arm-none-eabi/6.3.1/../../../../arm-none-eabi/lib/thumb/v7e-m\libc.a(lib_a-locale.o)
                                  0xd (size before relaxing)
 *fill*         0x004077fe        0x2 
 .rodata.str1.4
                0x00407800        0x4 c:/program files (x86)/atmel/studio/7.0/toolchain/arm/arm-gnu-toolchain/bin/../lib/gcc/arm-none-eabi/6.3.1/../../../../arm-none-eabi/lib/thumb/v7e-m\libc.a(lib_a-locale.o)
                                  0x2 (size before relaxing)
 .rodata._ctype_
                0x00407804      0x101 c:/program files (x86)/atmel/studio/7.0/toolchain/arm/arm-gnu-toolchain/bin/../lib/gcc/arm-none-eabi/6.3.1/../../../../arm-none-eabi/lib/thumb/v7e-m\libc.a(lib_a-ctype_.o)
                0x00407804                _ctype_
 *(.ARM.extab* .gnu.linkonce.armextab.*)
                0x00407908                . = ALIGN (0x4)
 *fill*         0x00407905        0x3 
 *(.init)
 .init          0x00407908        0x4 c:/program files (x86)/atmel/studio/7.0/toolchain/arm/arm-gnu-toolchain/bin/../lib/gcc/arm-none-eabi/6.3.1/thumb/v7e-m/crti.o
                0x00407908                _init
 .init          0x0040790c        0x8 c:/program files (x86)/atmel/studio/7.0/toolchain/arm/arm-gnu-toolchain/bin/../lib/gcc/arm-none-eabi/6.3.1/thumb/v7e-m/crtn.o
                0x00407914                . = ALIGN (0x4)
                0x00407914                __preinit_array_start = .
 *(.preinit_array)
                0x00407914                __preinit_array_end = .
                0x00407914                . = ALIGN (0x4)
                0x00407914                __init_array_start = .
 *(SORT(.init_array.*))
 .init_array.00000
                0x00407914        0x4 c:/program files (x86)/atmel/studio/7.0/toolchain/arm/arm-gnu-toolchain/bin/../lib/gcc/arm-none-eabi/6.3.1/../../../../arm-none-eabi/lib/thumb/v7e-m\libc.a(lib_a-__call_atexit.o)
 *(.init_array)
 .init_array    0x00407918        0x4 c:/program files (x86)/atmel/studio/7.0/toolchain/arm/arm-gnu-toolchain/bin/../lib/gcc/arm-none-eabi/6.3.1/thumb/v7e-m/crtbegin.o
                0x0040791c                __init_array_end = .
                0x0040791c                . = ALIGN (0x4)
 *crtbegin.o(.ctors)
 *(EXCLUDE_FILE(*crtend.o) .ctors)
 *(SORT(.ctors.*))
 *crtend.o(.ctors)
                0x0040791c                . = ALIGN (0x4)
 *(.fini)
 .fini          0x0040791c        0x4 c:/program files (x86)/atmel/studio/7.0/toolchain/arm/arm-gnu-toolchain/bin/../lib/gcc/arm-none-eabi/6.3.1/thumb/v7e-m/crti.o
                0x0040791c                _fini
 .fini          0x00407920        0x8 c:/program files (x86)/atmel/studio/7.0/toolchain/arm/arm-gnu-toolchain/bin/../lib/gcc/arm-none-eabi/6.3.1/thumb/v7e-m/crtn.o
                0x00407928                . = ALIGN (0x4)
                0x00407928                __fini_array_start = .
 *(.fini_array)
 .fini_array    0x00407928        0x4 c:/program files (x86)/atmel/studio/7.0/toolchain/arm/arm-gnu-toolchain/bin/../lib/gcc/arm-none-eabi/6.3.1/thumb/v7e-m/crtbegin.o
 *(SORT(.fini_array.*))
                0x0040792c                __fini_array_end = .
 *crtbegin.o(.dtors)
 *(EXCLUDE_FILE(*crtend.o) .dtors)
 *(SORT(.dtors.*))
 *crtend.o(.dtors)
                0x0040792c                . = ALIGN (0x4)
                0x0040792c                _efixed = .
                [!provide]                PROVIDE (__exidx_start, .)

.vfp11_veneer   0x0040792c        0x0
 .vfp11_veneer  0x0040792c        0x0 linker stubs

.v4_bx          0x0040792c        0x0
 .v4_bx         0x0040792c        0x0 linker stubs

.iplt           0x0040792c        0x0
 .iplt          0x0040792c        0x0 c:/program files (x86)/atmel/studio/7.0/toolchain/arm/arm-gnu-toolchain/bin/../lib/gcc/arm-none-eabi/6.3.1/thumb/v7e-m/crtbegin.o

.ARM.exidx      0x0040792c        0x8
 *(.ARM.exidx* .gnu.linkonce.armexidx.*)
 .ARM.exidx     0x0040792c        0x8 c:/program files (x86)/atmel/studio/7.0/toolchain/arm/arm-gnu-toolchain/bin/../lib/gcc/arm-none-eabi/6.3.1/thumb/v7e-m\libgcc.a(_udivmoddi4.o)
                [!provide]                PROVIDE (__exidx_end, .)

.eh_frame       0x00407934        0x0
 .eh_frame      0x00407934        0x0 c:/program files (x86)/atmel/studio/7.0/toolchain/arm/arm-gnu-toolchain/bin/../lib/gcc/arm-none-eabi/6.3.1/thumb/v7e-m/crtbegin.o

.rel.dyn        0x00407934        0x0
 .rel.iplt      0x00407934        0x0 c:/program files (x86)/atmel/studio/7.0/toolchain/arm/arm-gnu-toolchain/bin/../lib/gcc/arm-none-eabi/6.3.1/thumb/v7e-m/crtbegin.o

.jcr            0x00407934        0x0
 .jcr           0x00407934        0x0 c:/program files (x86)/atmel/studio/7.0/toolchain/arm/arm-gnu-toolchain/bin/../lib/gcc/arm-none-eabi/6.3.1/thumb/v7e-m/crtbegin.o

.igot.plt       0x00407934        0x0
 .igot.plt      0x00407934        0x0 c:/program files (x86)/atmel/studio/7.0/toolchain/arm/arm-gnu-toolchain/bin/../lib/gcc/arm-none-eabi/6.3.1/thumb/v7e-m/crtbegin.o
                0x00407934                . = ALIGN (0x4)
                0x00407934                _etext = .

.relocate       0x20000000      0x9d8 load address 0x00407934
                0x20000000                . = ALIGN (0x4)
                0x20000000                _srelocate = .
 *(.ramfunc .ramfunc.*)
 .ramfunc       0x20000000        0xa src/ASF/common/services/delay/sam/cycle_counter.o
                0x20000000                portable_delay_cycles
 *(.data .data.*)
 *fill*         0x2000000a        0x2 
 .data.g_ul_lcd_x_length
                0x2000000c        0x4 src/ASF/sam/components/display/ili93xx/ili93xx.o
 .data.g_ul_lcd_y_length
                0x20000010        0x4 src/ASF/sam/components/display/ili93xx/ili93xx.o
 .data.SystemCoreClock
                0x20000014        0x4 src/ASF/sam/utils/cmsis/sam4s/source/templates/system_sam4s.o
                0x20000014                SystemCoreClock
 .data.usart_options.8528
                0x20000018       0x10 src/main.o
 .data._impure_ptr
                0x20000028        0x4 c:/program files (x86)/atmel/studio/7.0/toolchain/arm/arm-gnu-toolchain/bin/../lib/gcc/arm-none-eabi/6.3.1/../../../../arm-none-eabi/lib/thumb/v7e-m\libc.a(lib_a-impure.o)
                0x20000028                _impure_ptr
 *fill*         0x2000002c        0x4 
 .data.impure_data
                0x20000030      0x428 c:/program files (x86)/atmel/studio/7.0/toolchain/arm/arm-gnu-toolchain/bin/../lib/gcc/arm-none-eabi/6.3.1/../../../../arm-none-eabi/lib/thumb/v7e-m\libc.a(lib_a-impure.o)
 .data.__atexit_recursive_mutex
                0x20000458        0x4 c:/program files (x86)/atmel/studio/7.0/toolchain/arm/arm-gnu-toolchain/bin/../lib/gcc/arm-none-eabi/6.3.1/../../../../arm-none-eabi/lib/thumb/v7e-m\libc.a(lib_a-__call_atexit.o)
                0x20000458                __atexit_recursive_mutex
 .data.__malloc_av_
                0x2000045c      0x408 c:/program files (x86)/atmel/studio/7.0/toolchain/arm/arm-gnu-toolchain/bin/../lib/gcc/arm-none-eabi/6.3.1/../../../../arm-none-eabi/lib/thumb/v7e-m\libc.a(lib_a-mallocr.o)
                0x2000045c                __malloc_av_
 .data.__malloc_sbrk_base
                0x20000864        0x4 c:/program files (x86)/atmel/studio/7.0/toolchain/arm/arm-gnu-toolchain/bin/../lib/gcc/arm-none-eabi/6.3.1/../../../../arm-none-eabi/lib/thumb/v7e-m\libc.a(lib_a-mallocr.o)
                0x20000864                __malloc_sbrk_base
 .data.__malloc_trim_threshold
                0x20000868        0x4 c:/program files (x86)/atmel/studio/7.0/toolchain/arm/arm-gnu-toolchain/bin/../lib/gcc/arm-none-eabi/6.3.1/../../../../arm-none-eabi/lib/thumb/v7e-m\libc.a(lib_a-mallocr.o)
                0x20000868                __malloc_trim_threshold
 .data.__global_locale
                0x2000086c      0x16c c:/program files (x86)/atmel/studio/7.0/toolchain/arm/arm-gnu-toolchain/bin/../lib/gcc/arm-none-eabi/6.3.1/../../../../arm-none-eabi/lib/thumb/v7e-m\libc.a(lib_a-locale.o)
                0x2000086c                __global_locale
                0x200009d8                . = ALIGN (0x4)
                0x200009d8                _erelocate = .

.bss            0x200009d8      0x4e0 load address 0x0040830c
                0x200009d8                . = ALIGN (0x4)
                0x200009d8                _sbss = .
                0x200009d8                _szero = .
 *(.bss .bss.*)
 .bss           0x200009d8       0x1c c:/program files (x86)/atmel/studio/7.0/toolchain/arm/arm-gnu-toolchain/bin/../lib/gcc/arm-none-eabi/6.3.1/thumb/v7e-m/crtbegin.o
 .bss.g_uc_device_type
                0x200009f4        0x1 src/ASF/sam/components/display/ili93xx/ili93xx.o
 *fill*         0x200009f5        0x3 
 .bss.g_ul_pixel_cache
                0x200009f8      0x3c0 src/ASF/sam/components/display/ili93xx/ili93xx.o
 .bss.gs_interrupt_sources
                0x20000db8       0x70 src/ASF/sam/drivers/pio/pio_handler.o
 .bss.pio_capture_handler
                0x20000e28        0x4 src/ASF/sam/drivers/pio/pio_handler.o
 .bss.heap.5297
                0x20000e2c        0x4 src/ASF/sam/utils/syscalls/gcc/syscalls.o
 .bss.__malloc_current_mallinfo
                0x20000e30       0x28 c:/program files (x86)/atmel/studio/7.0/toolchain/arm/arm-gnu-toolchain/bin/../lib/gcc/arm-none-eabi/6.3.1/../../../../arm-none-eabi/lib/thumb/v7e-m\libc.a(lib_a-mallocr.o)
                0x20000e30                __malloc_current_mallinfo
 .bss.__malloc_max_sbrked_mem
                0x20000e58        0x4 c:/program files (x86)/atmel/studio/7.0/toolchain/arm/arm-gnu-toolchain/bin/../lib/gcc/arm-none-eabi/6.3.1/../../../../arm-none-eabi/lib/thumb/v7e-m\libc.a(lib_a-mallocr.o)
                0x20000e58                __malloc_max_sbrked_mem
 .bss.__malloc_max_total_mem
                0x20000e5c        0x4 c:/program files (x86)/atmel/studio/7.0/toolchain/arm/arm-gnu-toolchain/bin/../lib/gcc/arm-none-eabi/6.3.1/../../../../arm-none-eabi/lib/thumb/v7e-m\libc.a(lib_a-mallocr.o)
                0x20000e5c                __malloc_max_total_mem
 .bss.__malloc_top_pad
                0x20000e60        0x4 c:/program files (x86)/atmel/studio/7.0/toolchain/arm/arm-gnu-toolchain/bin/../lib/gcc/arm-none-eabi/6.3.1/../../../../arm-none-eabi/lib/thumb/v7e-m\libc.a(lib_a-mallocr.o)
                0x20000e60                __malloc_top_pad
 *(COMMON)
 COMMON         0x20000e64        0x4 src/ASF/common/utils/stdio/read.o
                0x20000e64                ptr_get
 COMMON         0x20000e68        0x8 src/ASF/common/utils/stdio/write.o
                0x20000e68                ptr_put
                0x20000e6c                stdio_base
 COMMON         0x20000e70        0x4 src/ASF/sam/drivers/pio/pio.o
                0x20000e70                pio_capture_enable_flag
 COMMON         0x20000e74       0x1c src/main.o
                0x20000e74                opt
                0x20000e80                g_ili93xx_display_opt
 COMMON         0x20000e90       0x21 c:/program files (x86)/atmel/studio/7.0/toolchain/arm/arm-gnu-toolchain/bin/../lib/gcc/arm-none-eabi/6.3.1/../../../../arm-none-eabi/lib/thumb/v7e-m\libc.a(lib_a-lock.o)
                0x20000e90                __lock___atexit_recursive_mutex
                0x20000e94                __lock___arc4random_mutex
                0x20000e98                __lock___env_recursive_mutex
                0x20000e9c                __lock___sinit_recursive_mutex
                0x20000ea0                __lock___malloc_recursive_mutex
                0x20000ea4                __lock___at_quick_exit_mutex
                0x20000ea8                __lock___dd_hash_mutex
                0x20000eac                __lock___tz_mutex
                0x20000eb0                __lock___sfp_recursive_mutex
 *fill*         0x20000eb1        0x3 
 COMMON         0x20000eb4        0x4 c:/program files (x86)/atmel/studio/7.0/toolchain/arm/arm-gnu-toolchain/bin/../lib/gcc/arm-none-eabi/6.3.1/../../../../arm-none-eabi/lib/thumb/v7e-m\libc.a(lib_a-reent.o)
                0x20000eb4                errno
                0x20000eb8                . = ALIGN (0x4)
                0x20000eb8                _ebss = .
                0x20000eb8                _ezero = .

.stack          0x20000eb8     0x3000 load address 0x004087ec
                0x20000eb8                . = ALIGN (0x8)
                0x20000eb8                _sstack = .
                0x20003eb8                . = (. + __stack_size__)
 *fill*         0x20000eb8     0x3000 
                0x20003eb8                . = ALIGN (0x8)
                0x20003eb8                _estack = .
                0x20003eb8                . = ALIGN (0x4)
                0x20003eb8                _end = .
OUTPUT(TesteI2C.elf elf32-littlearm)

.ARM.attributes
                0x00000000       0x2a
 .ARM.attributes
                0x00000000       0x1e c:/program files (x86)/atmel/studio/7.0/toolchain/arm/arm-gnu-toolchain/bin/../lib/gcc/arm-none-eabi/6.3.1/thumb/v7e-m/crti.o
 .ARM.attributes
                0x0000001e       0x2e c:/program files (x86)/atmel/studio/7.0/toolchain/arm/arm-gnu-toolchain/bin/../lib/gcc/arm-none-eabi/6.3.1/thumb/v7e-m/crtbegin.o
 .ARM.attributes
                0x0000004c       0x33 src/ASF/common/services/delay/sam/cycle_counter.o
 .ARM.attributes
                0x0000007f       0x33 src/ASF/common/utils/stdio/read.o
 .ARM.attributes
                0x000000b2       0x33 src/ASF/common/utils/stdio/write.o
 .ARM.attributes
                0x000000e5       0x33 src/ASF/sam/components/display/aat31xx/aat31xx.o
 .ARM.attributes
                0x00000118       0x33 src/ASF/sam/components/display/ili93xx/ili93xx.o
 .ARM.attributes
                0x0000014b       0x33 src/ASF/sam/drivers/ebi/smc/smc.o
 .ARM.attributes
                0x0000017e       0x33 src/ASF/sam/drivers/twi/twi.o
 .ARM.attributes
                0x000001b1       0x33 src/ASF/common/services/clock/sam4s/sysclk.o
 .ARM.attributes
                0x000001e4       0x33 src/ASF/sam/boards/sam4s_ek2/init.o
 .ARM.attributes
                0x00000217       0x33 src/ASF/sam/drivers/pio/pio.o
 .ARM.attributes
                0x0000024a       0x33 src/ASF/sam/drivers/pio/pio_handler.o
 .ARM.attributes
                0x0000027d       0x33 src/ASF/sam/drivers/pmc/pmc.o
 .ARM.attributes
                0x000002b0       0x33 src/ASF/sam/drivers/uart/uart.o
 .ARM.attributes
                0x000002e3       0x33 src/ASF/sam/drivers/usart/usart.o
 .ARM.attributes
                0x00000316       0x33 src/ASF/sam/utils/cmsis/sam4s/source/templates/gcc/startup_sam4s.o
 .ARM.attributes
                0x00000349       0x33 src/ASF/sam/utils/cmsis/sam4s/source/templates/system_sam4s.o
 .ARM.attributes
                0x0000037c       0x33 src/ASF/sam/utils/syscalls/gcc/syscalls.o
 .ARM.attributes
                0x000003af       0x33 src/main.o
 .ARM.attributes
                0x000003e2       0x2e c:/program files (x86)/atmel/studio/7.0/toolchain/arm/arm-gnu-toolchain/bin/../lib/gcc/arm-none-eabi/6.3.1/../../../../arm-none-eabi/lib/thumb/v7e-m\libc.a(lib_a-impure.o)
 .ARM.attributes
                0x00000410       0x2e c:/program files (x86)/atmel/studio/7.0/toolchain/arm/arm-gnu-toolchain/bin/../lib/gcc/arm-none-eabi/6.3.1/../../../../arm-none-eabi/lib/thumb/v7e-m\libc.a(lib_a-init.o)
 .ARM.attributes
                0x0000043e       0x2e c:/program files (x86)/atmel/studio/7.0/toolchain/arm/arm-gnu-toolchain/bin/../lib/gcc/arm-none-eabi/6.3.1/../../../../arm-none-eabi/lib/thumb/v7e-m\libc.a(lib_a-memset.o)
 .ARM.attributes
                0x0000046c       0x2e c:/program files (x86)/atmel/studio/7.0/toolchain/arm/arm-gnu-toolchain/bin/../lib/gcc/arm-none-eabi/6.3.1/../../../../arm-none-eabi/lib/thumb/v7e-m\libc.a(lib_a-puts.o)
 .ARM.attributes
                0x0000049a       0x2e c:/program files (x86)/atmel/studio/7.0/toolchain/arm/arm-gnu-toolchain/bin/../lib/gcc/arm-none-eabi/6.3.1/../../../../arm-none-eabi/lib/thumb/v7e-m\libc.a(lib_a-setbuf.o)
 .ARM.attributes
                0x000004c8       0x2e c:/program files (x86)/atmel/studio/7.0/toolchain/arm/arm-gnu-toolchain/bin/../lib/gcc/arm-none-eabi/6.3.1/../../../../arm-none-eabi/lib/thumb/v7e-m\libc.a(lib_a-setvbuf.o)
 .ARM.attributes
                0x000004f6       0x2e c:/program files (x86)/atmel/studio/7.0/toolchain/arm/arm-gnu-toolchain/bin/../lib/gcc/arm-none-eabi/6.3.1/../../../../arm-none-eabi/lib/thumb/v7e-m\libc.a(lib_a-sprintf.o)
 .ARM.attributes
                0x00000524       0x1c c:/program files (x86)/atmel/studio/7.0/toolchain/arm/arm-gnu-toolchain/bin/../lib/gcc/arm-none-eabi/6.3.1/../../../../arm-none-eabi/lib/thumb/v7e-m\libc.a(lib_a-strlen.o)
 .ARM.attributes
                0x00000540       0x2e c:/program files (x86)/atmel/studio/7.0/toolchain/arm/arm-gnu-toolchain/bin/../lib/gcc/arm-none-eabi/6.3.1/../../../../arm-none-eabi/lib/thumb/v7e-m\libc.a(lib_a-svfprintf.o)
 .ARM.attributes
                0x0000056e       0x2e c:/program files (x86)/atmel/studio/7.0/toolchain/arm/arm-gnu-toolchain/bin/../lib/gcc/arm-none-eabi/6.3.1/../../../../arm-none-eabi/lib/thumb/v7e-m\libc.a(lib_a-__call_atexit.o)
 .ARM.attributes
                0x0000059c       0x2e c:/program files (x86)/atmel/studio/7.0/toolchain/arm/arm-gnu-toolchain/bin/../lib/gcc/arm-none-eabi/6.3.1/../../../../arm-none-eabi/lib/thumb/v7e-m\libc.a(lib_a-atexit.o)
 .ARM.attributes
                0x000005ca       0x2e c:/program files (x86)/atmel/studio/7.0/toolchain/arm/arm-gnu-toolchain/bin/../lib/gcc/arm-none-eabi/6.3.1/../../../../arm-none-eabi/lib/thumb/v7e-m\libc.a(lib_a-dtoa.o)
 .ARM.attributes
                0x000005f8       0x2e c:/program files (x86)/atmel/studio/7.0/toolchain/arm/arm-gnu-toolchain/bin/../lib/gcc/arm-none-eabi/6.3.1/../../../../arm-none-eabi/lib/thumb/v7e-m\libc.a(lib_a-fflush.o)
 .ARM.attributes
                0x00000626       0x2e c:/program files (x86)/atmel/studio/7.0/toolchain/arm/arm-gnu-toolchain/bin/../lib/gcc/arm-none-eabi/6.3.1/../../../../arm-none-eabi/lib/thumb/v7e-m\libc.a(lib_a-findfp.o)
 .ARM.attributes
                0x00000654       0x2e c:/program files (x86)/atmel/studio/7.0/toolchain/arm/arm-gnu-toolchain/bin/../lib/gcc/arm-none-eabi/6.3.1/../../../../arm-none-eabi/lib/thumb/v7e-m\libc.a(lib_a-fini.o)
 .ARM.attributes
                0x00000682       0x2e c:/program files (x86)/atmel/studio/7.0/toolchain/arm/arm-gnu-toolchain/bin/../lib/gcc/arm-none-eabi/6.3.1/../../../../arm-none-eabi/lib/thumb/v7e-m\libc.a(lib_a-freer.o)
 .ARM.attributes
                0x000006b0       0x2e c:/program files (x86)/atmel/studio/7.0/toolchain/arm/arm-gnu-toolchain/bin/../lib/gcc/arm-none-eabi/6.3.1/../../../../arm-none-eabi/lib/thumb/v7e-m\libc.a(lib_a-fvwrite.o)
 .ARM.attributes
                0x000006de       0x2e c:/program files (x86)/atmel/studio/7.0/toolchain/arm/arm-gnu-toolchain/bin/../lib/gcc/arm-none-eabi/6.3.1/../../../../arm-none-eabi/lib/thumb/v7e-m\libc.a(lib_a-fwalk.o)
 .ARM.attributes
                0x0000070c       0x2e c:/program files (x86)/atmel/studio/7.0/toolchain/arm/arm-gnu-toolchain/bin/../lib/gcc/arm-none-eabi/6.3.1/../../../../arm-none-eabi/lib/thumb/v7e-m\libc.a(lib_a-localeconv.o)
 .ARM.attributes
                0x0000073a       0x2e c:/program files (x86)/atmel/studio/7.0/toolchain/arm/arm-gnu-toolchain/bin/../lib/gcc/arm-none-eabi/6.3.1/../../../../arm-none-eabi/lib/thumb/v7e-m\libc.a(lib_a-lock.o)
 .ARM.attributes
                0x00000768       0x2e c:/program files (x86)/atmel/studio/7.0/toolchain/arm/arm-gnu-toolchain/bin/../lib/gcc/arm-none-eabi/6.3.1/../../../../arm-none-eabi/lib/thumb/v7e-m\libc.a(lib_a-makebuf.o)
 .ARM.attributes
                0x00000796       0x2e c:/program files (x86)/atmel/studio/7.0/toolchain/arm/arm-gnu-toolchain/bin/../lib/gcc/arm-none-eabi/6.3.1/../../../../arm-none-eabi/lib/thumb/v7e-m\libc.a(lib_a-malloc.o)
 .ARM.attributes
                0x000007c4       0x2e c:/program files (x86)/atmel/studio/7.0/toolchain/arm/arm-gnu-toolchain/bin/../lib/gcc/arm-none-eabi/6.3.1/../../../../arm-none-eabi/lib/thumb/v7e-m\libc.a(lib_a-mallocr.o)
 .ARM.attributes
                0x000007f2       0x1c c:/program files (x86)/atmel/studio/7.0/toolchain/arm/arm-gnu-toolchain/bin/../lib/gcc/arm-none-eabi/6.3.1/../../../../arm-none-eabi/lib/thumb/v7e-m\libc.a(lib_a-memchr.o)
 .ARM.attributes
                0x0000080e       0x1c c:/program files (x86)/atmel/studio/7.0/toolchain/arm/arm-gnu-toolchain/bin/../lib/gcc/arm-none-eabi/6.3.1/../../../../arm-none-eabi/lib/thumb/v7e-m\libc.a(lib_a-memcpy.o)
 .ARM.attributes
                0x0000082a       0x2e c:/program files (x86)/atmel/studio/7.0/toolchain/arm/arm-gnu-toolchain/bin/../lib/gcc/arm-none-eabi/6.3.1/../../../../arm-none-eabi/lib/thumb/v7e-m\libc.a(lib_a-memmove.o)
 .ARM.attributes
                0x00000858       0x2e c:/program files (x86)/atmel/studio/7.0/toolchain/arm/arm-gnu-toolchain/bin/../lib/gcc/arm-none-eabi/6.3.1/../../../../arm-none-eabi/lib/thumb/v7e-m\libc.a(lib_a-mlock.o)
 .ARM.attributes
                0x00000886       0x2e c:/program files (x86)/atmel/studio/7.0/toolchain/arm/arm-gnu-toolchain/bin/../lib/gcc/arm-none-eabi/6.3.1/../../../../arm-none-eabi/lib/thumb/v7e-m\libc.a(lib_a-mprec.o)
 .ARM.attributes
                0x000008b4       0x2e c:/program files (x86)/atmel/studio/7.0/toolchain/arm/arm-gnu-toolchain/bin/../lib/gcc/arm-none-eabi/6.3.1/../../../../arm-none-eabi/lib/thumb/v7e-m\libc.a(lib_a-reallocr.o)
 .ARM.attributes
                0x000008e2       0x2e c:/program files (x86)/atmel/studio/7.0/toolchain/arm/arm-gnu-toolchain/bin/../lib/gcc/arm-none-eabi/6.3.1/../../../../arm-none-eabi/lib/thumb/v7e-m\libc.a(lib_a-sbrkr.o)
 .ARM.attributes
                0x00000910       0x2e c:/program files (x86)/atmel/studio/7.0/toolchain/arm/arm-gnu-toolchain/bin/../lib/gcc/arm-none-eabi/6.3.1/../../../../arm-none-eabi/lib/thumb/v7e-m\libc.a(lib_a-stdio.o)
 .ARM.attributes
                0x0000093e       0x2e c:/program files (x86)/atmel/studio/7.0/toolchain/arm/arm-gnu-toolchain/bin/../lib/gcc/arm-none-eabi/6.3.1/../../../../arm-none-eabi/lib/thumb/v7e-m\libc.a(lib_a-svfiprintf.o)
 .ARM.attributes
                0x0000096c       0x2e c:/program files (x86)/atmel/studio/7.0/toolchain/arm/arm-gnu-toolchain/bin/../lib/gcc/arm-none-eabi/6.3.1/../../../../arm-none-eabi/lib/thumb/v7e-m\libc.a(lib_a-writer.o)
 .ARM.attributes
                0x0000099a       0x2e c:/program files (x86)/atmel/studio/7.0/toolchain/arm/arm-gnu-toolchain/bin/../lib/gcc/arm-none-eabi/6.3.1/../../../../arm-none-eabi/lib/thumb/v7e-m\libc.a(lib_a-wsetup.o)
 .ARM.attributes
                0x000009c8       0x2e c:/program files (x86)/atmel/studio/7.0/toolchain/arm/arm-gnu-toolchain/bin/../lib/gcc/arm-none-eabi/6.3.1/../../../../arm-none-eabi/lib/thumb/v7e-m\libc.a(lib_a-__atexit.o)
 .ARM.attributes
                0x000009f6       0x2e c:/program files (x86)/atmel/studio/7.0/toolchain/arm/arm-gnu-toolchain/bin/../lib/gcc/arm-none-eabi/6.3.1/../../../../arm-none-eabi/lib/thumb/v7e-m\libc.a(lib_a-callocr.o)
 .ARM.attributes
                0x00000a24       0x2e c:/program files (x86)/atmel/studio/7.0/toolchain/arm/arm-gnu-toolchain/bin/../lib/gcc/arm-none-eabi/6.3.1/../../../../arm-none-eabi/lib/thumb/v7e-m\libc.a(lib_a-closer.o)
 .ARM.attributes
                0x00000a52       0x2e c:/program files (x86)/atmel/studio/7.0/toolchain/arm/arm-gnu-toolchain/bin/../lib/gcc/arm-none-eabi/6.3.1/../../../../arm-none-eabi/lib/thumb/v7e-m\libc.a(lib_a-fclose.o)
 .ARM.attributes
                0x00000a80       0x2e c:/program files (x86)/atmel/studio/7.0/toolchain/arm/arm-gnu-toolchain/bin/../lib/gcc/arm-none-eabi/6.3.1/../../../../arm-none-eabi/lib/thumb/v7e-m\libc.a(lib_a-fstatr.o)
 .ARM.attributes
                0x00000aae       0x2e c:/program files (x86)/atmel/studio/7.0/toolchain/arm/arm-gnu-toolchain/bin/../lib/gcc/arm-none-eabi/6.3.1/../../../../arm-none-eabi/lib/thumb/v7e-m\libc.a(lib_a-isattyr.o)
 .ARM.attributes
                0x00000adc       0x2e c:/program files (x86)/atmel/studio/7.0/toolchain/arm/arm-gnu-toolchain/bin/../lib/gcc/arm-none-eabi/6.3.1/../../../../arm-none-eabi/lib/thumb/v7e-m\libc.a(lib_a-locale.o)
 .ARM.attributes
                0x00000b0a       0x2e c:/program files (x86)/atmel/studio/7.0/toolchain/arm/arm-gnu-toolchain/bin/../lib/gcc/arm-none-eabi/6.3.1/../../../../arm-none-eabi/lib/thumb/v7e-m\libc.a(lib_a-lseekr.o)
 .ARM.attributes
                0x00000b38       0x2e c:/program files (x86)/atmel/studio/7.0/toolchain/arm/arm-gnu-toolchain/bin/../lib/gcc/arm-none-eabi/6.3.1/../../../../arm-none-eabi/lib/thumb/v7e-m\libc.a(lib_a-mbtowc_r.o)
 .ARM.attributes
                0x00000b66       0x2e c:/program files (x86)/atmel/studio/7.0/toolchain/arm/arm-gnu-toolchain/bin/../lib/gcc/arm-none-eabi/6.3.1/../../../../arm-none-eabi/lib/thumb/v7e-m\libc.a(lib_a-readr.o)
 .ARM.attributes
                0x00000b94       0x2e c:/program files (x86)/atmel/studio/7.0/toolchain/arm/arm-gnu-toolchain/bin/../lib/gcc/arm-none-eabi/6.3.1/../../../../arm-none-eabi/lib/thumb/v7e-m\libc.a(lib_a-reent.o)
 .ARM.attributes
                0x00000bc2       0x2e c:/program files (x86)/atmel/studio/7.0/toolchain/arm/arm-gnu-toolchain/bin/../lib/gcc/arm-none-eabi/6.3.1/../../../../arm-none-eabi/lib/thumb/v7e-m\libc.a(lib_a-wctomb_r.o)
 .ARM.attributes
                0x00000bf0       0x2e c:/program files (x86)/atmel/studio/7.0/toolchain/arm/arm-gnu-toolchain/bin/../lib/gcc/arm-none-eabi/6.3.1/../../../../arm-none-eabi/lib/thumb/v7e-m\libc.a(lib_a-ctype_.o)
 .ARM.attributes
                0x00000c1e       0x1e c:/program files (x86)/atmel/studio/7.0/toolchain/arm/arm-gnu-toolchain/bin/../lib/gcc/arm-none-eabi/6.3.1/thumb/v7e-m\libgcc.a(_arm_addsubdf3.o)
 .ARM.attributes
                0x00000c3c       0x1e c:/program files (x86)/atmel/studio/7.0/toolchain/arm/arm-gnu-toolchain/bin/../lib/gcc/arm-none-eabi/6.3.1/thumb/v7e-m\libgcc.a(_arm_muldivdf3.o)
 .ARM.attributes
                0x00000c5a       0x1e c:/program files (x86)/atmel/studio/7.0/toolchain/arm/arm-gnu-toolchain/bin/../lib/gcc/arm-none-eabi/6.3.1/thumb/v7e-m\libgcc.a(_arm_cmpdf2.o)
 .ARM.attributes
                0x00000c78       0x1e c:/program files (x86)/atmel/studio/7.0/toolchain/arm/arm-gnu-toolchain/bin/../lib/gcc/arm-none-eabi/6.3.1/thumb/v7e-m\libgcc.a(_arm_unorddf2.o)
 .ARM.attributes
                0x00000c96       0x1e c:/program files (x86)/atmel/studio/7.0/toolchain/arm/arm-gnu-toolchain/bin/../lib/gcc/arm-none-eabi/6.3.1/thumb/v7e-m\libgcc.a(_arm_fixdfsi.o)
 .ARM.attributes
                0x00000cb4       0x1e c:/program files (x86)/atmel/studio/7.0/toolchain/arm/arm-gnu-toolchain/bin/../lib/gcc/arm-none-eabi/6.3.1/thumb/v7e-m\libgcc.a(_aeabi_uldivmod.o)
 .ARM.attributes
                0x00000cd2       0x2e c:/program files (x86)/atmel/studio/7.0/toolchain/arm/arm-gnu-toolchain/bin/../lib/gcc/arm-none-eabi/6.3.1/thumb/v7e-m\libgcc.a(_udivmoddi4.o)
 .ARM.attributes
                0x00000d00       0x1e c:/program files (x86)/atmel/studio/7.0/toolchain/arm/arm-gnu-toolchain/bin/../lib/gcc/arm-none-eabi/6.3.1/thumb/v7e-m\libgcc.a(_dvmd_tls.o)
 .ARM.attributes
                0x00000d1e       0x1e c:/program files (x86)/atmel/studio/7.0/toolchain/arm/arm-gnu-toolchain/bin/../lib/gcc/arm-none-eabi/6.3.1/thumb/v7e-m/crtn.o

.comment        0x00000000       0x59
 .comment       0x00000000       0x59 src/ASF/common/services/delay/sam/cycle_counter.o
                                 0x5a (size before relaxing)
 .comment       0x00000059       0x5a src/ASF/common/utils/stdio/read.o
 .comment       0x00000059       0x5a src/ASF/common/utils/stdio/write.o
 .comment       0x00000059       0x5a src/ASF/sam/components/display/aat31xx/aat31xx.o
 .comment       0x00000059       0x5a src/ASF/sam/components/display/ili93xx/ili93xx.o
 .comment       0x00000059       0x5a src/ASF/sam/drivers/ebi/smc/smc.o
 .comment       0x00000059       0x5a src/ASF/sam/drivers/twi/twi.o
 .comment       0x00000059       0x5a src/ASF/common/services/clock/sam4s/sysclk.o
 .comment       0x00000059       0x5a src/ASF/sam/boards/sam4s_ek2/init.o
 .comment       0x00000059       0x5a src/ASF/sam/drivers/pio/pio.o
 .comment       0x00000059       0x5a src/ASF/sam/drivers/pio/pio_handler.o
 .comment       0x00000059       0x5a src/ASF/sam/drivers/pmc/pmc.o
 .comment       0x00000059       0x5a src/ASF/sam/drivers/uart/uart.o
 .comment       0x00000059       0x5a src/ASF/sam/drivers/usart/usart.o
 .comment       0x00000059       0x5a src/ASF/sam/utils/cmsis/sam4s/source/templates/gcc/startup_sam4s.o
 .comment       0x00000059       0x5a src/ASF/sam/utils/cmsis/sam4s/source/templates/system_sam4s.o
 .comment       0x00000059       0x5a src/ASF/sam/utils/syscalls/gcc/syscalls.o
 .comment       0x00000059       0x5a src/main.o

.debug_info     0x00000000    0x167bc
 .debug_info    0x00000000      0xa45 src/ASF/common/services/delay/sam/cycle_counter.o
 .debug_info    0x00000a45      0xac9 src/ASF/common/utils/stdio/read.o
 .debug_info    0x0000150e      0xac6 src/ASF/common/utils/stdio/write.o
 .debug_info    0x00001fd4     0x11b8 src/ASF/sam/components/display/aat31xx/aat31xx.o
 .debug_info    0x0000318c     0x343e src/ASF/sam/components/display/ili93xx/ili93xx.o
 .debug_info    0x000065ca      0xcee src/ASF/sam/drivers/ebi/smc/smc.o
 .debug_info    0x000072b8     0x142c src/ASF/sam/drivers/twi/twi.o
 .debug_info    0x000086e4     0x10fa src/ASF/common/services/clock/sam4s/sysclk.o
 .debug_info    0x000097de     0x1472 src/ASF/sam/boards/sam4s_ek2/init.o
 .debug_info    0x0000ac50     0x221d src/ASF/sam/drivers/pio/pio.o
 .debug_info    0x0000ce6d     0x18e2 src/ASF/sam/drivers/pio/pio_handler.o
 .debug_info    0x0000e74f     0x19e5 src/ASF/sam/drivers/pmc/pmc.o
 .debug_info    0x00010134     0x1178 src/ASF/sam/drivers/uart/uart.o
 .debug_info    0x000112ac     0x2060 src/ASF/sam/drivers/usart/usart.o
 .debug_info    0x0001330c      0x6eb src/ASF/sam/utils/cmsis/sam4s/source/templates/gcc/startup_sam4s.o
 .debug_info    0x000139f7      0x458 src/ASF/sam/utils/cmsis/sam4s/source/templates/system_sam4s.o
 .debug_info    0x00013e4f      0xdb0 src/ASF/sam/utils/syscalls/gcc/syscalls.o
 .debug_info    0x00014bff     0x1bbd src/main.o

.debug_abbrev   0x00000000     0x3147
 .debug_abbrev  0x00000000      0x1b3 src/ASF/common/services/delay/sam/cycle_counter.o
 .debug_abbrev  0x000001b3      0x1fe src/ASF/common/utils/stdio/read.o
 .debug_abbrev  0x000003b1      0x1e9 src/ASF/common/utils/stdio/write.o
 .debug_abbrev  0x0000059a      0x2cc src/ASF/sam/components/display/aat31xx/aat31xx.o
 .debug_abbrev  0x00000866      0x447 src/ASF/sam/components/display/ili93xx/ili93xx.o
 .debug_abbrev  0x00000cad      0x205 src/ASF/sam/drivers/ebi/smc/smc.o
 .debug_abbrev  0x00000eb2      0x371 src/ASF/sam/drivers/twi/twi.o
 .debug_abbrev  0x00001223      0x311 src/ASF/common/services/clock/sam4s/sysclk.o
 .debug_abbrev  0x00001534      0x26f src/ASF/sam/boards/sam4s_ek2/init.o
 .debug_abbrev  0x000017a3      0x3ff src/ASF/sam/drivers/pio/pio.o
 .debug_abbrev  0x00001ba2      0x368 src/ASF/sam/drivers/pio/pio_handler.o
 .debug_abbrev  0x00001f0a      0x315 src/ASF/sam/drivers/pmc/pmc.o
 .debug_abbrev  0x0000221f      0x288 src/ASF/sam/drivers/uart/uart.o
 .debug_abbrev  0x000024a7      0x406 src/ASF/sam/drivers/usart/usart.o
 .debug_abbrev  0x000028ad      0x17c src/ASF/sam/utils/cmsis/sam4s/source/templates/gcc/startup_sam4s.o
 .debug_abbrev  0x00002a29      0x102 src/ASF/sam/utils/cmsis/sam4s/source/templates/system_sam4s.o
 .debug_abbrev  0x00002b2b      0x264 src/ASF/sam/utils/syscalls/gcc/syscalls.o
 .debug_abbrev  0x00002d8f      0x3b8 src/main.o

.debug_aranges  0x00000000      0xb58
 .debug_aranges
                0x00000000       0x20 src/ASF/common/services/delay/sam/cycle_counter.o
 .debug_aranges
                0x00000020       0x20 src/ASF/common/utils/stdio/read.o
 .debug_aranges
                0x00000040       0x20 src/ASF/common/utils/stdio/write.o
 .debug_aranges
                0x00000060       0x28 src/ASF/sam/components/display/aat31xx/aat31xx.o
 .debug_aranges
                0x00000088      0x170 src/ASF/sam/components/display/ili93xx/ili93xx.o
 .debug_aranges
                0x000001f8       0x50 src/ASF/sam/drivers/ebi/smc/smc.o
 .debug_aranges
                0x00000248       0xc8 src/ASF/sam/drivers/twi/twi.o
 .debug_aranges
                0x00000310       0x30 src/ASF/common/services/clock/sam4s/sysclk.o
 .debug_aranges
                0x00000340       0x20 src/ASF/sam/boards/sam4s_ek2/init.o
 .debug_aranges
                0x00000360      0x1a8 src/ASF/sam/drivers/pio/pio.o
 .debug_aranges
                0x00000508       0x58 src/ASF/sam/drivers/pio/pio_handler.o
 .debug_aranges
                0x00000560      0x208 src/ASF/sam/drivers/pmc/pmc.o
 .debug_aranges
                0x00000768       0xe8 src/ASF/sam/drivers/uart/uart.o
 .debug_aranges
                0x00000850      0x210 src/ASF/sam/drivers/usart/usart.o
 .debug_aranges
                0x00000a60       0x28 src/ASF/sam/utils/cmsis/sam4s/source/templates/gcc/startup_sam4s.o
 .debug_aranges
                0x00000a88       0x30 src/ASF/sam/utils/cmsis/sam4s/source/templates/system_sam4s.o
 .debug_aranges
                0x00000ab8       0x60 src/ASF/sam/utils/syscalls/gcc/syscalls.o
 .debug_aranges
                0x00000b18       0x40 src/main.o

.debug_ranges   0x00000000      0xb70
 .debug_ranges  0x00000000       0x10 src/ASF/common/services/delay/sam/cycle_counter.o
 .debug_ranges  0x00000010       0x10 src/ASF/common/utils/stdio/read.o
 .debug_ranges  0x00000020       0x10 src/ASF/common/utils/stdio/write.o
 .debug_ranges  0x00000030       0x30 src/ASF/sam/components/display/aat31xx/aat31xx.o
 .debug_ranges  0x00000060      0x250 src/ASF/sam/components/display/ili93xx/ili93xx.o
 .debug_ranges  0x000002b0       0x40 src/ASF/sam/drivers/ebi/smc/smc.o
 .debug_ranges  0x000002f0       0xb8 src/ASF/sam/drivers/twi/twi.o
 .debug_ranges  0x000003a8       0x20 src/ASF/common/services/clock/sam4s/sysclk.o
 .debug_ranges  0x000003c8       0x10 src/ASF/sam/boards/sam4s_ek2/init.o
 .debug_ranges  0x000003d8      0x1b0 src/ASF/sam/drivers/pio/pio.o
 .debug_ranges  0x00000588       0x60 src/ASF/sam/drivers/pio/pio_handler.o
 .debug_ranges  0x000005e8      0x1f8 src/ASF/sam/drivers/pmc/pmc.o
 .debug_ranges  0x000007e0       0xd8 src/ASF/sam/drivers/uart/uart.o
 .debug_ranges  0x000008b8      0x200 src/ASF/sam/drivers/usart/usart.o
 .debug_ranges  0x00000ab8       0x18 src/ASF/sam/utils/cmsis/sam4s/source/templates/gcc/startup_sam4s.o
 .debug_ranges  0x00000ad0       0x20 src/ASF/sam/utils/cmsis/sam4s/source/templates/system_sam4s.o
 .debug_ranges  0x00000af0       0x50 src/ASF/sam/utils/syscalls/gcc/syscalls.o
 .debug_ranges  0x00000b40       0x30 src/main.o

.debug_macro    0x00000000    0x151ad
 .debug_macro   0x00000000      0x533 src/ASF/common/services/delay/sam/cycle_counter.o
 .debug_macro   0x00000533      0x8ce src/ASF/common/services/delay/sam/cycle_counter.o
 .debug_macro   0x00000e01      0x16d src/ASF/common/services/delay/sam/cycle_counter.o
 .debug_macro   0x00000f6e      0x652 src/ASF/common/services/delay/sam/cycle_counter.o
 .debug_macro   0x000015c0       0x76 src/ASF/common/services/delay/sam/cycle_counter.o
 .debug_macro   0x00001636       0x16 src/ASF/common/services/delay/sam/cycle_counter.o
 .debug_macro   0x0000164c      0x6e4 src/ASF/common/services/delay/sam/cycle_counter.o
 .debug_macro   0x00001d30       0x22 src/ASF/common/services/delay/sam/cycle_counter.o
 .debug_macro   0x00001d52       0x87 src/ASF/common/services/delay/sam/cycle_counter.o
 .debug_macro   0x00001dd9       0x51 src/ASF/common/services/delay/sam/cycle_counter.o
 .debug_macro   0x00001e2a       0xef src/ASF/common/services/delay/sam/cycle_counter.o
 .debug_macro   0x00001f19       0x6a src/ASF/common/services/delay/sam/cycle_counter.o
 .debug_macro   0x00001f83      0x1df src/ASF/common/services/delay/sam/cycle_counter.o
 .debug_macro   0x00002162       0x27 src/ASF/common/services/delay/sam/cycle_counter.o
 .debug_macro   0x00002189       0x3b src/ASF/common/services/delay/sam/cycle_counter.o
 .debug_macro   0x000021c4       0x2d src/ASF/common/services/delay/sam/cycle_counter.o
 .debug_macro   0x000021f1       0x26 src/ASF/common/services/delay/sam/cycle_counter.o
 .debug_macro   0x00002217      0xbbf src/ASF/common/services/delay/sam/cycle_counter.o
 .debug_macro   0x00002dd6      0x159 src/ASF/common/services/delay/sam/cycle_counter.o
 .debug_macro   0x00002f2f      0xaaf src/ASF/common/services/delay/sam/cycle_counter.o
 .debug_macro   0x000039de      0x284 src/ASF/common/services/delay/sam/cycle_counter.o
 .debug_macro   0x00003c62      0x11e src/ASF/common/services/delay/sam/cycle_counter.o
 .debug_macro   0x00003d80       0xac src/ASF/common/services/delay/sam/cycle_counter.o
 .debug_macro   0x00003e2c      0x401 src/ASF/common/services/delay/sam/cycle_counter.o
 .debug_macro   0x0000422d      0x106 src/ASF/common/services/delay/sam/cycle_counter.o
 .debug_macro   0x00004333       0x1c src/ASF/common/services/delay/sam/cycle_counter.o
 .debug_macro   0x0000434f      0x738 src/ASF/common/services/delay/sam/cycle_counter.o
 .debug_macro   0x00004a87      0x2d2 src/ASF/common/services/delay/sam/cycle_counter.o
 .debug_macro   0x00004d59       0xbe src/ASF/common/services/delay/sam/cycle_counter.o
 .debug_macro   0x00004e17     0x280b src/ASF/common/services/delay/sam/cycle_counter.o
 .debug_macro   0x00007622      0x777 src/ASF/common/services/delay/sam/cycle_counter.o
 .debug_macro   0x00007d99      0xa8e src/ASF/common/services/delay/sam/cycle_counter.o
 .debug_macro   0x00008827       0x9a src/ASF/common/services/delay/sam/cycle_counter.o
 .debug_macro   0x000088c1      0x3d8 src/ASF/common/services/delay/sam/cycle_counter.o
 .debug_macro   0x00008c99       0x64 src/ASF/common/services/delay/sam/cycle_counter.o
 .debug_macro   0x00008cfd      0x1ae src/ASF/common/services/delay/sam/cycle_counter.o
 .debug_macro   0x00008eab      0x386 src/ASF/common/services/delay/sam/cycle_counter.o
 .debug_macro   0x00009231      0x624 src/ASF/common/services/delay/sam/cycle_counter.o
 .debug_macro   0x00009855      0x690 src/ASF/common/services/delay/sam/cycle_counter.o
 .debug_macro   0x00009ee5      0x59f src/ASF/common/services/delay/sam/cycle_counter.o
 .debug_macro   0x0000a484      0x34d src/ASF/common/services/delay/sam/cycle_counter.o
 .debug_macro   0x0000a7d1      0x28c src/ASF/common/services/delay/sam/cycle_counter.o
 .debug_macro   0x0000aa5d      0x2d6 src/ASF/common/services/delay/sam/cycle_counter.o
 .debug_macro   0x0000ad33      0x6d9 src/ASF/common/services/delay/sam/cycle_counter.o
 .debug_macro   0x0000b40c       0x76 src/ASF/common/services/delay/sam/cycle_counter.o
 .debug_macro   0x0000b482       0xb8 src/ASF/common/services/delay/sam/cycle_counter.o
 .debug_macro   0x0000b53a       0xb2 src/ASF/common/services/delay/sam/cycle_counter.o
 .debug_macro   0x0000b5ec       0x88 src/ASF/common/services/delay/sam/cycle_counter.o
 .debug_macro   0x0000b674      0x105 src/ASF/common/services/delay/sam/cycle_counter.o
 .debug_macro   0x0000b779      0x105 src/ASF/common/services/delay/sam/cycle_counter.o
 .debug_macro   0x0000b87e       0x88 src/ASF/common/services/delay/sam/cycle_counter.o
 .debug_macro   0x0000b906       0x88 src/ASF/common/services/delay/sam/cycle_counter.o
 .debug_macro   0x0000b98e      0x2cd src/ASF/common/services/delay/sam/cycle_counter.o
 .debug_macro   0x0000bc5b       0xb2 src/ASF/common/services/delay/sam/cycle_counter.o
 .debug_macro   0x0000bd0d       0xb2 src/ASF/common/services/delay/sam/cycle_counter.o
 .debug_macro   0x0000bdbf       0x52 src/ASF/common/services/delay/sam/cycle_counter.o
 .debug_macro   0x0000be11       0xac src/ASF/common/services/delay/sam/cycle_counter.o
 .debug_macro   0x0000bebd       0x7c src/ASF/common/services/delay/sam/cycle_counter.o
 .debug_macro   0x0000bf39       0x40 src/ASF/common/services/delay/sam/cycle_counter.o
 .debug_macro   0x0000bf79       0x64 src/ASF/common/services/delay/sam/cycle_counter.o
 .debug_macro   0x0000bfdd       0x46 src/ASF/common/services/delay/sam/cycle_counter.o
 .debug_macro   0x0000c023       0x88 src/ASF/common/services/delay/sam/cycle_counter.o
 .debug_macro   0x0000c0ab       0x4c src/ASF/common/services/delay/sam/cycle_counter.o
 .debug_macro   0x0000c0f7       0xa6 src/ASF/common/services/delay/sam/cycle_counter.o
 .debug_macro   0x0000c19d       0x7c src/ASF/common/services/delay/sam/cycle_counter.o
 .debug_macro   0x0000c219       0x16 src/ASF/common/services/delay/sam/cycle_counter.o
 .debug_macro   0x0000c22f       0x7c src/ASF/common/services/delay/sam/cycle_counter.o
 .debug_macro   0x0000c2ab       0x22 src/ASF/common/services/delay/sam/cycle_counter.o
 .debug_macro   0x0000c2cd       0x22 src/ASF/common/services/delay/sam/cycle_counter.o
 .debug_macro   0x0000c2ef      0x195 src/ASF/common/services/delay/sam/cycle_counter.o
 .debug_macro   0x0000c484      0x165 src/ASF/common/services/delay/sam/cycle_counter.o
 .debug_macro   0x0000c5e9      0x165 src/ASF/common/services/delay/sam/cycle_counter.o
 .debug_macro   0x0000c74e       0x1c src/ASF/common/services/delay/sam/cycle_counter.o
 .debug_macro   0x0000c76a       0x2e src/ASF/common/services/delay/sam/cycle_counter.o
 .debug_macro   0x0000c798       0x22 src/ASF/common/services/delay/sam/cycle_counter.o
 .debug_macro   0x0000c7ba       0x1c src/ASF/common/services/delay/sam/cycle_counter.o
 .debug_macro   0x0000c7d6       0x52 src/ASF/common/services/delay/sam/cycle_counter.o
 .debug_macro   0x0000c828       0x10 src/ASF/common/services/delay/sam/cycle_counter.o
 .debug_macro   0x0000c838      0x234 src/ASF/common/services/delay/sam/cycle_counter.o
 .debug_macro   0x0000ca6c      0x938 src/ASF/common/services/delay/sam/cycle_counter.o
 .debug_macro   0x0000d3a4      0x12a src/ASF/common/services/delay/sam/cycle_counter.o
 .debug_macro   0x0000d4ce       0x58 src/ASF/common/services/delay/sam/cycle_counter.o
 .debug_macro   0x0000d526       0x35 src/ASF/common/services/delay/sam/cycle_counter.o
 .debug_macro   0x0000d55b       0x9c src/ASF/common/services/delay/sam/cycle_counter.o
 .debug_macro   0x0000d5f7       0x16 src/ASF/common/services/delay/sam/cycle_counter.o
 .debug_macro   0x0000d60d       0x35 src/ASF/common/services/delay/sam/cycle_counter.o
 .debug_macro   0x0000d642      0x353 src/ASF/common/services/delay/sam/cycle_counter.o
 .debug_macro   0x0000d995       0x10 src/ASF/common/services/delay/sam/cycle_counter.o
 .debug_macro   0x0000d9a5       0x58 src/ASF/common/services/delay/sam/cycle_counter.o
 .debug_macro   0x0000d9fd       0x1f src/ASF/common/services/delay/sam/cycle_counter.o
 .debug_macro   0x0000da1c       0x43 src/ASF/common/services/delay/sam/cycle_counter.o
 .debug_macro   0x0000da5f       0x20 src/ASF/common/services/delay/sam/cycle_counter.o
 .debug_macro   0x0000da7f      0x187 src/ASF/common/services/delay/sam/cycle_counter.o
 .debug_macro   0x0000dc06       0x10 src/ASF/common/services/delay/sam/cycle_counter.o
 .debug_macro   0x0000dc16       0x1c src/ASF/common/services/delay/sam/cycle_counter.o
 .debug_macro   0x0000dc32       0x52 src/ASF/common/services/delay/sam/cycle_counter.o
 .debug_macro   0x0000dc84       0x40 src/ASF/common/services/delay/sam/cycle_counter.o
 .debug_macro   0x0000dcc4       0x10 src/ASF/common/services/delay/sam/cycle_counter.o
 .debug_macro   0x0000dcd4       0x40 src/ASF/common/services/delay/sam/cycle_counter.o
 .debug_macro   0x0000dd14       0xd7 src/ASF/common/services/delay/sam/cycle_counter.o
 .debug_macro   0x0000ddeb       0x16 src/ASF/common/services/delay/sam/cycle_counter.o
 .debug_macro   0x0000de01      0x18b src/ASF/common/services/delay/sam/cycle_counter.o
 .debug_macro   0x0000df8c       0x22 src/ASF/common/services/delay/sam/cycle_counter.o
 .debug_macro   0x0000dfae       0x16 src/ASF/common/services/delay/sam/cycle_counter.o
 .debug_macro   0x0000dfc4       0x16 src/ASF/common/services/delay/sam/cycle_counter.o
 .debug_macro   0x0000dfda       0x29 src/ASF/common/services/delay/sam/cycle_counter.o
 .debug_macro   0x0000e003       0x75 src/ASF/common/services/delay/sam/cycle_counter.o
 .debug_macro   0x0000e078       0x3f src/ASF/common/services/delay/sam/cycle_counter.o
 .debug_macro   0x0000e0b7      0x3ca src/ASF/common/services/delay/sam/cycle_counter.o
 .debug_macro   0x0000e481       0x22 src/ASF/common/services/delay/sam/cycle_counter.o
 .debug_macro   0x0000e4a3      0x524 src/ASF/common/utils/stdio/read.o
 .debug_macro   0x0000e9c7      0x524 src/ASF/common/utils/stdio/write.o
 .debug_macro   0x0000eeeb      0x5ec src/ASF/sam/components/display/aat31xx/aat31xx.o
 .debug_macro   0x0000f4d7      0x2b9 src/ASF/sam/components/display/aat31xx/aat31xx.o
 .debug_macro   0x0000f790       0x82 src/ASF/sam/components/display/aat31xx/aat31xx.o
 .debug_macro   0x0000f812       0x46 src/ASF/sam/components/display/aat31xx/aat31xx.o
 .debug_macro   0x0000f858       0x16 src/ASF/sam/components/display/aat31xx/aat31xx.o
 .debug_macro   0x0000f86e      0x596 src/ASF/sam/components/display/ili93xx/ili93xx.o
 .debug_macro   0x0000fe04       0x52 src/ASF/sam/components/display/ili93xx/ili93xx.o
 .debug_macro   0x0000fe56       0x8d src/ASF/sam/components/display/ili93xx/ili93xx.o
 .debug_macro   0x0000fee3       0x57 src/ASF/sam/components/display/ili93xx/ili93xx.o
 .debug_macro   0x0000ff3a       0x10 src/ASF/sam/components/display/ili93xx/ili93xx.o
 .debug_macro   0x0000ff4a       0x1c src/ASF/sam/components/display/ili93xx/ili93xx.o
 .debug_macro   0x0000ff66       0x16 src/ASF/sam/components/display/ili93xx/ili93xx.o
 .debug_macro   0x0000ff7c      0x14f src/ASF/sam/components/display/ili93xx/ili93xx.o
 .debug_macro   0x000100cb      0x287 src/ASF/sam/components/display/ili93xx/ili93xx.o
 .debug_macro   0x00010352      0x7ed src/ASF/sam/components/display/ili93xx/ili93xx.o
 .debug_macro   0x00010b3f      0x551 src/ASF/sam/drivers/ebi/smc/smc.o
 .debug_macro   0x00011090      0x55d src/ASF/sam/drivers/twi/twi.o
 .debug_macro   0x000115ed       0x46 src/ASF/sam/drivers/twi/twi.o
 .debug_macro   0x00011633      0x59e src/ASF/common/services/clock/sam4s/sysclk.o
 .debug_macro   0x00011bd1      0x5de src/ASF/sam/boards/sam4s_ek2/init.o
 .debug_macro   0x000121af       0x94 src/ASF/sam/boards/sam4s_ek2/init.o
 .debug_macro   0x00012243       0x40 src/ASF/sam/boards/sam4s_ek2/init.o
 .debug_macro   0x00012283      0x539 src/ASF/sam/drivers/pio/pio.o
 .debug_macro   0x000127bc       0x8e src/ASF/sam/drivers/pio/pio.o
 .debug_macro   0x0001284a      0x543 src/ASF/sam/drivers/pio/pio_handler.o
 .debug_macro   0x00012d8d      0x539 src/ASF/sam/drivers/pmc/pmc.o
 .debug_macro   0x000132c6       0x52 src/ASF/sam/drivers/pmc/pmc.o
 .debug_macro   0x00013318      0x533 src/ASF/sam/drivers/uart/uart.o
 .debug_macro   0x0001384b       0x16 src/ASF/sam/drivers/uart/uart.o
 .debug_macro   0x00013861      0x569 src/ASF/sam/drivers/usart/usart.o
 .debug_macro   0x00013dca       0x28 src/ASF/sam/drivers/usart/usart.o
 .debug_macro   0x00013df2      0x325 src/ASF/sam/utils/cmsis/sam4s/source/templates/gcc/startup_sam4s.o
 .debug_macro   0x00014117      0x32d src/ASF/sam/utils/cmsis/sam4s/source/templates/system_sam4s.o
 .debug_macro   0x00014444      0x1d6 src/ASF/sam/utils/syscalls/gcc/syscalls.o
 .debug_macro   0x0001461a       0x97 src/ASF/sam/utils/syscalls/gcc/syscalls.o
 .debug_macro   0x000146b1       0xf6 src/ASF/sam/utils/syscalls/gcc/syscalls.o
 .debug_macro   0x000147a7       0x4c src/ASF/sam/utils/syscalls/gcc/syscalls.o
 .debug_macro   0x000147f3       0x16 src/ASF/sam/utils/syscalls/gcc/syscalls.o
 .debug_macro   0x00014809       0x10 src/ASF/sam/utils/syscalls/gcc/syscalls.o
 .debug_macro   0x00014819       0x10 src/ASF/sam/utils/syscalls/gcc/syscalls.o
 .debug_macro   0x00014829       0x35 src/ASF/sam/utils/syscalls/gcc/syscalls.o
 .debug_macro   0x0001485e      0x122 src/ASF/sam/utils/syscalls/gcc/syscalls.o
 .debug_macro   0x00014980      0x6fe src/main.o
 .debug_macro   0x0001507e       0x28 src/main.o
 .debug_macro   0x000150a6       0x23 src/main.o
 .debug_macro   0x000150c9       0x88 src/main.o
 .debug_macro   0x00015151       0x10 src/main.o
 .debug_macro   0x00015161       0x4c src/main.o

.debug_line     0x00000000     0xde1c
 .debug_line    0x00000000      0xab6 src/ASF/common/services/delay/sam/cycle_counter.o
 .debug_line    0x00000ab6      0xab0 src/ASF/common/utils/stdio/read.o
 .debug_line    0x00001566      0xaa8 src/ASF/common/utils/stdio/write.o
 .debug_line    0x0000200e      0xcb4 src/ASF/sam/components/display/aat31xx/aat31xx.o
 .debug_line    0x00002cc2     0x12dc src/ASF/sam/components/display/ili93xx/ili93xx.o
 .debug_line    0x00003f9e      0xb5a src/ASF/sam/drivers/ebi/smc/smc.o
 .debug_line    0x00004af8      0xd14 src/ASF/sam/drivers/twi/twi.o
 .debug_line    0x0000580c      0xbe6 src/ASF/common/services/clock/sam4s/sysclk.o
 .debug_line    0x000063f2      0xcbf src/ASF/sam/boards/sam4s_ek2/init.o
 .debug_line    0x000070b1      0xf5f src/ASF/sam/drivers/pio/pio.o
 .debug_line    0x00008010      0xb7a src/ASF/sam/drivers/pio/pio_handler.o
 .debug_line    0x00008b8a     0x103b src/ASF/sam/drivers/pmc/pmc.o
 .debug_line    0x00009bc5      0xc63 src/ASF/sam/drivers/uart/uart.o
 .debug_line    0x0000a828     0x102c src/ASF/sam/drivers/usart/usart.o
 .debug_line    0x0000b854      0x88b src/ASF/sam/utils/cmsis/sam4s/source/templates/gcc/startup_sam4s.o
 .debug_line    0x0000c0df      0x8bd src/ASF/sam/utils/cmsis/sam4s/source/templates/system_sam4s.o
 .debug_line    0x0000c99c      0x40c src/ASF/sam/utils/syscalls/gcc/syscalls.o
 .debug_line    0x0000cda8     0x1074 src/main.o

.debug_str      0x00000000    0x5a21a
 .debug_str     0x00000000    0x4ab52 src/ASF/common/services/delay/sam/cycle_counter.o
                              0x4af21 (size before relaxing)
 .debug_str     0x0004ab52       0x3f src/ASF/common/utils/stdio/read.o
                              0x4ada6 (size before relaxing)
 .debug_str     0x0004ab91       0x2e src/ASF/common/utils/stdio/write.o
                              0x4ada7 (size before relaxing)
 .debug_str     0x0004abbf     0x5229 src/ASF/sam/components/display/aat31xx/aat31xx.o
                              0x4fff7 (size before relaxing)
 .debug_str     0x0004fde8     0x65e3 src/ASF/sam/components/display/ili93xx/ili93xx.o
                              0x5551e (size before relaxing)
 .debug_str     0x000563cb      0x19a src/ASF/sam/drivers/ebi/smc/smc.o
                              0x4f038 (size before relaxing)
 .debug_str     0x00056565      0x523 src/ASF/sam/drivers/twi/twi.o
                              0x4b2ec (size before relaxing)
 .debug_str     0x00056a88      0x382 src/ASF/common/services/clock/sam4s/sysclk.o
                              0x4fb7f (size before relaxing)
 .debug_str     0x00056e0a      0x6f4 src/ASF/sam/boards/sam4s_ek2/init.o
                              0x504dc (size before relaxing)
 .debug_str     0x000574fe      0x512 src/ASF/sam/drivers/pio/pio.o
                              0x4b9c1 (size before relaxing)
 .debug_str     0x00057a10      0x40b src/ASF/sam/drivers/pio/pio_handler.o
                              0x4b8ed (size before relaxing)
 .debug_str     0x00057e1b      0x622 src/ASF/sam/drivers/pmc/pmc.o
                              0x4b810 (size before relaxing)
 .debug_str     0x0005843d      0x32d src/ASF/sam/drivers/uart/uart.o
                              0x4b160 (size before relaxing)
 .debug_str     0x0005876a      0x949 src/ASF/sam/drivers/usart/usart.o
                              0x4b7a6 (size before relaxing)
 .debug_str     0x000590b3      0x435 src/ASF/sam/utils/cmsis/sam4s/source/templates/gcc/startup_sam4s.o
                              0x3b882 (size before relaxing)
 .debug_str     0x000594e8       0xb9 src/ASF/sam/utils/cmsis/sam4s/source/templates/system_sam4s.o
                              0x3b614 (size before relaxing)
 .debug_str     0x000595a1      0x768 src/ASF/sam/utils/syscalls/gcc/syscalls.o
                               0x7404 (size before relaxing)
 .debug_str     0x00059d09      0x511 src/main.o
                              0x56e7a (size before relaxing)

.debug_frame    0x00000000     0x2ac0
 .debug_frame   0x00000000       0x20 src/ASF/common/services/delay/sam/cycle_counter.o
 .debug_frame   0x00000020       0x30 src/ASF/common/utils/stdio/read.o
 .debug_frame   0x00000050       0x48 src/ASF/common/utils/stdio/write.o
 .debug_frame   0x00000098       0x50 src/ASF/sam/components/display/aat31xx/aat31xx.o
 .debug_frame   0x000000e8      0x4d0 src/ASF/sam/components/display/ili93xx/ili93xx.o
 .debug_frame   0x000005b8       0x80 src/ASF/sam/drivers/ebi/smc/smc.o
 .debug_frame   0x00000638      0x1d4 src/ASF/sam/drivers/twi/twi.o